Archive member included to satisfy reference by file (symbol)

/usr/lib/gcc/arm-none-eabi/14.2.0/thumb/v7e-m+fp/hard/libgcc.a(_arm_addsubdf3.o)
                              CMakeFiles/32Inverter.elf.dir/Core/Src/cli.c.obj (__aeabi_f2d)
/usr/lib/gcc/arm-none-eabi/14.2.0/../../../../arm-none-eabi/lib/thumb/v7e-m+fp/hard/libg.a(libc_a-atexit.o)
                              /usr/lib/gcc/arm-none-eabi/14.2.0/../../../../arm-none-eabi/lib/thumb/v7e-m+fp/hard/crt0.o (atexit)
/usr/lib/gcc/arm-none-eabi/14.2.0/../../../../arm-none-eabi/lib/thumb/v7e-m+fp/hard/libg.a(libc_a-exit.o)
                              /usr/lib/gcc/arm-none-eabi/14.2.0/../../../../arm-none-eabi/lib/thumb/v7e-m+fp/hard/crt0.o (exit)
/usr/lib/gcc/arm-none-eabi/14.2.0/../../../../arm-none-eabi/lib/thumb/v7e-m+fp/hard/libg.a(libc_a-findfp.o)
                              /usr/lib/gcc/arm-none-eabi/14.2.0/../../../../arm-none-eabi/lib/thumb/v7e-m+fp/hard/libg.a(libc_a-exit.o) (__stdio_exit_handler)
/usr/lib/gcc/arm-none-eabi/14.2.0/../../../../arm-none-eabi/lib/thumb/v7e-m+fp/hard/libg.a(libc_a-fwalk.o)
                              /usr/lib/gcc/arm-none-eabi/14.2.0/../../../../arm-none-eabi/lib/thumb/v7e-m+fp/hard/libg.a(libc_a-findfp.o) (_fwalk_sglue)
/usr/lib/gcc/arm-none-eabi/14.2.0/../../../../arm-none-eabi/lib/thumb/v7e-m+fp/hard/libg.a(libc_a-printf.o)
                              CMakeFiles/32Inverter.elf.dir/Core/Src/cli.c.obj (printf)
/usr/lib/gcc/arm-none-eabi/14.2.0/../../../../arm-none-eabi/lib/thumb/v7e-m+fp/hard/libg.a(libc_a-putchar.o)
                              CMakeFiles/32Inverter.elf.dir/Core/Src/oscilloscope.c.obj (putchar)
/usr/lib/gcc/arm-none-eabi/14.2.0/../../../../arm-none-eabi/lib/thumb/v7e-m+fp/hard/libg.a(libc_a-puts.o)
                              CMakeFiles/32Inverter.elf.dir/Core/Src/cli.c.obj (puts)
/usr/lib/gcc/arm-none-eabi/14.2.0/../../../../arm-none-eabi/lib/thumb/v7e-m+fp/hard/libg.a(libc_a-sscanf.o)
                              CMakeFiles/32Inverter.elf.dir/Core/Src/cli.c.obj (sscanf)
/usr/lib/gcc/arm-none-eabi/14.2.0/../../../../arm-none-eabi/lib/thumb/v7e-m+fp/hard/libg.a(libc_a-stdio.o)
                              /usr/lib/gcc/arm-none-eabi/14.2.0/../../../../arm-none-eabi/lib/thumb/v7e-m+fp/hard/libg.a(libc_a-findfp.o) (__sread)
/usr/lib/gcc/arm-none-eabi/14.2.0/../../../../arm-none-eabi/lib/thumb/v7e-m+fp/hard/libg.a(libc_a-memset.o)
                              /usr/lib/gcc/arm-none-eabi/14.2.0/../../../../arm-none-eabi/lib/thumb/v7e-m+fp/hard/crt0.o (memset)
/usr/lib/gcc/arm-none-eabi/14.2.0/../../../../arm-none-eabi/lib/thumb/v7e-m+fp/hard/libg.a(libc_a-closer.o)
                              /usr/lib/gcc/arm-none-eabi/14.2.0/../../../../arm-none-eabi/lib/thumb/v7e-m+fp/hard/libg.a(libc_a-stdio.o) (_close_r)
/usr/lib/gcc/arm-none-eabi/14.2.0/../../../../arm-none-eabi/lib/thumb/v7e-m+fp/hard/libg.a(libc_a-reent.o)
                              /usr/lib/gcc/arm-none-eabi/14.2.0/../../../../arm-none-eabi/lib/thumb/v7e-m+fp/hard/libg.a(libc_a-closer.o) (errno)
/usr/lib/gcc/arm-none-eabi/14.2.0/../../../../arm-none-eabi/lib/thumb/v7e-m+fp/hard/libg.a(libc_a-impure.o)
                              /usr/lib/gcc/arm-none-eabi/14.2.0/../../../../arm-none-eabi/lib/thumb/v7e-m+fp/hard/libg.a(libc_a-printf.o) (_impure_ptr)
/usr/lib/gcc/arm-none-eabi/14.2.0/../../../../arm-none-eabi/lib/thumb/v7e-m+fp/hard/libg.a(libc_a-lseekr.o)
                              /usr/lib/gcc/arm-none-eabi/14.2.0/../../../../arm-none-eabi/lib/thumb/v7e-m+fp/hard/libg.a(libc_a-stdio.o) (_lseek_r)
/usr/lib/gcc/arm-none-eabi/14.2.0/../../../../arm-none-eabi/lib/thumb/v7e-m+fp/hard/libg.a(libc_a-readr.o)
                              /usr/lib/gcc/arm-none-eabi/14.2.0/../../../../arm-none-eabi/lib/thumb/v7e-m+fp/hard/libg.a(libc_a-stdio.o) (_read_r)
/usr/lib/gcc/arm-none-eabi/14.2.0/../../../../arm-none-eabi/lib/thumb/v7e-m+fp/hard/libg.a(libc_a-writer.o)
                              /usr/lib/gcc/arm-none-eabi/14.2.0/../../../../arm-none-eabi/lib/thumb/v7e-m+fp/hard/libg.a(libc_a-stdio.o) (_write_r)
/usr/lib/gcc/arm-none-eabi/14.2.0/../../../../arm-none-eabi/lib/thumb/v7e-m+fp/hard/libg.a(libc_a-errno.o)
                              CMakeFiles/32Inverter.elf.dir/Core/Src/syscalls.c.obj (__errno)
/usr/lib/gcc/arm-none-eabi/14.2.0/../../../../arm-none-eabi/lib/thumb/v7e-m+fp/hard/libg.a(libc_a-init.o)
                              /usr/lib/gcc/arm-none-eabi/14.2.0/../../../../arm-none-eabi/lib/thumb/v7e-m+fp/hard/crt0.o (__libc_init_array)
/usr/lib/gcc/arm-none-eabi/14.2.0/../../../../arm-none-eabi/lib/thumb/v7e-m+fp/hard/libg.a(libc_a-fini.o)
                              /usr/lib/gcc/arm-none-eabi/14.2.0/../../../../arm-none-eabi/lib/thumb/v7e-m+fp/hard/crt0.o (__libc_fini_array)
/usr/lib/gcc/arm-none-eabi/14.2.0/../../../../arm-none-eabi/lib/thumb/v7e-m+fp/hard/libg.a(libc_a-lock.o)
[...]
Memory Configuration

Name             Origin             Length             Attributes
CCMRAM           0x10000000         0x00002000         xrw
RAM              0x20000000         0x0000a000         xrw
FLASH            0x08000000         0x00040000         xr
*default*        0x00000000         0xffffffff

Linker script and memory map

LOAD /usr/lib/gcc/arm-none-eabi/14.2.0/thumb/v7e-m+fp/hard/crti.o
LOAD /usr/lib/gcc/arm-none-eabi/14.2.0/thumb/v7e-m+fp/hard/crtbegin.o
LOAD /usr/lib/gcc/arm-none-eabi/14.2.0/../../../../arm-none-eabi/lib/thumb/v7e-m+fp/hard/crt0.o
LOAD CMakeFiles/32Inverter.elf.dir/Core/Src/PID.c.obj
LOAD CMakeFiles/32Inverter.elf.dir/Core/Src/adc.c.obj
LOAD CMakeFiles/32Inverter.elf.dir/Core/Src/cli.c.obj
LOAD CMakeFiles/32Inverter.elf.dir/Core/Src/dcdc_controller.c.obj
LOAD CMakeFiles/32Inverter.elf.dir/Core/Src/iir_filter.c.obj
LOAD CMakeFiles/32Inverter.elf.dir/Core/Src/inverter.c.obj
LOAD CMakeFiles/32Inverter.elf.dir/Core/Src/main.c.obj
LOAD CMakeFiles/32Inverter.elf.dir/Core/Src/mitsubishi_dcdc_can.c.obj
LOAD CMakeFiles/32Inverter.elf.dir/Core/Src/oscilloscope.c.obj
LOAD CMakeFiles/32Inverter.elf.dir/Core/Src/stm32f3xx_hal_msp.c.obj
LOAD CMakeFiles/32Inverter.elf.dir/Core/Src/stm32f3xx_it.c.obj
LOAD CMakeFiles/32Inverter.elf.dir/Core/Src/swo_scope.c.obj
LOAD CMakeFiles/32Inverter.elf.dir/Core/Src/syscalls.c.obj
LOAD CMakeFiles/32Inverter.elf.dir/Core/Src/sysmem.c.obj
LOAD CMakeFiles/32Inverter.elf.dir/Core/Src/system_stm32f3xx.c.obj
LOAD CMakeFiles/32Inverter.elf.dir/Core/Src/vectors.c.obj
LOAD CMakeFiles/32Inverter.elf.dir/Core/Startup/startup_stm32f303vctx.s.obj
LOAD CMakeFiles/32Inverter.elf.dir/Drivers/STM32F3xx_HAL_Driver/Src/stm32f3xx_hal.c.obj
LOAD CMakeFiles/32Inverter.elf.dir/Drivers/STM32F3xx_HAL_Driver/Src/stm32f3xx_hal_adc.c.obj
LOAD CMakeFiles/32Inverter.elf.dir/Drivers/STM32F3xx_HAL_Driver/Src/stm32f3xx_hal_adc_ex.c.obj
LOAD CMakeFiles/32Inverter.elf.dir/Drivers/STM32F3xx_HAL_Driver/Src/stm32f3xx_hal_can.c.obj
LOAD CMakeFiles/32Inverter.elf.dir/Drivers/STM32F3xx_HAL_Driver/Src/stm32f3xx_hal_cortex.c.obj
LOAD CMakeFiles/32Inverter.elf.dir/Drivers/STM32F3xx_HAL_Driver/Src/stm32f3xx_hal_dma.c.obj
LOAD CMakeFiles/32Inverter.elf.dir/Drivers/STM32F3xx_HAL_Driver/Src/stm32f3xx_hal_exti.c.obj
LOAD CMakeFiles/32Inverter.elf.dir/Drivers/STM32F3xx_HAL_Driver/Src/stm32f3xx_hal_flash.c.obj
LOAD CMakeFiles/32Inverter.elf.dir/Drivers/STM32F3xx_HAL_Driver/Src/stm32f3xx_hal_flash_ex.c.obj
LOAD CMakeFiles/32Inverter.elf.dir/Drivers/STM32F3xx_HAL_Driver/Src/stm32f3xx_hal_gpio.c.obj
LOAD CMakeFiles/32Inverter.elf.dir/Drivers/STM32F3xx_HAL_Driver/Src/stm32f3xx_hal_i2c.c.obj
LOAD CMakeFiles/32Inverter.elf.dir/Drivers/STM32F3xx_HAL_Driver/Src/stm32f3xx_hal_i2c_ex.c.obj
LOAD CMakeFiles/32Inverter.elf.dir/Drivers/STM32F3xx_HAL_Driver/Src/stm32f3xx_hal_pwr.c.obj
LOAD CMakeFiles/32Inverter.elf.dir/Drivers/STM32F3xx_HAL_Driver/Src/stm32f3xx_hal_pwr_ex.c.obj
LOAD CMakeFiles/32Inverter.elf.dir/Drivers/STM32F3xx_HAL_Driver/Src/stm32f3xx_hal_rcc.c.obj
LOAD CMakeFiles/32Inverter.elf.dir/Drivers/STM32F3xx_HAL_Driver/Src/stm32f3xx_hal_rcc_ex.c.obj
LOAD CMakeFiles/32Inverter.elf.dir/Drivers/STM32F3xx_HAL_Driver/Src/stm32f3xx_hal_spi.c.obj
LOAD CMakeFiles/32Inverter.elf.dir/Drivers/STM32F3xx_HAL_Driver/Src/stm32f3xx_hal_spi_ex.c.obj
LOAD CMakeFiles/32Inverter.elf.dir/Drivers/STM32F3xx_HAL_Driver/Src/stm32f3xx_hal_tim.c.obj
LOAD CMakeFiles/32Inverter.elf.dir/Drivers/STM32F3xx_HAL_Driver/Src/stm32f3xx_hal_tim_ex.c.obj
LOAD CMakeFiles/32Inverter.elf.dir/Drivers/STM32F3xx_HAL_Driver/Src/stm32f3xx_hal_uart.c.obj
LOAD CMakeFiles/32Inverter.elf.dir/Drivers/STM32F3xx_HAL_Driver/Src/stm32f3xx_hal_uart_ex.c.obj
START GROUP
LOAD /usr/lib/gcc/arm-none-eabi/14.2.0/thumb/v7e-m+fp/hard/libgcc.a
LOAD /usr/lib/gcc/arm-none-eabi/14.2.0/../../../../arm-none-eabi/lib/thumb/v7e-m+fp/hard/libg.a
LOAD /usr/lib/gcc/arm-none-eabi/14.2.0/../../../../arm-none-eabi/lib/thumb/v7e-m+fp/hard/libc.a
END GROUP
LOAD /usr/lib/gcc/arm-none-eabi/14.2.0/thumb/v7e-m+fp/hard/crtend.o
LOAD /usr/lib/gcc/arm-none-eabi/14.2.0/thumb/v7e-m+fp/hard/crtn.o
                0x2000a000                        _estack = (ORIGIN (RAM) + LENGTH (RAM))
                0x00000200                        _Min_Heap_Size = 0x200
                0x00000400                        _Min_Stack_Size = 0x400

.isr_vector     0x08000000      0x188
                0x08000000                        . = ALIGN (0x4)
 *(.isr_vector)
 .isr_vector    0x08000000      0x188 CMakeFiles/32Inverter.elf.dir/Core/Startup/startup_stm32f303vctx.s.obj
                0x08000000                g_pfnVectors
                0x08000188                        . = ALIGN (0x4)

.text           0x080001c0    0x1435c
                0x080001c0                        . = ALIGN (0x4)
 *(.text)
 .text          0x080001c0      0x378 /usr/lib/gcc/arm-none-eabi/14.2.0/thumb/v7e-m+fp/hard/libgcc.a(_arm_addsubdf3.o)
                0x080001c0                __aeabi_drsub
                0x080001c8                __aeabi_dsub
                0x080001c8                __subdf3
                0x080001cc                __adddf3
                0x080001cc                __aeabi_dadd
                0x08000444                __aeabi_ui2d
                0x08000444                __floatunsidf
                0x08000464                __floatsidf
                0x08000464                __aeabi_i2d
                0x08000488                __extendsfdf2
                0x08000488                __aeabi_f2d
                0x080004cc                __aeabi_ul2d
                0x080004cc                __floatundidf
                0x080004dc                __floatdidf
                0x080004dc                __aeabi_l2d
 *fill*         0x08000538        0x8 
 .text          0x08000540      0x2e0 /usr/lib/gcc/arm-none-eabi/14.2.0/../../../../arm-none-eabi/lib/thumb/v7e-m+fp/hard/libg.a(libc_a-strcmp.o)
                0x08000540                strcmp
 *fill*         0x08000820       0x20 
 .text          0x08000840       0xd8 /usr/lib/gcc/arm-none-eabi/14.2.0/../../../../arm-none-eabi/lib/thumb/v7e-m+fp/hard/libg.a(libc_a-strlen.o)
                0x08000840                strlen
 *fill*         0x08000918        0x8 
 .text          0x08000920       0xa0 /usr/lib/gcc/arm-none-eabi/14.2.0/../../../../arm-none-eabi/lib/thumb/v7e-m+fp/hard/libg.a(libc_a-memchr.o)
                0x08000920                memchr
 .text          0x080009c0      0x134 /usr/lib/gcc/arm-none-eabi/14.2.0/../../../../arm-none-eabi/lib/thumb/v7e-m+fp/hard/libg.a(libc_a-memcpy.o)
                0x080009c0                memcpy
 .text          0x08000af4      0x424 /usr/lib/gcc/arm-none-eabi/14.2.0/thumb/v7e-m+fp/hard/libgcc.a(_arm_muldivdf3.o)
                0x08000af4                __aeabi_dmul
                0x08000af4                __muldf3
                0x08000d48                __aeabi_ddiv
                0x08000d48                __divdf3
 .text          0x08000f18      0x110 /usr/lib/gcc/arm-none-eabi/14.2.0/thumb/v7e-m+fp/hard/libgcc.a(_arm_cmpdf2.o)
                0x08000f18                __gtdf2
                0x08000f18                __gedf2
                0x08000f20                __ltdf2
                0x08000f20                __ledf2
                0x08000f28                __cmpdf2
                0x08000f28                __eqdf2
                0x08000f28                __nedf2
                0x08000fa4                __aeabi_cdrcmple
                0x08000fb4                __aeabi_cdcmple
                0x08000fb4                __aeabi_cdcmpeq
                0x08000fc4                __aeabi_dcmpeq
                0x08000fd8                __aeabi_dcmplt
                0x08000fec                __aeabi_dcmple
                0x08001000                __aeabi_dcmpge
                0x08001014                __aeabi_dcmpgt
 .text          0x08001028       0x2c /usr/lib/gcc/arm-none-eabi/14.2.0/thumb/v7e-m+fp/hard/libgcc.a(_arm_unorddf2.o)
                0x08001028                __aeabi_dcmpun
                0x08001028                __unorddf2
 .text          0x08001054       0x50 /usr/lib/gcc/arm-none-eabi/14.2.0/thumb/v7e-m+fp/hard/libgcc.a(_arm_fixdfsi.o)
                0x08001054                __fixdfsi
                0x08001054                __aeabi_d2iz
 .text          0x080010a4       0x40 /usr/lib/gcc/arm-none-eabi/14.2.0/thumb/v7e-m+fp/hard/libgcc.a(_arm_fixunsdfsi.o)
                0x080010a4                __fixunsdfsi
                0x080010a4                __aeabi_d2uiz
 .text          0x080010e4       0xa0 /usr/lib/gcc/arm-none-eabi/14.2.0/thumb/v7e-m+fp/hard/libgcc.a(_arm_truncdfsf2.o)
                0x080010e4                __aeabi_d2f
                0x080010e4                __truncdfsf2
 .text          0x08001184       0x30 /usr/lib/gcc/arm-none-eabi/14.2.0/thumb/v7e-m+fp/hard/libgcc.a(_aeabi_uldivmod.o)
                0x08001184                __aeabi_uldivmod
 .text          0x080011b4        0x4 /usr/lib/gcc/arm-none-eabi/14.2.0/thumb/v7e-m+fp/hard/libgcc.a(_dvmd_tls.o)
                0x080011b4                __aeabi_ldiv0
                0x080011b4                __aeabi_idiv0
 *(.text*)
 .text.__do_global_dtors_aux
                0x080011b8       0x24 /usr/lib/gcc/arm-none-eabi/14.2.0/thumb/v7e-m+fp/hard/crtbegin.o
 .text.frame_dummy
                0x080011dc       0x1c /usr/lib/gcc/arm-none-eabi/14.2.0/thumb/v7e-m+fp/hard/crtbegin.o
 .text.pid_calc
                0x080011f8       0x58 CMakeFiles/32Inverter.elf.dir/Core/Src/PID.c.obj
                0x080011f8                pid_calc
 .text.exp_filter
                0x08001250       0x1e CMakeFiles/32Inverter.elf.dir/Core/Src/adc.c.obj
                0x08001250                exp_filter
 *fill*         0x0800126e        0x2 
 .text.convert_ntc
                0x08001270       0x70 CMakeFiles/32Inverter.elf.dir/Core/Src/adc.c.obj
                0x08001270                convert_ntc
 .text.adc4_read
                0x080012e0      0x100 CMakeFiles/32Inverter.elf.dir/Core/Src/adc.c.obj
                0x080012e0                adc4_read
 .text.adc2_read
                0x080013e0       0x40 CMakeFiles/32Inverter.elf.dir/Core/Src/adc.c.obj
                0x080013e0                adc2_read
 .text.parse_command
                0x08001420      0x290 CMakeFiles/32Inverter.elf.dir/Core/Src/cli.c.obj
 .text.HAL_UART_RxCpltCallback
                0x080016b0       0x34 CMakeFiles/32Inverter.elf.dir/Core/Src/cli.c.obj
                0x080016b0                HAL_UART_RxCpltCallback
 .text.cli_init
                0x080016e4       0x1c CMakeFiles/32Inverter.elf.dir/Core/Src/cli.c.obj
                0x080016e4                cli_init
 .text.cli_poll
                0x08001700       0x58 CMakeFiles/32Inverter.elf.dir/Core/Src/cli.c.obj
                0x08001700                cli_poll
 .text.chg_initialize
                0x08001758        0xa CMakeFiles/32Inverter.elf.dir/Core/Src/dcdc_controller.c.obj
                0x08001758                chg_initialize
 .text.chg_message_semaphore
                0x08001762       0x6a CMakeFiles/32Inverter.elf.dir/Core/Src/dcdc_controller.c.obj
                0x08001762                chg_message_semaphore
 .text.chg_config_filters
                0x080017cc       0x72 CMakeFiles/32Inverter.elf.dir/Core/Src/dcdc_controller.c.obj
                0x080017cc                chg_config_filters
 .text.swap_endianness_16
                0x0800183e        0xa CMakeFiles/32Inverter.elf.dir/Core/Src/dcdc_controller.c.obj
                0x0800183e                swap_endianness_16
 .text.chg_send_data
                0x08001848       0xbe CMakeFiles/32Inverter.elf.dir/Core/Src/dcdc_controller.c.obj
                0x08001848                chg_send_data
 *fill*         0x08001906        0x2 
 .text.chg_refresh_data_struct
                0x08001908      0x100 CMakeFiles/32Inverter.elf.dir/Core/Src/dcdc_controller.c.obj
                0x08001908                chg_refresh_data_struct
 .text.iir_filter_init
                0x08001a08       0x20 CMakeFiles/32Inverter.elf.dir/Core/Src/iir_filter.c.obj
                0x08001a08                iir_filter_init
 .text.iir_filter_calculate
                0x08001a28       0x98 CMakeFiles/32Inverter.elf.dir/Core/Src/iir_filter.c.obj
                0x08001a28                iir_filter_calculate
 .text.inv_send_trace_data
                0x08001ac0       0x70 CMakeFiles/32Inverter.elf.dir/Core/Src/inverter.c.obj
 .text.inv_reset_controllers
                0x08001b30        0xe CMakeFiles/32Inverter.elf.dir/Core/Src/inverter.c.obj
                0x08001b30                inv_reset_controllers
 *fill*         0x08001b3e        0x2 
 .text.inv_init
                0x08001b40      0x194 CMakeFiles/32Inverter.elf.dir/Core/Src/inverter.c.obj
                0x08001b40                inv_init
 .text.spi_read_word
                0x08001cd4       0x1c CMakeFiles/32Inverter.elf.dir/Core/Src/inverter.c.obj
                0x08001cd4                spi_read_word
 .text.res_read_position
                0x08001cf0       0xdc CMakeFiles/32Inverter.elf.dir/Core/Src/inverter.c.obj
                0x08001cf0                res_read_position
 .text.inv_clear_fault
                0x08001dcc       0x24 CMakeFiles/32Inverter.elf.dir/Core/Src/inverter.c.obj
                0x08001dcc                inv_clear_fault
 .text.inv_set_pwm
                0x08001df0       0x58 CMakeFiles/32Inverter.elf.dir/Core/Src/inverter.c.obj
                0x08001df0                inv_set_pwm
 .text.inv_calibrate_current
                0x08001e48       0x7c CMakeFiles/32Inverter.elf.dir/Core/Src/inverter.c.obj
                0x08001e48                inv_calibrate_current
 .text.inv_read_current
                0x08001ec4       0x64 CMakeFiles/32Inverter.elf.dir/Core/Src/inverter.c.obj
                0x08001ec4                inv_read_current
 .text.inv_tick
                0x08001f28      0x230 CMakeFiles/32Inverter.elf.dir/Core/Src/inverter.c.obj
                0x08001f28                inv_tick
 .text.inv_enable
                0x08002158       0x78 CMakeFiles/32Inverter.elf.dir/Core/Src/inverter.c.obj
                0x08002158                inv_enable
 .text.inv_set_mode_and_current
                0x080021d0       0x20 CMakeFiles/32Inverter.elf.dir/Core/Src/inverter.c.obj
                0x080021d0                inv_set_mode_and_current
 .text.inv_vbus_update
                0x080021f0       0x3c CMakeFiles/32Inverter.elf.dir/Core/Src/inverter.c.obj
                0x080021f0                inv_vbus_update
 .text.inv_temperature_check
                0x0800222c       0x3c CMakeFiles/32Inverter.elf.dir/Core/Src/inverter.c.obj
                0x0800222c                inv_temperature_check
 .text.inv_slow_tick
                0x08002268       0x22 CMakeFiles/32Inverter.elf.dir/Core/Src/inverter.c.obj
                0x08002268                inv_slow_tick
 .text.inv_connect_supply
                0x0800228a       0x3e CMakeFiles/32Inverter.elf.dir/Core/Src/inverter.c.obj
                0x0800228a                inv_connect_supply
 .text.ITM_SendChar
                0x080022c8       0x34 CMakeFiles/32Inverter.elf.dir/Core/Src/main.c.obj
 .text.MX_GPIO_Init
                0x080022fc      0x194 CMakeFiles/32Inverter.elf.dir/Core/Src/main.c.obj
 .text.MX_DMA_Init
                0x08002490       0x54 CMakeFiles/32Inverter.elf.dir/Core/Src/main.c.obj
 .text.USB_LP_CAN_RX0_IRQHandler
                0x080024e4       0x10 CMakeFiles/32Inverter.elf.dir/Core/Src/main.c.obj
                0x080024e4                USB_LP_CAN_RX0_IRQHandler
 .text.CAN_RX1_IRQHandler
                0x080024f4       0x10 CMakeFiles/32Inverter.elf.dir/Core/Src/main.c.obj
                0x080024f4                CAN_RX1_IRQHandler
 .text.HAL_CAN_RxFifo0MsgPendingCallback
                0x08002504       0x24 CMakeFiles/32Inverter.elf.dir/Core/Src/main.c.obj
                0x08002504                HAL_CAN_RxFifo0MsgPendingCallback
 .text.HAL_TIM_PeriodElapsedCallback
                0x08002528       0x1c CMakeFiles/32Inverter.elf.dir/Core/Src/main.c.obj
                0x08002528                HAL_TIM_PeriodElapsedCallback
 .text._write   0x08002544       0x1a CMakeFiles/32Inverter.elf.dir/Core/Src/main.c.obj
                0x08002544                _write
 *fill*         0x0800255e        0x2 
 .text.Error_Handler
                0x08002560       0x14 CMakeFiles/32Inverter.elf.dir/Core/Src/main.c.obj
                0x08002560                Error_Handler
 .text.MX_TIM8_Init
                0x08002574       0xdc CMakeFiles/32Inverter.elf.dir/Core/Src/main.c.obj
 .text.TIM8_init
                0x08002650       0x74 CMakeFiles/32Inverter.elf.dir/Core/Src/main.c.obj
                0x08002650                TIM8_init
 .text.MX_CAN_Init
                0x080026c4       0x40 CMakeFiles/32Inverter.elf.dir/Core/Src/main.c.obj
 .text.MX_SPI1_Init
                0x08002704       0x4c CMakeFiles/32Inverter.elf.dir/Core/Src/main.c.obj
 .text.MX_TIM1_Init
                0x08002750       0xf0 CMakeFiles/32Inverter.elf.dir/Core/Src/main.c.obj
 .text.MX_ADC1_Init
                0x08002840       0xa8 CMakeFiles/32Inverter.elf.dir/Core/Src/main.c.obj
 .text.MX_ADC3_Init
                0x080028e8       0x8c CMakeFiles/32Inverter.elf.dir/Core/Src/main.c.obj
 .text.MX_ADC4_Init
                0x08002974       0xd0 CMakeFiles/32Inverter.elf.dir/Core/Src/main.c.obj
 .text.MX_ADC2_Init
                0x08002a44       0x74 CMakeFiles/32Inverter.elf.dir/Core/Src/main.c.obj
 .text.SystemClock_Config
                0x08002ab8       0x8c CMakeFiles/32Inverter.elf.dir/Core/Src/main.c.obj
                0x08002ab8                SystemClock_Config
 .text.main     0x08002b44      0x2dc CMakeFiles/32Inverter.elf.dir/Core/Src/main.c.obj
                0x08002b44                main
 .text.HAL_MspInit
                0x08002e20       0x30 CMakeFiles/32Inverter.elf.dir/Core/Src/stm32f3xx_hal_msp.c.obj
                0x08002e20                HAL_MspInit
 .text.HAL_ADC_MspInit
                0x08002e50      0x298 CMakeFiles/32Inverter.elf.dir/Core/Src/stm32f3xx_hal_msp.c.obj
                0x08002e50                HAL_ADC_MspInit
 .text.HAL_CAN_MspInit
                0x080030e8       0x88 CMakeFiles/32Inverter.elf.dir/Core/Src/stm32f3xx_hal_msp.c.obj
                0x080030e8                HAL_CAN_MspInit
 .text.HAL_SPI_MspInit
                0x08003170       0x68 CMakeFiles/32Inverter.elf.dir/Core/Src/stm32f3xx_hal_msp.c.obj
                0x08003170                HAL_SPI_MspInit
 .text.HAL_TIM_PWM_MspInit
                0x080031d8       0x40 CMakeFiles/32Inverter.elf.dir/Core/Src/stm32f3xx_hal_msp.c.obj
                0x080031d8                HAL_TIM_PWM_MspInit
 .text.HAL_TIM_MspPostInit
                0x08003218       0xb0 CMakeFiles/32Inverter.elf.dir/Core/Src/stm32f3xx_hal_msp.c.obj
                0x08003218                HAL_TIM_MspPostInit
 .text.NMI_Handler
                0x080032c8        0x2 CMakeFiles/32Inverter.elf.dir/Core/Src/stm32f3xx_it.c.obj
                0x080032c8                NMI_Handler
 .text.HardFault_Handler
                0x080032ca        0x2 CMakeFiles/32Inverter.elf.dir/Core/Src/stm32f3xx_it.c.obj
                0x080032ca                HardFault_Handler
 .text.MemManage_Handler
                0x080032cc        0x2 CMakeFiles/32Inverter.elf.dir/Core/Src/stm32f3xx_it.c.obj
                0x080032cc                MemManage_Handler
 .text.BusFault_Handler
                0x080032ce        0x2 CMakeFiles/32Inverter.elf.dir/Core/Src/stm32f3xx_it.c.obj
                0x080032ce                BusFault_Handler
 .text.UsageFault_Handler
                0x080032d0        0x2 CMakeFiles/32Inverter.elf.dir/Core/Src/stm32f3xx_it.c.obj
                0x080032d0                UsageFault_Handler
 .text.SVC_Handler
                0x080032d2        0x2 CMakeFiles/32Inverter.elf.dir/Core/Src/stm32f3xx_it.c.obj
                0x080032d2                SVC_Handler
 .text.DebugMon_Handler
                0x080032d4        0x2 CMakeFiles/32Inverter.elf.dir/Core/Src/stm32f3xx_it.c.obj
                0x080032d4                DebugMon_Handler
 .text.PendSV_Handler
                0x080032d6        0x2 CMakeFiles/32Inverter.elf.dir/Core/Src/stm32f3xx_it.c.obj
                0x080032d6                PendSV_Handler
 .text.SysTick_Handler
                0x080032d8        0x8 CMakeFiles/32Inverter.elf.dir/Core/Src/stm32f3xx_it.c.obj
                0x080032d8                SysTick_Handler
 .text.DMA1_Channel1_IRQHandler
                0x080032e0       0x10 CMakeFiles/32Inverter.elf.dir/Core/Src/stm32f3xx_it.c.obj
                0x080032e0                DMA1_Channel1_IRQHandler
 .text.TIM1_UP_TIM16_IRQHandler
                0x080032f0       0x10 CMakeFiles/32Inverter.elf.dir/Core/Src/stm32f3xx_it.c.obj
                0x080032f0                TIM1_UP_TIM16_IRQHandler
 .text.DMA2_Channel2_IRQHandler
                0x08003300       0x10 CMakeFiles/32Inverter.elf.dir/Core/Src/stm32f3xx_it.c.obj
                0x08003300                DMA2_Channel2_IRQHandler
 .text.USART3_IRQHandler
                0x08003310       0x10 CMakeFiles/32Inverter.elf.dir/Core/Src/stm32f3xx_it.c.obj
                0x08003310                USART3_IRQHandler
 .text.swo_send_float
                0x08003320       0x20 CMakeFiles/32Inverter.elf.dir/Core/Src/swo_scope.c.obj
                0x08003320                swo_send_float
 .text._getpid  0x08003340        0x4 CMakeFiles/32Inverter.elf.dir/Core/Src/syscalls.c.obj
                0x08003340                _getpid
 .text._kill    0x08003344       0x10 CMakeFiles/32Inverter.elf.dir/Core/Src/syscalls.c.obj
                0x08003344                _kill
 .text._exit    0x08003354        0xc CMakeFiles/32Inverter.elf.dir/Core/Src/syscalls.c.obj
                0x08003354                _exit
 .text._read    0x08003360       0x20 CMakeFiles/32Inverter.elf.dir/Core/Src/syscalls.c.obj
                0x08003360                _read
 .text._close   0x08003380        0x6 CMakeFiles/32Inverter.elf.dir/Core/Src/syscalls.c.obj
                0x08003380                _close
 .text._fstat   0x08003386        0xa CMakeFiles/32Inverter.elf.dir/Core/Src/syscalls.c.obj
                0x08003386                _fstat
 .text._isatty  0x08003390        0x4 CMakeFiles/32Inverter.elf.dir/Core/Src/syscalls.c.obj
                0x08003390                _isatty
 .text._lseek   0x08003394        0x4 CMakeFiles/32Inverter.elf.dir/Core/Src/syscalls.c.obj
                0x08003394                _lseek
 .text._sbrk    0x08003398       0x48 CMakeFiles/32Inverter.elf.dir/Core/Src/sysmem.c.obj
                0x08003398                _sbrk
 .text.SystemInit
                0x080033e0       0x14 CMakeFiles/32Inverter.elf.dir/Core/Src/system_stm32f3xx.c.obj
                0x080033e0                SystemInit
 .text.limit_amplitude
                0x080033f4       0x6e CMakeFiles/32Inverter.elf.dir/Core/Src/vectors.c.obj
                0x080033f4                limit_amplitude
 *fill*         0x08003462        0x2 
 .text.clarkeTransform
                0x08003464       0x58 CMakeFiles/32Inverter.elf.dir/Core/Src/vectors.c.obj
                0x08003464                clarkeTransform
 .text.inverseClarkeTransform
                0x080034bc       0x58 CMakeFiles/32Inverter.elf.dir/Core/Src/vectors.c.obj
                0x080034bc                inverseClarkeTransform
 .text.parkTransform
                0x08003514       0x4a CMakeFiles/32Inverter.elf.dir/Core/Src/vectors.c.obj
                0x08003514                parkTransform
 .text.inverseParkTransform
                0x0800355e       0x4a CMakeFiles/32Inverter.elf.dir/Core/Src/vectors.c.obj
                0x0800355e                inverseParkTransform
 .text.sin_lut  0x080035a8       0xb8 CMakeFiles/32Inverter.elf.dir/Core/Src/vectors.c.obj
                0x080035a8                sin_lut
 .text.cos_lut  0x08003660       0x14 CMakeFiles/32Inverter.elf.dir/Core/Src/vectors.c.obj
                0x08003660                cos_lut
 .text.angle    0x08003674       0x3e CMakeFiles/32Inverter.elf.dir/Core/Src/vectors.c.obj
                0x08003674                angle
 *fill*         0x080036b2        0x2 
 .text.Reset_Handler
                0x080036b4       0x50 CMakeFiles/32Inverter.elf.dir/Core/Startup/startup_stm32f303vctx.s.obj
                0x080036b4                Reset_Handler
 .text.Default_Handler
                0x08003704        0x2 CMakeFiles/32Inverter.elf.dir/Core/Startup/startup_stm32f303vctx.s.obj
                0x08003704                RTC_Alarm_IRQHandler
                0x08003704                TIM8_TRG_COM_IRQHandler
                0x08003704                TIM8_CC_IRQHandler
                0x08003704                TIM1_CC_IRQHandler
                0x08003704                USB_HP_IRQHandler
                0x08003704                PVD_IRQHandler
                0x08003704                TAMP_STAMP_IRQHandler
                0x08003704                EXTI3_IRQHandler
                0x08003704                USB_HP_CAN_TX_IRQHandler
                0x08003704                EXTI0_IRQHandler
                0x08003704                I2C2_EV_IRQHandler
                0x08003704                FPU_IRQHandler
                0x08003704                ADC1_2_IRQHandler
                0x08003704                SPI1_IRQHandler
                0x08003704                CAN_SCE_IRQHandler
                0x08003704                TIM6_DAC_IRQHandler
                0x08003704                TIM8_UP_IRQHandler
                0x08003704                DMA1_Channel4_IRQHandler
                0x08003704                DMA1_Channel7_IRQHandler
                0x08003704                UART5_IRQHandler
                0x08003704                ADC3_IRQHandler
                0x08003704                TIM4_IRQHandler
                0x08003704                DMA2_Channel1_IRQHandler
                0x08003704                I2C1_EV_IRQHandler
                0x08003704                DMA1_Channel6_IRQHandler
                0x08003704                UART4_IRQHandler
                0x08003704                DMA2_Channel4_IRQHandler
                0x08003704                TIM3_IRQHandler
                0x08003704                RCC_IRQHandler
                0x08003704                Default_Handler
                0x08003704                USBWakeUp_RMP_IRQHandler
                0x08003704                EXTI15_10_IRQHandler
                0x08003704                TIM7_IRQHandler
                0x08003704                EXTI9_5_IRQHandler
                0x08003704                RTC_WKUP_IRQHandler
                0x08003704                SPI2_IRQHandler
                0x08003704                DMA2_Channel5_IRQHandler
                0x08003704                DMA1_Channel5_IRQHandler
                0x08003704                USB_LP_IRQHandler
                0x08003704                EXTI4_IRQHandler
                0x08003704                TIM1_TRG_COM_TIM17_IRQHandler
                0x08003704                DMA1_Channel3_IRQHandler
                0x08003704                ADC4_IRQHandler
                0x08003704                WWDG_IRQHandler
                0x08003704                TIM2_IRQHandler
                0x08003704                COMP7_IRQHandler
                0x08003704                COMP1_2_3_IRQHandler
                0x08003704                EXTI1_IRQHandler
                0x08003704                USART2_IRQHandler
                0x08003704                COMP4_5_6_IRQHandler
                0x08003704                I2C2_ER_IRQHandler
                0x08003704                DMA1_Channel2_IRQHandler
                0x08003704                TIM8_BRK_IRQHandler
                0x08003704                FLASH_IRQHandler
                0x08003704                USART1_IRQHandler
                0x08003704                SPI3_IRQHandler
                0x08003704                I2C1_ER_IRQHandler
                0x08003704                USBWakeUp_IRQHandler
                0x08003704                DMA2_Channel3_IRQHandler
                0x08003704                EXTI2_TSC_IRQHandler
                0x08003704                TIM1_BRK_TIM15_IRQHandler
 *fill*         0x08003706        0x2 
 .text.HAL_InitTick
                0x08003708       0x4c CMakeFiles/32Inverter.elf.dir/Drivers/STM32F3xx_HAL_Driver/Src/stm32f3xx_hal.c.obj
                0x08003708                HAL_InitTick
 .text.HAL_Init
                0x08003754       0x24 CMakeFiles/32Inverter.elf.dir/Drivers/STM32F3xx_HAL_Driver/Src/stm32f3xx_hal.c.obj
                0x08003754                HAL_Init
 .text.HAL_IncTick
                0x08003778       0x18 CMakeFiles/32Inverter.elf.dir/Drivers/STM32F3xx_HAL_Driver/Src/stm32f3xx_hal.c.obj
                0x08003778                HAL_IncTick
 .text.HAL_GetTick
                0x08003790        0xc CMakeFiles/32Inverter.elf.dir/Drivers/STM32F3xx_HAL_Driver/Src/stm32f3xx_hal.c.obj
                0x08003790                HAL_GetTick
 .text.HAL_Delay
                0x0800379c       0x28 CMakeFiles/32Inverter.elf.dir/Drivers/STM32F3xx_HAL_Driver/Src/stm32f3xx_hal.c.obj
                0x0800379c                HAL_Delay
 .text.HAL_ADC_ConvCpltCallback
                0x080037c4        0x2 CMakeFiles/32Inverter.elf.dir/Drivers/STM32F3xx_HAL_Driver/Src/stm32f3xx_hal_adc.c.obj
                0x080037c4                HAL_ADC_ConvCpltCallback
 .text.HAL_ADC_ConvHalfCpltCallback
                0x080037c6        0x2 CMakeFiles/32Inverter.elf.dir/Drivers/STM32F3xx_HAL_Driver/Src/stm32f3xx_hal_adc.c.obj
                0x080037c6                HAL_ADC_ConvHalfCpltCallback
 .text.HAL_ADC_ErrorCallback
                0x080037c8        0x2 CMakeFiles/32Inverter.elf.dir/Drivers/STM32F3xx_HAL_Driver/Src/stm32f3xx_hal_adc.c.obj
                0x080037c8                HAL_ADC_ErrorCallback
 .text.ADC_Disable
                0x080037ca       0x88 CMakeFiles/32Inverter.elf.dir/Drivers/STM32F3xx_HAL_Driver/Src/stm32f3xx_hal_adc_ex.c.obj
 *fill*         0x08003852        0x2 
 .text.ADC_Enable
                0x08003854       0x80 CMakeFiles/32Inverter.elf.dir/Drivers/STM32F3xx_HAL_Driver/Src/stm32f3xx_hal_adc_ex.c.obj
 .text.ADC_DMAError
                0x080038d4       0x1a CMakeFiles/32Inverter.elf.dir/Drivers/STM32F3xx_HAL_Driver/Src/stm32f3xx_hal_adc_ex.c.obj
 .text.ADC_DMAHalfConvCplt
                0x080038ee        0xa CMakeFiles/32Inverter.elf.dir/Drivers/STM32F3xx_HAL_Driver/Src/stm32f3xx_hal_adc_ex.c.obj
 .text.ADC_DMAConvCplt
                0x080038f8       0x4a CMakeFiles/32Inverter.elf.dir/Drivers/STM32F3xx_HAL_Driver/Src/stm32f3xx_hal_adc_ex.c.obj
 *fill*         0x08003942        0x2 
 .text.HAL_ADC_Init
                0x08003944      0x290 CMakeFiles/32Inverter.elf.dir/Drivers/STM32F3xx_HAL_Driver/Src/stm32f3xx_hal_adc_ex.c.obj
                0x08003944                HAL_ADC_Init
 .text.HAL_ADC_Start
                0x08003bd4      0x180 CMakeFiles/32Inverter.elf.dir/Drivers/STM32F3xx_HAL_Driver/Src/stm32f3xx_hal_adc_ex.c.obj
                0x08003bd4                HAL_ADC_Start
 .text.HAL_ADC_PollForConversion
                0x08003d54      0x160 CMakeFiles/32Inverter.elf.dir/Drivers/STM32F3xx_HAL_Driver/Src/stm32f3xx_hal_adc_ex.c.obj
                0x08003d54                HAL_ADC_PollForConversion
 .text.HAL_ADC_Start_DMA
                0x08003eb4      0x184 CMakeFiles/32Inverter.elf.dir/Drivers/STM32F3xx_HAL_Driver/Src/stm32f3xx_hal_adc_ex.c.obj
                0x08003eb4                HAL_ADC_Start_DMA
 .text.HAL_ADC_GetValue
                0x08004038        0x6 CMakeFiles/32Inverter.elf.dir/Drivers/STM32F3xx_HAL_Driver/Src/stm32f3xx_hal_adc_ex.c.obj
                0x08004038                HAL_ADC_GetValue
 *fill*         0x0800403e        0x2 
 .text.HAL_ADC_ConfigChannel
                0x08004040      0x3ac CMakeFiles/32Inverter.elf.dir/Drivers/STM32F3xx_HAL_Driver/Src/stm32f3xx_hal_adc_ex.c.obj
                0x08004040                HAL_ADC_ConfigChannel
 .text.HAL_ADCEx_MultiModeConfigChannel
                0x080043ec      0x15c CMakeFiles/32Inverter.elf.dir/Drivers/STM32F3xx_HAL_Driver/Src/stm32f3xx_hal_adc_ex.c.obj
                0x080043ec                HAL_ADCEx_MultiModeConfigChannel
 .text.HAL_CAN_Init
                0x08004548      0x14c CMakeFiles/32Inverter.elf.dir/Drivers/STM32F3xx_HAL_Driver/Src/stm32f3xx_hal_can.c.obj
                0x08004548                HAL_CAN_Init
 .text.HAL_CAN_ConfigFilter
                0x08004694      0x106 CMakeFiles/32Inverter.elf.dir/Drivers/STM32F3xx_HAL_Driver/Src/stm32f3xx_hal_can.c.obj
                0x08004694                HAL_CAN_ConfigFilter
 .text.HAL_CAN_Start
                0x0800479a       0x5c CMakeFiles/32Inverter.elf.dir/Drivers/STM32F3xx_HAL_Driver/Src/stm32f3xx_hal_can.c.obj
                0x0800479a                HAL_CAN_Start
 .text.HAL_CAN_AddTxMessage
                0x080047f6       0xea CMakeFiles/32Inverter.elf.dir/Drivers/STM32F3xx_HAL_Driver/Src/stm32f3xx_hal_can.c.obj
                0x080047f6                HAL_CAN_AddTxMessage
 .text.HAL_CAN_GetRxMessage
                0x080048e0      0x16a CMakeFiles/32Inverter.elf.dir/Drivers/STM32F3xx_HAL_Driver/Src/stm32f3xx_hal_can.c.obj
                0x080048e0                HAL_CAN_GetRxMessage
 .text.HAL_CAN_ActivateNotification
                0x08004a4a       0x24 CMakeFiles/32Inverter.elf.dir/Drivers/STM32F3xx_HAL_Driver/Src/stm32f3xx_hal_can.c.obj
                0x08004a4a                HAL_CAN_ActivateNotification
 .text.HAL_CAN_TxMailbox0CompleteCallback
                0x08004a6e        0x2 CMakeFiles/32Inverter.elf.dir/Drivers/STM32F3xx_HAL_Driver/Src/stm32f3xx_hal_can.c.obj
                0x08004a6e                HAL_CAN_TxMailbox0CompleteCallback
 .text.HAL_CAN_TxMailbox1CompleteCallback
                0x08004a70        0x2 CMakeFiles/32Inverter.elf.dir/Drivers/STM32F3xx_HAL_Driver/Src/stm32f3xx_hal_can.c.obj
                0x08004a70                HAL_CAN_TxMailbox1CompleteCallback
 .text.HAL_CAN_TxMailbox2CompleteCallback
                0x08004a72        0x2 CMakeFiles/32Inverter.elf.dir/Drivers/STM32F3xx_HAL_Driver/Src/stm32f3xx_hal_can.c.obj
                0x08004a72                HAL_CAN_TxMailbox2CompleteCallback
 .text.HAL_CAN_TxMailbox0AbortCallback
                0x08004a74        0x2 CMakeFiles/32Inverter.elf.dir/Drivers/STM32F3xx_HAL_Driver/Src/stm32f3xx_hal_can.c.obj
                0x08004a74                HAL_CAN_TxMailbox0AbortCallback
 .text.HAL_CAN_TxMailbox1AbortCallback
                0x08004a76        0x2 CMakeFiles/32Inverter.elf.dir/Drivers/STM32F3xx_HAL_Driver/Src/stm32f3xx_hal_can.c.obj
                0x08004a76                HAL_CAN_TxMailbox1AbortCallback
 .text.HAL_CAN_TxMailbox2AbortCallback
                0x08004a78        0x2 CMakeFiles/32Inverter.elf.dir/Drivers/STM32F3xx_HAL_Driver/Src/stm32f3xx_hal_can.c.obj
                0x08004a78                HAL_CAN_TxMailbox2AbortCallback
 .text.HAL_CAN_RxFifo0FullCallback
                0x08004a7a        0x2 CMakeFiles/32Inverter.elf.dir/Drivers/STM32F3xx_HAL_Driver/Src/stm32f3xx_hal_can.c.obj
                0x08004a7a                HAL_CAN_RxFifo0FullCallback
 .text.HAL_CAN_RxFifo1MsgPendingCallback
                0x08004a7c        0x2 CMakeFiles/32Inverter.elf.dir/Drivers/STM32F3xx_HAL_Driver/Src/stm32f3xx_hal_can.c.obj
                0x08004a7c                HAL_CAN_RxFifo1MsgPendingCallback
 .text.HAL_CAN_RxFifo1FullCallback
                0x08004a7e        0x2 CMakeFiles/32Inverter.elf.dir/Drivers/STM32F3xx_HAL_Driver/Src/stm32f3xx_hal_can.c.obj
                0x08004a7e                HAL_CAN_RxFifo1FullCallback
 .text.HAL_CAN_SleepCallback
                0x08004a80        0x2 CMakeFiles/32Inverter.elf.dir/Drivers/STM32F3xx_HAL_Driver/Src/stm32f3xx_hal_can.c.obj
                0x08004a80                HAL_CAN_SleepCallback
 .text.HAL_CAN_WakeUpFromRxMsgCallback
                0x08004a82        0x2 CMakeFiles/32Inverter.elf.dir/Drivers/STM32F3xx_HAL_Driver/Src/stm32f3xx_hal_can.c.obj
                0x08004a82                HAL_CAN_WakeUpFromRxMsgCallback
 .text.HAL_CAN_ErrorCallback
                0x08004a84        0x2 CMakeFiles/32Inverter.elf.dir/Drivers/STM32F3xx_HAL_Driver/Src/stm32f3xx_hal_can.c.obj
                0x08004a84                HAL_CAN_ErrorCallback
 .text.HAL_CAN_IRQHandler
                0x08004a86      0x250 CMakeFiles/32Inverter.elf.dir/Drivers/STM32F3xx_HAL_Driver/Src/stm32f3xx_hal_can.c.obj
                0x08004a86                HAL_CAN_IRQHandler
 *fill*         0x08004cd6        0x2 
 .text.__NVIC_SetPriority
                0x08004cd8       0x28 CMakeFiles/32Inverter.elf.dir/Drivers/STM32F3xx_HAL_Driver/Src/stm32f3xx_hal_cortex.c.obj
 .text.NVIC_EncodePriority
                0x08004d00       0x3e CMakeFiles/32Inverter.elf.dir/Drivers/STM32F3xx_HAL_Driver/Src/stm32f3xx_hal_cortex.c.obj
 *fill*         0x08004d3e        0x2 
 .text.HAL_NVIC_SetPriorityGrouping
                0x08004d40       0x24 CMakeFiles/32Inverter.elf.dir/Drivers/STM32F3xx_HAL_Driver/Src/stm32f3xx_hal_cortex.c.obj
                0x08004d40                HAL_NVIC_SetPriorityGrouping
 .text.HAL_NVIC_SetPriority
                0x08004d64       0x20 CMakeFiles/32Inverter.elf.dir/Drivers/STM32F3xx_HAL_Driver/Src/stm32f3xx_hal_cortex.c.obj
                0x08004d64                HAL_NVIC_SetPriority
 .text.HAL_NVIC_EnableIRQ
                0x08004d84       0x1c CMakeFiles/32Inverter.elf.dir/Drivers/STM32F3xx_HAL_Driver/Src/stm32f3xx_hal_cortex.c.obj
                0x08004d84                HAL_NVIC_EnableIRQ
 .text.HAL_SYSTICK_Config
                0x08004da0       0x28 CMakeFiles/32Inverter.elf.dir/Drivers/STM32F3xx_HAL_Driver/Src/stm32f3xx_hal_cortex.c.obj
                0x08004da0                HAL_SYSTICK_Config
 .text.DMA_SetConfig
                0x08004dc8       0x2c CMakeFiles/32Inverter.elf.dir/Drivers/STM32F3xx_HAL_Driver/Src/stm32f3xx_hal_dma.c.obj
 .text.DMA_CalcBaseAndBitshift
                0x08004df4       0x4c CMakeFiles/32Inverter.elf.dir/Drivers/STM32F3xx_HAL_Driver/Src/stm32f3xx_hal_dma.c.obj
 .text.HAL_DMA_Init
                0x08004e40       0x4c CMakeFiles/32Inverter.elf.dir/Drivers/STM32F3xx_HAL_Driver/Src/stm32f3xx_hal_dma.c.obj
                0x08004e40                HAL_DMA_Init
 .text.HAL_DMA_Start_IT
                0x08004e8c       0x74 CMakeFiles/32Inverter.elf.dir/Drivers/STM32F3xx_HAL_Driver/Src/stm32f3xx_hal_dma.c.obj
                0x08004e8c                HAL_DMA_Start_IT
 .text.HAL_DMA_Abort
                0x08004f00       0x44 CMakeFiles/32Inverter.elf.dir/Drivers/STM32F3xx_HAL_Driver/Src/stm32f3xx_hal_dma.c.obj
                0x08004f00                HAL_DMA_Abort
 .text.HAL_DMA_Abort_IT
                0x08004f44       0x4a CMakeFiles/32Inverter.elf.dir/Drivers/STM32F3xx_HAL_Driver/Src/stm32f3xx_hal_dma.c.obj
                0x08004f44                HAL_DMA_Abort_IT
 .text.HAL_DMA_IRQHandler
                0x08004f8e       0xb2 CMakeFiles/32Inverter.elf.dir/Drivers/STM32F3xx_HAL_Driver/Src/stm32f3xx_hal_dma.c.obj
                0x08004f8e                HAL_DMA_IRQHandler
 .text.HAL_DMA_GetError
                0x08005040        0x4 CMakeFiles/32Inverter.elf.dir/Drivers/STM32F3xx_HAL_Driver/Src/stm32f3xx_hal_dma.c.obj
                0x08005040                HAL_DMA_GetError
 .text.HAL_GPIO_Init
                0x08005044      0x1c8 CMakeFiles/32Inverter.elf.dir/Drivers/STM32F3xx_HAL_Driver/Src/stm32f3xx_hal_gpio.c.obj
                0x08005044                HAL_GPIO_Init
 .text.HAL_GPIO_WritePin
                0x0800520c        0xa CMakeFiles/32Inverter.elf.dir/Drivers/STM32F3xx_HAL_Driver/Src/stm32f3xx_hal_gpio.c.obj
                0x0800520c                HAL_GPIO_WritePin
 *fill*         0x08005216        0x2 
 .text.HAL_RCC_OscConfig
                0x08005218      0x630 CMakeFiles/32Inverter.elf.dir/Drivers/STM32F3xx_HAL_Driver/Src/stm32f3xx_hal_rcc.c.obj
                0x08005218                HAL_RCC_OscConfig
 .text.HAL_RCC_GetSysClockFreq
                0x08005848       0x70 CMakeFiles/32Inverter.elf.dir/Drivers/STM32F3xx_HAL_Driver/Src/stm32f3xx_hal_rcc.c.obj
                0x08005848                HAL_RCC_GetSysClockFreq
 .text.HAL_RCC_ClockConfig
                0x080058b8      0x1a8 CMakeFiles/32Inverter.elf.dir/Drivers/STM32F3xx_HAL_Driver/Src/stm32f3xx_hal_rcc.c.obj
                0x080058b8                HAL_RCC_ClockConfig
 .text.HAL_RCCEx_PeriphCLKConfig
                0x08005a60      0x260 CMakeFiles/32Inverter.elf.dir/Drivers/STM32F3xx_HAL_Driver/Src/stm32f3xx_hal_rcc_ex.c.obj
                0x08005a60                HAL_RCCEx_PeriphCLKConfig
 .text.HAL_SPI_Init
                0x08005cc0       0xe8 CMakeFiles/32Inverter.elf.dir/Drivers/STM32F3xx_HAL_Driver/Src/stm32f3xx_hal_spi.c.obj
                0x08005cc0                HAL_SPI_Init
 .text.TIM_OC1_SetConfig
                0x08005da8       0x9c CMakeFiles/32Inverter.elf.dir/Drivers/STM32F3xx_HAL_Driver/Src/stm32f3xx_hal_tim.c.obj
 .text.TIM_OC3_SetConfig
                0x08005e44       0x8c CMakeFiles/32Inverter.elf.dir/Drivers/STM32F3xx_HAL_Driver/Src/stm32f3xx_hal_tim.c.obj
 .text.TIM_OC4_SetConfig
                0x08005ed0       0x6c CMakeFiles/32Inverter.elf.dir/Drivers/STM32F3xx_HAL_Driver/Src/stm32f3xx_hal_tim.c.obj
 .text.TIM_OC5_SetConfig
                0x08005f3c       0x68 CMakeFiles/32Inverter.elf.dir/Drivers/STM32F3xx_HAL_Driver/Src/stm32f3xx_hal_tim.c.obj
 .text.TIM_OC6_SetConfig
                0x08005fa4       0x6c CMakeFiles/32Inverter.elf.dir/Drivers/STM32F3xx_HAL_Driver/Src/stm32f3xx_hal_tim.c.obj
 .text.HAL_TIM_Base_MspInit
                0x08006010        0x2 CMakeFiles/32Inverter.elf.dir/Drivers/STM32F3xx_HAL_Driver/Src/stm32f3xx_hal_tim.c.obj
                0x08006010                HAL_TIM_Base_MspInit
 .text.HAL_TIM_Base_Stop
                0x08006012       0x28 CMakeFiles/32Inverter.elf.dir/Drivers/STM32F3xx_HAL_Driver/Src/stm32f3xx_hal_tim.c.obj
                0x08006012                HAL_TIM_Base_Stop
 *fill*         0x0800603a        0x2 
 .text.HAL_TIM_Base_Start_IT
                0x0800603c       0x84 CMakeFiles/32Inverter.elf.dir/Drivers/STM32F3xx_HAL_Driver/Src/stm32f3xx_hal_tim.c.obj
                0x0800603c                HAL_TIM_Base_Start_IT
 .text.HAL_TIM_OC_DelayElapsedCallback
                0x080060c0        0x2 CMakeFiles/32Inverter.elf.dir/Drivers/STM32F3xx_HAL_Driver/Src/stm32f3xx_hal_tim.c.obj
                0x080060c0                HAL_TIM_OC_DelayElapsedCallback
 .text.HAL_TIM_IC_CaptureCallback
                0x080060c2        0x2 CMakeFiles/32Inverter.elf.dir/Drivers/STM32F3xx_HAL_Driver/Src/stm32f3xx_hal_tim.c.obj
                0x080060c2                HAL_TIM_IC_CaptureCallback
 .text.HAL_TIM_PWM_PulseFinishedCallback
                0x080060c4        0x2 CMakeFiles/32Inverter.elf.dir/Drivers/STM32F3xx_HAL_Driver/Src/stm32f3xx_hal_tim.c.obj
                0x080060c4                HAL_TIM_PWM_PulseFinishedCallback
 .text.HAL_TIM_TriggerCallback
                0x080060c6        0x2 CMakeFiles/32Inverter.elf.dir/Drivers/STM32F3xx_HAL_Driver/Src/stm32f3xx_hal_tim.c.obj
                0x080060c6                HAL_TIM_TriggerCallback
 .text.HAL_TIM_IRQHandler
                0x080060c8      0x19a CMakeFiles/32Inverter.elf.dir/Drivers/STM32F3xx_HAL_Driver/Src/stm32f3xx_hal_tim.c.obj
                0x080060c8                HAL_TIM_IRQHandler
 *fill*         0x08006262        0x2 
 .text.TIM_Base_SetConfig
                0x08006264       0xb8 CMakeFiles/32Inverter.elf.dir/Drivers/STM32F3xx_HAL_Driver/Src/stm32f3xx_hal_tim.c.obj
                0x08006264                TIM_Base_SetConfig
 .text.HAL_TIM_Base_Init
                0x0800631c       0x60 CMakeFiles/32Inverter.elf.dir/Drivers/STM32F3xx_HAL_Driver/Src/stm32f3xx_hal_tim.c.obj
                0x0800631c                HAL_TIM_Base_Init
 .text.HAL_TIM_PWM_Init
                0x0800637c       0x60 CMakeFiles/32Inverter.elf.dir/Drivers/STM32F3xx_HAL_Driver/Src/stm32f3xx_hal_tim.c.obj
                0x0800637c                HAL_TIM_PWM_Init
 .text.TIM_OC2_SetConfig
                0x080063dc       0x8c CMakeFiles/32Inverter.elf.dir/Drivers/STM32F3xx_HAL_Driver/Src/stm32f3xx_hal_tim.c.obj
                0x080063dc                TIM_OC2_SetConfig
 .text.HAL_TIM_OC_ConfigChannel
                0x08006468       0x7a CMakeFiles/32Inverter.elf.dir/Drivers/STM32F3xx_HAL_Driver/Src/stm32f3xx_hal_tim.c.obj
                0x08006468                HAL_TIM_OC_ConfigChannel
 .text.HAL_TIM_PWM_ConfigChannel
                0x080064e2      0x13a CMakeFiles/32Inverter.elf.dir/Drivers/STM32F3xx_HAL_Driver/Src/stm32f3xx_hal_tim.c.obj
                0x080064e2                HAL_TIM_PWM_ConfigChannel
 .text.TIM_CCxChannelCmd
                0x0800661c       0x1e CMakeFiles/32Inverter.elf.dir/Drivers/STM32F3xx_HAL_Driver/Src/stm32f3xx_hal_tim.c.obj
                0x0800661c                TIM_CCxChannelCmd
 *fill*         0x0800663a        0x2 
 .text.HAL_TIM_PWM_Start
                0x0800663c      0x154 CMakeFiles/32Inverter.elf.dir/Drivers/STM32F3xx_HAL_Driver/Src/stm32f3xx_hal_tim.c.obj
                0x0800663c                HAL_TIM_PWM_Start
 .text.HAL_TIM_PWM_Stop
                0x08006790       0xc0 CMakeFiles/32Inverter.elf.dir/Drivers/STM32F3xx_HAL_Driver/Src/stm32f3xx_hal_tim.c.obj
                0x08006790                HAL_TIM_PWM_Stop
 .text.TIM_CCxNChannelCmd
                0x08006850       0x1e CMakeFiles/32Inverter.elf.dir/Drivers/STM32F3xx_HAL_Driver/Src/stm32f3xx_hal_tim_ex.c.obj
 *fill*         0x0800686e        0x2 
 .text.HAL_TIMEx_PWMN_Start
                0x08006870       0xec CMakeFiles/32Inverter.elf.dir/Drivers/STM32F3xx_HAL_Driver/Src/stm32f3xx_hal_tim_ex.c.obj
                0x08006870                HAL_TIMEx_PWMN_Start
 .text.HAL_TIMEx_MasterConfigSynchronization
                0x0800695c       0x90 CMakeFiles/32Inverter.elf.dir/Drivers/STM32F3xx_HAL_Driver/Src/stm32f3xx_hal_tim_ex.c.obj
                0x0800695c                HAL_TIMEx_MasterConfigSynchronization
 .text.HAL_TIMEx_ConfigBreakDeadTime
                0x080069ec       0x90 CMakeFiles/32Inverter.elf.dir/Drivers/STM32F3xx_HAL_Driver/Src/stm32f3xx_hal_tim_ex.c.obj
                0x080069ec                HAL_TIMEx_ConfigBreakDeadTime
 .text.HAL_TIMEx_CommutCallback
                0x08006a7c        0x2 CMakeFiles/32Inverter.elf.dir/Drivers/STM32F3xx_HAL_Driver/Src/stm32f3xx_hal_tim_ex.c.obj
                0x08006a7c                HAL_TIMEx_CommutCallback
 .text.HAL_TIMEx_BreakCallback
                0x08006a7e        0x2 CMakeFiles/32Inverter.elf.dir/Drivers/STM32F3xx_HAL_Driver/Src/stm32f3xx_hal_tim_ex.c.obj
                0x08006a7e                HAL_TIMEx_BreakCallback
 .text.HAL_TIMEx_Break2Callback
                0x08006a80        0x2 CMakeFiles/32Inverter.elf.dir/Drivers/STM32F3xx_HAL_Driver/Src/stm32f3xx_hal_tim_ex.c.obj
                0x08006a80                HAL_TIMEx_Break2Callback
 .text.UART_EndRxTransfer
                0x08006a82       0x52 CMakeFiles/32Inverter.elf.dir/Drivers/STM32F3xx_HAL_Driver/Src/stm32f3xx_hal_uart.c.obj
 .text.HAL_UART_AbortReceive
                0x08006ad4       0xae CMakeFiles/32Inverter.elf.dir/Drivers/STM32F3xx_HAL_Driver/Src/stm32f3xx_hal_uart.c.obj
                0x08006ad4                HAL_UART_AbortReceive
 .text.HAL_UART_TxCpltCallback
                0x08006b82        0x2 CMakeFiles/32Inverter.elf.dir/Drivers/STM32F3xx_HAL_Driver/Src/stm32f3xx_hal_uart.c.obj
                0x08006b82                HAL_UART_TxCpltCallback
 .text.UART_EndTransmit_IT
                0x08006b84       0x22 CMakeFiles/32Inverter.elf.dir/Drivers/STM32F3xx_HAL_Driver/Src/stm32f3xx_hal_uart.c.obj
 .text.HAL_UART_ErrorCallback
                0x08006ba6        0x2 CMakeFiles/32Inverter.elf.dir/Drivers/STM32F3xx_HAL_Driver/Src/stm32f3xx_hal_uart.c.obj
                0x08006ba6                HAL_UART_ErrorCallback
 .text.UART_DMAAbortOnError
                0x08006ba8       0x14 CMakeFiles/32Inverter.elf.dir/Drivers/STM32F3xx_HAL_Driver/Src/stm32f3xx_hal_uart.c.obj
 .text.HAL_UARTEx_RxEventCallback
                0x08006bbc        0x2 CMakeFiles/32Inverter.elf.dir/Drivers/STM32F3xx_HAL_Driver/Src/stm32f3xx_hal_uart.c.obj
                0x08006bbc                HAL_UARTEx_RxEventCallback
 *fill*         0x08006bbe        0x2 
 .text.HAL_UART_IRQHandler
                0x08006bc0      0x2e8 CMakeFiles/32Inverter.elf.dir/Drivers/STM32F3xx_HAL_Driver/Src/stm32f3xx_hal_uart.c.obj
                0x08006bc0                HAL_UART_IRQHandler
 .text.UART_RxISR_8BIT
                0x08006ea8       0xd0 CMakeFiles/32Inverter.elf.dir/Drivers/STM32F3xx_HAL_Driver/Src/stm32f3xx_hal_uart.c.obj
 .text.UART_RxISR_16BIT
                0x08006f78       0xce CMakeFiles/32Inverter.elf.dir/Drivers/STM32F3xx_HAL_Driver/Src/stm32f3xx_hal_uart.c.obj
 *fill*         0x08007046        0x2 
 .text.UART_Start_Receive_IT
                0x08007048       0xbc CMakeFiles/32Inverter.elf.dir/Drivers/STM32F3xx_HAL_Driver/Src/stm32f3xx_hal_uart.c.obj
                0x08007048                UART_Start_Receive_IT
 .text.HAL_UART_Receive_IT
                0x08007104       0x40 CMakeFiles/32Inverter.elf.dir/Drivers/STM32F3xx_HAL_Driver/Src/stm32f3xx_hal_uart.c.obj
                0x08007104                HAL_UART_Receive_IT
 .text.HAL_UARTEx_WakeupCallback
                0x08007144        0x2 CMakeFiles/32Inverter.elf.dir/Drivers/STM32F3xx_HAL_Driver/Src/stm32f3xx_hal_uart_ex.c.obj
                0x08007144                HAL_UARTEx_WakeupCallback
 *fill*         0x08007146        0x2 
 .text.atexit   0x08007148        0xc /usr/lib/gcc/arm-none-eabi/14.2.0/../../../../arm-none-eabi/lib/thumb/v7e-m+fp/hard/libg.a(libc_a-atexit.o)
                0x08007148                atexit
 .text.stdio_exit_handler
                0x08007154       0x18 /usr/lib/gcc/arm-none-eabi/14.2.0/../../../../arm-none-eabi/lib/thumb/v7e-m+fp/hard/libg.a(libc_a-findfp.o)
 .text.cleanup_stdio
                0x0800716c       0x40 /usr/lib/gcc/arm-none-eabi/14.2.0/../../../../arm-none-eabi/lib/thumb/v7e-m+fp/hard/libg.a(libc_a-findfp.o)
 .text.global_stdio_init.part.0
                0x080071ac       0xf0 /usr/lib/gcc/arm-none-eabi/14.2.0/../../../../arm-none-eabi/lib/thumb/v7e-m+fp/hard/libg.a(libc_a-findfp.o)
 .text.__sinit  0x0800729c       0x3c /usr/lib/gcc/arm-none-eabi/14.2.0/../../../../arm-none-eabi/lib/thumb/v7e-m+fp/hard/libg.a(libc_a-findfp.o)
                0x0800729c                __sinit
 .text.__sfp_lock_acquire
                0x080072d8        0xc /usr/lib/gcc/arm-none-eabi/14.2.0/../../../../arm-none-eabi/lib/thumb/v7e-m+fp/hard/libg.a(libc_a-findfp.o)
                0x080072d8                __sfp_lock_acquire
 .text.__sfp_lock_release
                0x080072e4        0xc /usr/lib/gcc/arm-none-eabi/14.2.0/../../../../arm-none-eabi/lib/thumb/v7e-m+fp/hard/libg.a(libc_a-findfp.o)
                0x080072e4                __sfp_lock_release
 .text._fwalk_sglue
                0x080072f0       0x44 /usr/lib/gcc/arm-none-eabi/14.2.0/../../../../arm-none-eabi/lib/thumb/v7e-m+fp/hard/libg.a(libc_a-fwalk.o)
                0x080072f0                _fwalk_sglue
 .text.printf   0x08007334       0x28 /usr/lib/gcc/arm-none-eabi/14.2.0/../../../../arm-none-eabi/lib/thumb/v7e-m+fp/hard/libg.a(libc_a-printf.o)
                0x08007334                printf
 .text._puts_r  0x0800735c       0xbc /usr/lib/gcc/arm-none-eabi/14.2.0/../../../../arm-none-eabi/lib/thumb/v7e-m+fp/hard/libg.a(libc_a-puts.o)
                0x0800735c                _puts_r
 .text.puts     0x08007418       0x10 /usr/lib/gcc/arm-none-eabi/14.2.0/../../../../arm-none-eabi/lib/thumb/v7e-m+fp/hard/libg.a(libc_a-puts.o)
                0x08007418                puts
 .text.sscanf   0x08007428       0x58 /usr/lib/gcc/arm-none-eabi/14.2.0/../../../../arm-none-eabi/lib/thumb/v7e-m+fp/hard/libg.a(libc_a-sscanf.o)
                0x08007428                sscanf
 .text.__sread  0x08007480       0x24 /usr/lib/gcc/arm-none-eabi/14.2.0/../../../../arm-none-eabi/lib/thumb/v7e-m+fp/hard/libg.a(libc_a-stdio.o)
                0x08007480                __sread
 .text.__seofread
                0x080074a4        0x4 /usr/lib/gcc/arm-none-eabi/14.2.0/../../../../arm-none-eabi/lib/thumb/v7e-m+fp/hard/libg.a(libc_a-stdio.o)
                0x080074a4                __seofread
 .text.__swrite
                0x080074a8       0x40 /usr/lib/gcc/arm-none-eabi/14.2.0/../../../../arm-none-eabi/lib/thumb/v7e-m+fp/hard/libg.a(libc_a-stdio.o)
                0x080074a8                __swrite
 .text.__sseek  0x080074e8       0x24 /usr/lib/gcc/arm-none-eabi/14.2.0/../../../../arm-none-eabi/lib/thumb/v7e-m+fp/hard/libg.a(libc_a-stdio.o)
                0x080074e8                __sseek
 .text.__sclose
                0x0800750c        0x8 /usr/lib/gcc/arm-none-eabi/14.2.0/../../../../arm-none-eabi/lib/thumb/v7e-m+fp/hard/libg.a(libc_a-stdio.o)
                0x0800750c                __sclose
 .text.memset   0x08007514       0x9c /usr/lib/gcc/arm-none-eabi/14.2.0/../../../../arm-none-eabi/lib/thumb/v7e-m+fp/hard/libg.a(libc_a-memset.o)
                0x08007514                memset
 .text._close_r
                0x080075b0       0x24 /usr/lib/gcc/arm-none-eabi/14.2.0/../../../../arm-none-eabi/lib/thumb/v7e-m+fp/hard/libg.a(libc_a-closer.o)
                0x080075b0                _close_r
 .text._lseek_r
                0x080075d4       0x2c /usr/lib/gcc/arm-none-eabi/14.2.0/../../../../arm-none-eabi/lib/thumb/v7e-m+fp/hard/libg.a(libc_a-lseekr.o)
                0x080075d4                _lseek_r
 .text._read_r  0x08007600       0x2c /usr/lib/gcc/arm-none-eabi/14.2.0/../../../../arm-none-eabi/lib/thumb/v7e-m+fp/hard/libg.a(libc_a-readr.o)
                0x08007600                _read_r
 .text._write_r
                0x0800762c       0x2c /usr/lib/gcc/arm-none-eabi/14.2.0/../../../../arm-none-eabi/lib/thumb/v7e-m+fp/hard/libg.a(libc_a-writer.o)
                0x0800762c                _write_r
 .text.__errno  0x08007658        0xc /usr/lib/gcc/arm-none-eabi/14.2.0/../../../../arm-none-eabi/lib/thumb/v7e-m+fp/hard/libg.a(libc_a-errno.o)
                0x08007658                __errno
 .text.__libc_init_array
                0x08007664       0x50 /usr/lib/gcc/arm-none-eabi/14.2.0/../../../../arm-none-eabi/lib/thumb/v7e-m+fp/hard/libg.a(libc_a-init.o)
                0x08007664                __libc_init_array
 .text.__libc_fini_array
                0x080076b4       0x28 /usr/lib/gcc/arm-none-eabi/14.2.0/../../../../arm-none-eabi/lib/thumb/v7e-m+fp/hard/libg.a(libc_a-fini.o)
                0x080076b4                __libc_fini_array
 .text.__retarget_lock_init_recursive
                0x080076dc        0x4 /usr/lib/gcc/arm-none-eabi/14.2.0/../../../../arm-none-eabi/lib/thumb/v7e-m+fp/hard/libg.a(libc_a-lock.o)
                0x080076dc                __retarget_lock_init_recursive
 .text.__retarget_lock_close_recursive
                0x080076e0        0x4 /usr/lib/gcc/arm-none-eabi/14.2.0/../../../../arm-none-eabi/lib/thumb/v7e-m+fp/hard/libg.a(libc_a-lock.o)
                0x080076e0                __retarget_lock_close_recursive
 .text.__retarget_lock_acquire_recursive
                0x080076e4        0x4 /usr/lib/gcc/arm-none-eabi/14.2.0/../../../../arm-none-eabi/lib/thumb/v7e-m+fp/hard/libg.a(libc_a-lock.o)
                0x080076e4                __retarget_lock_acquire_recursive
 .text.__retarget_lock_release_recursive
                0x080076e8        0x4 /usr/lib/gcc/arm-none-eabi/14.2.0/../../../../arm-none-eabi/lib/thumb/v7e-m+fp/hard/libg.a(libc_a-lock.o)
                0x080076e8                __retarget_lock_release_recursive
 .text.__register_exitproc
                0x080076ec       0x80 /usr/lib/gcc/arm-none-eabi/14.2.0/../../../../arm-none-eabi/lib/thumb/v7e-m+fp/hard/libg.a(libc_a-__atexit.o)
                0x080076ec                __register_exitproc
 .text.startup.register_fini
                0x0800776c       0x14 /usr/lib/gcc/arm-none-eabi/14.2.0/../../../../arm-none-eabi/lib/thumb/v7e-m+fp/hard/libg.a(libc_a-__call_atexit.o)
 .text._malloc_trim_r
                0x08007780       0xb8 /usr/lib/gcc/arm-none-eabi/14.2.0/../../../../arm-none-eabi/lib/thumb/v7e-m+fp/hard/libg.a(libc_a-freer.o)
                0x08007780                _malloc_trim_r
 .text._free_r  0x08007838      0x1f0 /usr/lib/gcc/arm-none-eabi/14.2.0/../../../../arm-none-eabi/lib/thumb/v7e-m+fp/hard/libg.a(libc_a-freer.o)
                0x08007838                _free_r
 .text._malloc_r
                0x08007a28      0x59c /usr/lib/gcc/arm-none-eabi/14.2.0/../../../../arm-none-eabi/lib/thumb/v7e-m+fp/hard/libg.a(libc_a-mallocr.o)
                0x08007a28                _malloc_r
 .text.__malloc_lock
                0x08007fc4        0xc /usr/lib/gcc/arm-none-eabi/14.2.0/../../../../arm-none-eabi/lib/thumb/v7e-m+fp/hard/libg.a(libc_a-mlock.o)
                0x08007fc4                __malloc_lock
 .text.__malloc_unlock
                0x08007fd0        0xc /usr/lib/gcc/arm-none-eabi/14.2.0/../../../../arm-none-eabi/lib/thumb/v7e-m+fp/hard/libg.a(libc_a-mlock.o)
                0x08007fd0                __malloc_unlock
 .text.__ssvfscanf_r
                0x08007fdc     0x1a8c /usr/lib/gcc/arm-none-eabi/14.2.0/../../../../arm-none-eabi/lib/thumb/v7e-m+fp/hard/libg.a(libc_a-svfscanf.o)
                0x08007fdc                __ssvfscanf_r
 .text._vfprintf_r
                0x08009a68     0x2288 /usr/lib/gcc/arm-none-eabi/14.2.0/../../../../arm-none-eabi/lib/thumb/v7e-m+fp/hard/libg.a(libc_a-vfprintf.o)
                0x08009a68                _vfprintf_r
 .text.__sbprintf
                0x0800bcf0       0x84 /usr/lib/gcc/arm-none-eabi/14.2.0/../../../../arm-none-eabi/lib/thumb/v7e-m+fp/hard/libg.a(libc_a-vfprintf.o)
 .text.__sprint_r
                0x0800bd74       0x20 /usr/lib/gcc/arm-none-eabi/14.2.0/../../../../arm-none-eabi/lib/thumb/v7e-m+fp/hard/libg.a(libc_a-sprint_r.o)
                0x0800bd74                __sprint_r
 .text._fclose_r
                0x0800bd94       0xc0 /usr/lib/gcc/arm-none-eabi/14.2.0/../../../../arm-none-eabi/lib/thumb/v7e-m+fp/hard/libg.a(libc_a-fclose.o)
                0x0800bd94                _fclose_r
 .text.__sflush_r
                0x0800be54      0x134 /usr/lib/gcc/arm-none-eabi/14.2.0/../../../../arm-none-eabi/lib/thumb/v7e-m+fp/hard/libg.a(libc_a-fflush.o)
                0x0800be54                __sflush_r
 .text._fflush_r
                0x0800bf88       0x54 /usr/lib/gcc/arm-none-eabi/14.2.0/../../../../arm-none-eabi/lib/thumb/v7e-m+fp/hard/libg.a(libc_a-fflush.o)
                0x0800bf88                _fflush_r
 .text.__sfvwrite_r
                0x0800bfdc      0x2e4 /usr/lib/gcc/arm-none-eabi/14.2.0/../../../../arm-none-eabi/lib/thumb/v7e-m+fp/hard/libg.a(libc_a-fvwrite.o)
                0x0800bfdc                __sfvwrite_r
 .text.__sccl   0x0800c2c0       0x98 /usr/lib/gcc/arm-none-eabi/14.2.0/../../../../arm-none-eabi/lib/thumb/v7e-m+fp/hard/libg.a(libc_a-sccl.o)
                0x0800c2c0                __sccl
 .text.sprintf  0x0800c358       0x44 /usr/lib/gcc/arm-none-eabi/14.2.0/../../../../arm-none-eabi/lib/thumb/v7e-m+fp/hard/libg.a(libc_a-sprintf.o)
                0x0800c358                sprintf
 .text.__swsetup_r
                0x0800c39c       0xf4 /usr/lib/gcc/arm-none-eabi/14.2.0/../../../../arm-none-eabi/lib/thumb/v7e-m+fp/hard/libg.a(libc_a-wsetup.o)
                0x0800c39c                __swsetup_r
 .text.memmove  0x0800c490       0xf8 /usr/lib/gcc/arm-none-eabi/14.2.0/../../../../arm-none-eabi/lib/thumb/v7e-m+fp/hard/libg.a(libc_a-memmove.o)
                0x0800c490                memmove
 .text.strncpy  0x0800c588       0x68 /usr/lib/gcc/arm-none-eabi/14.2.0/../../../../arm-none-eabi/lib/thumb/v7e-m+fp/hard/libg.a(libc_a-strncpy.o)
                0x0800c588                strncpy
 .text.__locale_mb_cur_max
                0x0800c5f0        0xc /usr/lib/gcc/arm-none-eabi/14.2.0/../../../../arm-none-eabi/lib/thumb/v7e-m+fp/hard/libg.a(libc_a-locale.o)
                0x0800c5f0                __locale_mb_cur_max
 .text._localeconv_r
                0x0800c5fc        0x8 /usr/lib/gcc/arm-none-eabi/14.2.0/../../../../arm-none-eabi/lib/thumb/v7e-m+fp/hard/libg.a(libc_a-localeconv.o)
                0x0800c5fc                _localeconv_r
 .text._sbrk_r  0x0800c604       0x24 /usr/lib/gcc/arm-none-eabi/14.2.0/../../../../arm-none-eabi/lib/thumb/v7e-m+fp/hard/libg.a(libc_a-sbrkr.o)
                0x0800c604                _sbrk_r
 .text.sysconf  0x0800c628       0x1c /usr/lib/gcc/arm-none-eabi/14.2.0/../../../../arm-none-eabi/lib/thumb/v7e-m+fp/hard/libg.a(libc_a-sysconf.o)
                0x0800c628                sysconf
 .text.nanf     0x0800c644        0xc /usr/lib/gcc/arm-none-eabi/14.2.0/../../../../arm-none-eabi/lib/thumb/v7e-m+fp/hard/libg.a(libm_a-sf_nan.o)
                0x0800c644                nanf
 .text.frexp    0x0800c650       0x64 /usr/lib/gcc/arm-none-eabi/14.2.0/../../../../arm-none-eabi/lib/thumb/v7e-m+fp/hard/libg.a(libm_a-s_frexp.o)
                0x0800c650                frexp
 .text.quorem   0x0800c6b4      0x12c /usr/lib/gcc/arm-none-eabi/14.2.0/../../../../arm-none-eabi/lib/thumb/v7e-m+fp/hard/libg.a(libc_a-dtoa.o)
 .text._dtoa_r  0x0800c7e0     0x1044 /usr/lib/gcc/arm-none-eabi/14.2.0/../../../../arm-none-eabi/lib/thumb/v7e-m+fp/hard/libg.a(libc_a-dtoa.o)
                0x0800c7e0                _dtoa_r
 .text.malloc   0x0800d824       0x10 /usr/lib/gcc/arm-none-eabi/14.2.0/../../../../arm-none-eabi/lib/thumb/v7e-m+fp/hard/libg.a(libc_a-malloc.o)
                0x0800d824                malloc
 .text.free     0x0800d834       0x10 /usr/lib/gcc/arm-none-eabi/14.2.0/../../../../arm-none-eabi/lib/thumb/v7e-m+fp/hard/libg.a(libc_a-malloc.o)
                0x0800d834                free
 .text.__ascii_mbtowc
                0x0800d844       0x2c /usr/lib/gcc/arm-none-eabi/14.2.0/../../../../arm-none-eabi/lib/thumb/v7e-m+fp/hard/libg.a(libc_a-mbtowc_r.o)
                0x0800d844                __ascii_mbtowc
 .text._Balloc  0x0800d870       0x4c /usr/lib/gcc/arm-none-eabi/14.2.0/../../../../arm-none-eabi/lib/thumb/v7e-m+fp/hard/libg.a(libc_a-mprec.o)
                0x0800d870                _Balloc
 .text._Bfree   0x0800d8bc       0x14 /usr/lib/gcc/arm-none-eabi/14.2.0/../../../../arm-none-eabi/lib/thumb/v7e-m+fp/hard/libg.a(libc_a-mprec.o)
                0x0800d8bc                _Bfree
 .text.__multadd
                0x0800d8d0       0xa0 /usr/lib/gcc/arm-none-eabi/14.2.0/../../../../arm-none-eabi/lib/thumb/v7e-m+fp/hard/libg.a(libc_a-mprec.o)
                0x0800d8d0                __multadd
 .text.__s2b    0x0800d970       0xb4 /usr/lib/gcc/arm-none-eabi/14.2.0/../../../../arm-none-eabi/lib/thumb/v7e-m+fp/hard/libg.a(libc_a-mprec.o)
                0x0800d970                __s2b
 .text.__hi0bits
                0x0800da24       0x54 /usr/lib/gcc/arm-none-eabi/14.2.0/../../../../arm-none-eabi/lib/thumb/v7e-m+fp/hard/libg.a(libc_a-mprec.o)
                0x0800da24                __hi0bits
 .text.__lo0bits
                0x0800da78       0x80 /usr/lib/gcc/arm-none-eabi/14.2.0/../../../../arm-none-eabi/lib/thumb/v7e-m+fp/hard/libg.a(libc_a-mprec.o)
                0x0800da78                __lo0bits
 .text.__i2b    0x0800daf8       0x5c /usr/lib/gcc/arm-none-eabi/14.2.0/../../../../arm-none-eabi/lib/thumb/v7e-m+fp/hard/libg.a(libc_a-mprec.o)
                0x0800daf8                __i2b
 .text.__multiply
                0x0800db54      0x16c /usr/lib/gcc/arm-none-eabi/14.2.0/../../../../arm-none-eabi/lib/thumb/v7e-m+fp/hard/libg.a(libc_a-mprec.o)
                0x0800db54                __multiply
 .text.__pow5mult
                0x0800dcc0       0xc0 /usr/lib/gcc/arm-none-eabi/14.2.0/../../../../arm-none-eabi/lib/thumb/v7e-m+fp/hard/libg.a(libc_a-mprec.o)
                0x0800dcc0                __pow5mult
 .text.__lshift
                0x0800dd80       0xe8 /usr/lib/gcc/arm-none-eabi/14.2.0/../../../../arm-none-eabi/lib/thumb/v7e-m+fp/hard/libg.a(libc_a-mprec.o)
                0x0800dd80                __lshift
 .text.__mcmp   0x0800de68       0x44 /usr/lib/gcc/arm-none-eabi/14.2.0/../../../../arm-none-eabi/lib/thumb/v7e-m+fp/hard/libg.a(libc_a-mprec.o)
                0x0800de68                __mcmp
 .text.__mdiff  0x0800deac      0x174 /usr/lib/gcc/arm-none-eabi/14.2.0/../../../../arm-none-eabi/lib/thumb/v7e-m+fp/hard/libg.a(libc_a-mprec.o)
                0x0800deac                __mdiff
 .text.__ulp    0x0800e020       0x64 /usr/lib/gcc/arm-none-eabi/14.2.0/../../../../arm-none-eabi/lib/thumb/v7e-m+fp/hard/libg.a(libc_a-mprec.o)
                0x0800e020                __ulp
 .text.__b2d    0x0800e084       0xbc /usr/lib/gcc/arm-none-eabi/14.2.0/../../../../arm-none-eabi/lib/thumb/v7e-m+fp/hard/libg.a(libc_a-mprec.o)
                0x0800e084                __b2d
 .text.__d2b    0x0800e140       0xbc /usr/lib/gcc/arm-none-eabi/14.2.0/../../../../arm-none-eabi/lib/thumb/v7e-m+fp/hard/libg.a(libc_a-mprec.o)
                0x0800e140                __d2b
 .text.__ratio  0x0800e1fc       0x60 /usr/lib/gcc/arm-none-eabi/14.2.0/../../../../arm-none-eabi/lib/thumb/v7e-m+fp/hard/libg.a(libc_a-mprec.o)
                0x0800e1fc                __ratio
 .text.__copybits
                0x0800e25c       0x5c /usr/lib/gcc/arm-none-eabi/14.2.0/../../../../arm-none-eabi/lib/thumb/v7e-m+fp/hard/libg.a(libc_a-mprec.o)
                0x0800e25c                __copybits
 .text.__any_on
                0x0800e2b8       0x5c /usr/lib/gcc/arm-none-eabi/14.2.0/../../../../arm-none-eabi/lib/thumb/v7e-m+fp/hard/libg.a(libc_a-mprec.o)
                0x0800e2b8                __any_on
 .text.realloc  0x0800e314       0x18 /usr/lib/gcc/arm-none-eabi/14.2.0/../../../../arm-none-eabi/lib/thumb/v7e-m+fp/hard/libg.a(libc_a-realloc.o)
                0x0800e314                realloc
 .text._realloc_r
                0x0800e32c      0x348 /usr/lib/gcc/arm-none-eabi/14.2.0/../../../../arm-none-eabi/lib/thumb/v7e-m+fp/hard/libg.a(libc_a-reallocr.o)
                0x0800e32c                _realloc_r
 *fill*         0x0800e674        0x4 
 .text._strtod_l
                0x0800e678     0x1168 /usr/lib/gcc/arm-none-eabi/14.2.0/../../../../arm-none-eabi/lib/thumb/v7e-m+fp/hard/libg.a(libc_a-strtod.o)
                0x0800e678                _strtod_l
 .text._strtod_r
                0x0800f7e0        0xc /usr/lib/gcc/arm-none-eabi/14.2.0/../../../../arm-none-eabi/lib/thumb/v7e-m+fp/hard/libg.a(libc_a-strtod.o)
                0x0800f7e0                _strtod_r
 .text._strtol_l.isra.0
                0x0800f7ec      0x138 /usr/lib/gcc/arm-none-eabi/14.2.0/../../../../arm-none-eabi/lib/thumb/v7e-m+fp/hard/libg.a(libc_a-strtol.o)
 .text._strtol_r
                0x0800f924        0x4 /usr/lib/gcc/arm-none-eabi/14.2.0/../../../../arm-none-eabi/lib/thumb/v7e-m+fp/hard/libg.a(libc_a-strtol.o)
                0x0800f924                _strtol_r
 .text._strtoul_l.isra.0
                0x0800f928      0x134 /usr/lib/gcc/arm-none-eabi/14.2.0/../../../../arm-none-eabi/lib/thumb/v7e-m+fp/hard/libg.a(libc_a-strtoul.o)
 .text._strtoul_r
                0x0800fa5c        0x4 /usr/lib/gcc/arm-none-eabi/14.2.0/../../../../arm-none-eabi/lib/thumb/v7e-m+fp/hard/libg.a(libc_a-strtoul.o)
                0x0800fa5c                _strtoul_r
 .text.__ascii_wctomb
                0x0800fa60       0x1c /usr/lib/gcc/arm-none-eabi/14.2.0/../../../../arm-none-eabi/lib/thumb/v7e-m+fp/hard/libg.a(libc_a-wctomb_r.o)
                0x0800fa60                __ascii_wctomb
 .text._strtoll_l.isra.0
                0x0800fa7c      0x17c /usr/lib/gcc/arm-none-eabi/14.2.0/../../../../arm-none-eabi/lib/thumb/v7e-m+fp/hard/libg.a(libc_a-strtoll.o)
 .text._strtoll_r
                0x0800fbf8        0x4 /usr/lib/gcc/arm-none-eabi/14.2.0/../../../../arm-none-eabi/lib/thumb/v7e-m+fp/hard/libg.a(libc_a-strtoll.o)
                0x0800fbf8                _strtoll_r
 .text._strtoull_l.isra.0
                0x0800fbfc      0x194 /usr/lib/gcc/arm-none-eabi/14.2.0/../../../../arm-none-eabi/lib/thumb/v7e-m+fp/hard/libg.a(libc_a-strtoull.o)
 .text._strtoull_r
                0x0800fd90        0x4 /usr/lib/gcc/arm-none-eabi/14.2.0/../../../../arm-none-eabi/lib/thumb/v7e-m+fp/hard/libg.a(libc_a-strtoull.o)
                0x0800fd90                _strtoull_r
 .text._mbrtowc_r
                0x0800fd94       0x40 /usr/lib/gcc/arm-none-eabi/14.2.0/../../../../arm-none-eabi/lib/thumb/v7e-m+fp/hard/libg.a(libc_a-mbrtowc.o)
                0x0800fd94                _mbrtowc_r
 .text.iswspace
                0x0800fdd4        0x8 /usr/lib/gcc/arm-none-eabi/14.2.0/../../../../arm-none-eabi/lib/thumb/v7e-m+fp/hard/libg.a(libc_a-iswspace.o)
                0x0800fdd4                iswspace
 .text.iswspace_l
                0x0800fddc       0x14 /usr/lib/gcc/arm-none-eabi/14.2.0/../../../../arm-none-eabi/lib/thumb/v7e-m+fp/hard/libg.a(libc_a-iswspace_l.o)
                0x0800fddc                iswspace_l
 .text._sungetc_r
                0x0800fdf0       0x7c /usr/lib/gcc/arm-none-eabi/14.2.0/../../../../arm-none-eabi/lib/thumb/v7e-m+fp/hard/libg.a(libc_a-svfiscanf.o)
                0x0800fdf0                _sungetc_r
 .text.__ssrefill_r
                0x0800fe6c       0x38 /usr/lib/gcc/arm-none-eabi/14.2.0/../../../../arm-none-eabi/lib/thumb/v7e-m+fp/hard/libg.a(libc_a-svfiscanf.o)
                0x0800fe6c                __ssrefill_r
 .text._sfread_r
                0x0800fea4       0xa4 /usr/lib/gcc/arm-none-eabi/14.2.0/../../../../arm-none-eabi/lib/thumb/v7e-m+fp/hard/libg.a(libc_a-svfiscanf.o)
                0x0800fea4                _sfread_r
 .text._svfprintf_r
                0x0800ff48     0x217c /usr/lib/gcc/arm-none-eabi/14.2.0/../../../../arm-none-eabi/lib/thumb/v7e-m+fp/hard/libg.a(libc_a-svfprintf.o)
                0x0800ff48                _svfprintf_r
 .text.__ssprint_r
                0x080120c4       0x58 /usr/lib/gcc/arm-none-eabi/14.2.0/../../../../arm-none-eabi/lib/thumb/v7e-m+fp/hard/libg.a(libc_a-ssprint_r.o)
                0x080120c4                __ssprint_r
 .text.__smakebuf_r
                0x0801211c       0xd0 /usr/lib/gcc/arm-none-eabi/14.2.0/../../../../arm-none-eabi/lib/thumb/v7e-m+fp/hard/libg.a(libc_a-makebuf.o)
                0x0801211c                __smakebuf_r
 .text.__submore
                0x080121ec       0x74 /usr/lib/gcc/arm-none-eabi/14.2.0/../../../../arm-none-eabi/lib/thumb/v7e-m+fp/hard/libg.a(libc_a-ungetc.o)
                0x080121ec                __submore
 .text.strncmp  0x08012260       0x78 /usr/lib/gcc/arm-none-eabi/14.2.0/../../../../arm-none-eabi/lib/thumb/v7e-m+fp/hard/libg.a(libc_a-strncmp.o)
                0x08012260                strncmp
 .text._fstat_r
                0x080122d8       0x2c /usr/lib/gcc/arm-none-eabi/14.2.0/../../../../arm-none-eabi/lib/thumb/v7e-m+fp/hard/libg.a(libc_a-fstatr.o)
                0x080122d8                _fstat_r
 .text._isatty_r
                0x08012304       0x24 /usr/lib/gcc/arm-none-eabi/14.2.0/../../../../arm-none-eabi/lib/thumb/v7e-m+fp/hard/libg.a(libc_a-isattyr.o)
                0x08012304                _isatty_r
 .text.nan      0x08012328       0x10 /usr/lib/gcc/arm-none-eabi/14.2.0/../../../../arm-none-eabi/lib/thumb/v7e-m+fp/hard/libg.a(libm_a-s_nan.o)
                0x08012328                nan
 .text.__assert_func
                0x08012338       0x40 /usr/lib/gcc/arm-none-eabi/14.2.0/../../../../arm-none-eabi/lib/thumb/v7e-m+fp/hard/libg.a(libc_a-assert.o)
                0x08012338                __assert_func
 .text._calloc_r
                0x08012378       0x6c /usr/lib/gcc/arm-none-eabi/14.2.0/../../../../arm-none-eabi/lib/thumb/v7e-m+fp/hard/libg.a(libc_a-callocr.o)
                0x08012378                _calloc_r
 .text.rshift   0x080123e4       0xac /usr/lib/gcc/arm-none-eabi/14.2.0/../../../../arm-none-eabi/lib/thumb/v7e-m+fp/hard/libg.a(libc_a-gdtoa-gethex.o)
 .text.__gethex
                0x08012490      0x5f8 /usr/lib/gcc/arm-none-eabi/14.2.0/../../../../arm-none-eabi/lib/thumb/v7e-m+fp/hard/libg.a(libc_a-gdtoa-gethex.o)
                0x08012490                __gethex
 .text.__match  0x08012a88       0x38 /usr/lib/gcc/arm-none-eabi/14.2.0/../../../../arm-none-eabi/lib/thumb/v7e-m+fp/hard/libg.a(libc_a-gdtoa-hexnan.o)
                0x08012a88                __match
 .text.__hexnan
                0x08012ac0      0x1c8 /usr/lib/gcc/arm-none-eabi/14.2.0/../../../../arm-none-eabi/lib/thumb/v7e-m+fp/hard/libg.a(libc_a-gdtoa-hexnan.o)
                0x08012ac0                __hexnan
 .text.fiprintf
                0x08012c88       0x28 /usr/lib/gcc/arm-none-eabi/14.2.0/../../../../arm-none-eabi/lib/thumb/v7e-m+fp/hard/libg.a(libc_a-fiprintf.o)
                0x08012c88                fiprintf
 .text._vfiprintf_r
                0x08012cb0     0x10b0 /usr/lib/gcc/arm-none-eabi/14.2.0/../../../../arm-none-eabi/lib/thumb/v7e-m+fp/hard/libg.a(libc_a-vfiprintf.o)
                0x08012cb0                _vfiprintf_r
 .text.__sbprintf
                0x08013d60       0x84 /usr/lib/gcc/arm-none-eabi/14.2.0/../../../../arm-none-eabi/lib/thumb/v7e-m+fp/hard/libg.a(libc_a-vfiprintf.o)
 .text.__ssputs_r
                0x08013de4       0xc0 /usr/lib/gcc/arm-none-eabi/14.2.0/../../../../arm-none-eabi/lib/thumb/v7e-m+fp/hard/libg.a(libc_a-ssputs_r.o)
                0x08013de4                __ssputs_r
 .text.abort    0x08013ea4       0x10 /usr/lib/gcc/arm-none-eabi/14.2.0/../../../../arm-none-eabi/lib/thumb/v7e-m+fp/hard/libg.a(libc_a-abort.o)
                0x08013ea4                abort
 .text.raise    0x08013eb4       0x58 /usr/lib/gcc/arm-none-eabi/14.2.0/../../../../arm-none-eabi/lib/thumb/v7e-m+fp/hard/libg.a(libc_a-signal.o)
                0x08013eb4                raise
 .text._kill_r  0x08013f0c       0x2c /usr/lib/gcc/arm-none-eabi/14.2.0/../../../../arm-none-eabi/lib/thumb/v7e-m+fp/hard/libg.a(libc_a-signalr.o)
                0x08013f0c                _kill_r
 .text._getpid_r
                0x08013f38        0x4 /usr/lib/gcc/arm-none-eabi/14.2.0/../../../../arm-none-eabi/lib/thumb/v7e-m+fp/hard/libg.a(libc_a-signalr.o)
                0x08013f38                _getpid_r
 .text.__fixdfdi
                0x08013f3c       0x2e /usr/lib/gcc/arm-none-eabi/14.2.0/thumb/v7e-m+fp/hard/libgcc.a(_fixdfdi.o)
                0x08013f3c                __aeabi_d2lz
                0x08013f3c                __fixdfdi
 *fill*         0x08013f6a        0x2 
 .text.__fixunsdfdi
                0x08013f6c       0x3c /usr/lib/gcc/arm-none-eabi/14.2.0/thumb/v7e-m+fp/hard/libgcc.a(_fixunsdfdi.o)
                0x08013f6c                __aeabi_d2ulz
                0x08013f6c                __fixunsdfdi
 .text.__udivmoddi4
                0x08013fa8      0x2bc /usr/lib/gcc/arm-none-eabi/14.2.0/thumb/v7e-m+fp/hard/libgcc.a(_udivmoddi4.o)
                0x08013fa8                __udivmoddi4
 .text.logf     0x08014264       0x60 /usr/lib/gcc/arm-none-eabi/14.2.0/../../../../arm-none-eabi/lib/thumb/v7e-m+fp/hard/libm.a(libm_a-wf_log.o)
                0x08014264                logf
 .text.sqrtf    0x080142c4       0x44 /usr/lib/gcc/arm-none-eabi/14.2.0/../../../../arm-none-eabi/lib/thumb/v7e-m+fp/hard/libm.a(libm_a-wf_sqrt.o)
                0x080142c4                sqrtf
 .text.__ieee754_sqrtf
                0x08014308        0x8 /usr/lib/gcc/arm-none-eabi/14.2.0/../../../../arm-none-eabi/lib/thumb/v7e-m+fp/hard/libm.a(libm_a-ef_sqrt.o)
                0x08014308                __ieee754_sqrtf
 .text.__ieee754_logf
                0x08014310      0x1f4 /usr/lib/gcc/arm-none-eabi/14.2.0/../../../../arm-none-eabi/lib/thumb/v7e-m+fp/hard/libm.a(libm_a-ef_log.o)
                0x08014310                __ieee754_logf
 *(.glue_7)
 .glue_7        0x08014504        0x0 linker stubs
 *(.glue_7t)
 .glue_7t       0x08014504        0x0 linker stubs
 *(.eh_frame)
 .eh_frame      0x08014504        0x0 /usr/lib/gcc/arm-none-eabi/14.2.0/thumb/v7e-m+fp/hard/crtbegin.o
 *(.init)
 .init          0x08014504        0x4 /usr/lib/gcc/arm-none-eabi/14.2.0/thumb/v7e-m+fp/hard/crti.o
                0x08014504                _init
 .init          0x08014508        0x8 /usr/lib/gcc/arm-none-eabi/14.2.0/thumb/v7e-m+fp/hard/crtn.o
 *(.fini)
 .fini          0x08014510        0x4 /usr/lib/gcc/arm-none-eabi/14.2.0/thumb/v7e-m+fp/hard/crti.o
                0x08014510                _fini
 .fini          0x08014514        0x8 /usr/lib/gcc/arm-none-eabi/14.2.0/thumb/v7e-m+fp/hard/crtn.o
                0x0801451c                        . = ALIGN (0x4)
                0x0801451c                        _etext = .

.vfp11_veneer   0x0801451c        0x0
 .vfp11_veneer  0x0801451c        0x0 linker stubs

.v4_bx          0x0801451c        0x0
 .v4_bx         0x0801451c        0x0 linker stubs

.iplt           0x0801451c        0x0
 .iplt          0x0801451c        0x0 /usr/lib/gcc/arm-none-eabi/14.2.0/thumb/v7e-m+fp/hard/crtbegin.o

.rodata         0x08014520      0x6f4
                0x08014520                        . = ALIGN (0x4)
 *(.rodata)
 *(.rodata*)
 .rodata.parse_command.str1.4
                0x08014520      0x2ea CMakeFiles/32Inverter.elf.dir/Core/Src/cli.c.obj
                                 0xed (size before relaxing)
 .rodata.main.str1.4
                0x0801480a       0x51 CMakeFiles/32Inverter.elf.dir/Core/Src/main.c.obj
 *fill*         0x0801480a        0x2 
 .rodata.AHBPrescTable
                0x0801480c       0x10 CMakeFiles/32Inverter.elf.dir/Core/Src/system_stm32f3xx.c.obj
                0x0801480c                AHBPrescTable
 .rodata.aPredivFactorTable
                0x0801481c       0x10 CMakeFiles/32Inverter.elf.dir/Drivers/STM32F3xx_HAL_Driver/Src/stm32f3xx_hal_rcc.c.obj
 .rodata.aPLLMULFactorTable
                0x0801482c       0x10 CMakeFiles/32Inverter.elf.dir/Drivers/STM32F3xx_HAL_Driver/Src/stm32f3xx_hal_rcc.c.obj
 .rodata._puts_r.str1.4
                0x0801483c        0x2 /usr/lib/gcc/arm-none-eabi/14.2.0/../../../../arm-none-eabi/lib/thumb/v7e-m+fp/hard/libg.a(libc_a-puts.o)
 .rodata.__ssvfscanf_r.str1.4
                0x0801483c        0x9 /usr/lib/gcc/arm-none-eabi/14.2.0/../../../../arm-none-eabi/lib/thumb/v7e-m+fp/hard/libg.a(libc_a-svfscanf.o)
 .rodata.basefix.0
                0x0801483c       0x22 /usr/lib/gcc/arm-none-eabi/14.2.0/../../../../arm-none-eabi/lib/thumb/v7e-m+fp/hard/libg.a(libc_a-svfscanf.o)
 .rodata._vfprintf_r.str1.4
                0x0801485e       0x42 /usr/lib/gcc/arm-none-eabi/14.2.0/../../../../arm-none-eabi/lib/thumb/v7e-m+fp/hard/libg.a(libc_a-vfprintf.o)
 *fill*         0x0801485e        0x2 
 .rodata.zeroes.0
                0x08014860       0x10 /usr/lib/gcc/arm-none-eabi/14.2.0/../../../../arm-none-eabi/lib/thumb/v7e-m+fp/hard/libg.a(libc_a-vfprintf.o)
 .rodata.blanks.1
                0x08014870       0x10 /usr/lib/gcc/arm-none-eabi/14.2.0/../../../../arm-none-eabi/lib/thumb/v7e-m+fp/hard/libg.a(libc_a-vfprintf.o)
 .rodata._setlocale_r.str1.4
                0x08014880        0xd /usr/lib/gcc/arm-none-eabi/14.2.0/../../../../arm-none-eabi/lib/thumb/v7e-m+fp/hard/libg.a(libc_a-locale.o)
 .rodata.str1.4
                0x08014880        0x2 /usr/lib/gcc/arm-none-eabi/14.2.0/../../../../arm-none-eabi/lib/thumb/v7e-m+fp/hard/libg.a(libc_a-locale.o)
 .rodata._dtoa_r.str1.4
                0x08014880       0x6a /usr/lib/gcc/arm-none-eabi/14.2.0/../../../../arm-none-eabi/lib/thumb/v7e-m+fp/hard/libg.a(libc_a-dtoa.o)
 .rodata.__multadd.str1.4
                0x08014880       0x57 /usr/lib/gcc/arm-none-eabi/14.2.0/../../../../arm-none-eabi/lib/thumb/v7e-m+fp/hard/libg.a(libc_a-mprec.o)
 .rodata.p05.0  0x08014880        0xc /usr/lib/gcc/arm-none-eabi/14.2.0/../../../../arm-none-eabi/lib/thumb/v7e-m+fp/hard/libg.a(libc_a-mprec.o)
 *fill*         0x0801488c        0x4 
 .rodata.__mprec_bigtens
                0x08014890       0x28 /usr/lib/gcc/arm-none-eabi/14.2.0/../../../../arm-none-eabi/lib/thumb/v7e-m+fp/hard/libg.a(libc_a-mprec.o)
                0x08014890                __mprec_bigtens
 .rodata.__mprec_tens
                0x080148b8       0xc8 /usr/lib/gcc/arm-none-eabi/14.2.0/../../../../arm-none-eabi/lib/thumb/v7e-m+fp/hard/libg.a(libc_a-mprec.o)
                0x080148b8                __mprec_tens
 .rodata._strtod_l.str1.4
                0x08014980       0x15 /usr/lib/gcc/arm-none-eabi/14.2.0/../../../../arm-none-eabi/lib/thumb/v7e-m+fp/hard/libg.a(libc_a-strtod.o)
 .rodata.fpinan.0
                0x08014980       0x14 /usr/lib/gcc/arm-none-eabi/14.2.0/../../../../arm-none-eabi/lib/thumb/v7e-m+fp/hard/libg.a(libc_a-strtod.o)
 .rodata.fpi.1  0x08014994       0x14 /usr/lib/gcc/arm-none-eabi/14.2.0/../../../../arm-none-eabi/lib/thumb/v7e-m+fp/hard/libg.a(libc_a-strtod.o)
 .rodata.tinytens
                0x080149a8       0x28 /usr/lib/gcc/arm-none-eabi/14.2.0/../../../../arm-none-eabi/lib/thumb/v7e-m+fp/hard/libg.a(libc_a-strtod.o)
 .rodata._mbrtowc_r.str1.4
                0x080149d0        0x1 /usr/lib/gcc/arm-none-eabi/14.2.0/../../../../arm-none-eabi/lib/thumb/v7e-m+fp/hard/libg.a(libc_a-mbrtowc.o)
 .rodata._ctype_
                0x080149d0      0x101 /usr/lib/gcc/arm-none-eabi/14.2.0/../../../../arm-none-eabi/lib/thumb/v7e-m+fp/hard/libg.a(libc_a-ctype_.o)
                0x080149d0                _ctype_
 .rodata._svfprintf_r.str1.4
                0x08014ad1       0x42 /usr/lib/gcc/arm-none-eabi/14.2.0/../../../../arm-none-eabi/lib/thumb/v7e-m+fp/hard/libg.a(libc_a-svfprintf.o)
 *fill*         0x08014ad1        0x3 
 .rodata.zeroes.0
                0x08014ad4       0x10 /usr/lib/gcc/arm-none-eabi/14.2.0/../../../../arm-none-eabi/lib/thumb/v7e-m+fp/hard/libg.a(libc_a-svfprintf.o)
 .rodata.blanks.1
                0x08014ae4       0x10 /usr/lib/gcc/arm-none-eabi/14.2.0/../../../../arm-none-eabi/lib/thumb/v7e-m+fp/hard/libg.a(libc_a-svfprintf.o)
 .rodata.__assert_func.str1.4
                0x08014af4       0x43 /usr/lib/gcc/arm-none-eabi/14.2.0/../../../../arm-none-eabi/lib/thumb/v7e-m+fp/hard/libg.a(libc_a-assert.o)
 .rodata.__gethex.str1.4
                0x08014af4       0x62 /usr/lib/gcc/arm-none-eabi/14.2.0/../../../../arm-none-eabi/lib/thumb/v7e-m+fp/hard/libg.a(libc_a-gdtoa-gethex.o)
 .rodata.__hexdig
                0x08014af4      0x100 /usr/lib/gcc/arm-none-eabi/14.2.0/../../../../arm-none-eabi/lib/thumb/v7e-m+fp/hard/libg.a(libc_a-gdtoa-gethex.o)
                0x08014af4                __hexdig
 .rodata._vfiprintf_r.str1.4
                0x08014bf4       0x2f /usr/lib/gcc/arm-none-eabi/14.2.0/../../../../arm-none-eabi/lib/thumb/v7e-m+fp/hard/libg.a(libc_a-vfiprintf.o)
 .rodata.zeroes.0
                0x08014bf4       0x10 /usr/lib/gcc/arm-none-eabi/14.2.0/../../../../arm-none-eabi/lib/thumb/v7e-m+fp/hard/libg.a(libc_a-vfiprintf.o)
 .rodata.blanks.1
                0x08014c04       0x10 /usr/lib/gcc/arm-none-eabi/14.2.0/../../../../arm-none-eabi/lib/thumb/v7e-m+fp/hard/libg.a(libc_a-vfiprintf.o)
 .rodata.logf.str1.4
                0x08014c14        0x1 /usr/lib/gcc/arm-none-eabi/14.2.0/../../../../arm-none-eabi/lib/thumb/v7e-m+fp/hard/libm.a(libm_a-wf_log.o)
                0x08014c24                        . = ALIGN (0x4)

.ARM.extab      0x08014c14        0x0
                0x08014c14                        . = ALIGN (0x4)
 *(.ARM.extab* .gnu.linkonce.armextab.*)
                0x08014c14                        . = ALIGN (0x4)

.ARM            0x08014c14        0x8
                0x08014c14                        . = ALIGN (0x4)
                0x08014c14                        __exidx_start = .
 *(.ARM.exidx*)
 .ARM.exidx     0x08014c14        0x8 /usr/lib/gcc/arm-none-eabi/14.2.0/../../../../arm-none-eabi/lib/thumb/v7e-m+fp/hard/libg.a(libc_a-strcmp.o)
 .ARM.exidx     0x08014c1c        0x0 /usr/lib/gcc/arm-none-eabi/14.2.0/../../../../arm-none-eabi/lib/thumb/v7e-m+fp/hard/libg.a(libc_a-strlen.o)
                                  0x8 (size before relaxing)
 .ARM.exidx     0x08014c1c        0x0 /usr/lib/gcc/arm-none-eabi/14.2.0/../../../../arm-none-eabi/lib/thumb/v7e-m+fp/hard/libg.a(libc_a-memchr.o)
                                  0x8 (size before relaxing)
 .ARM.exidx     0x08014c1c        0x0 /usr/lib/gcc/arm-none-eabi/14.2.0/../../../../arm-none-eabi/lib/thumb/v7e-m+fp/hard/libg.a(libc_a-memcpy.o)
                                  0x8 (size before relaxing)
 .ARM.exidx.text.__udivmoddi4
                0x08014c1c        0x0 /usr/lib/gcc/arm-none-eabi/14.2.0/thumb/v7e-m+fp/hard/libgcc.a(_udivmoddi4.o)
                                  0x8 (size before relaxing)
                0x08014c1c                        __exidx_end = .
                0x08014c1c                        . = ALIGN (0x4)

.rel.dyn        0x08014c1c        0x0
 .rel.iplt      0x08014c1c        0x0 /usr/lib/gcc/arm-none-eabi/14.2.0/thumb/v7e-m+fp/hard/crtbegin.o

.preinit_array  0x08014c1c        0x0
                0x08014c1c                        . = ALIGN (0x4)
                0x08014c1c                        PROVIDE (__preinit_array_start = .)
 *(.preinit_array*)
                0x08014c1c                        PROVIDE (__preinit_array_end = .)
                0x08014c1c                        . = ALIGN (0x4)

.init_array     0x08014c1c        0x8
                0x08014c1c                        . = ALIGN (0x4)
                0x08014c1c                        PROVIDE (__init_array_start = .)
 *(SORT_BY_NAME(.init_array.*))
 .init_array.00000
                0x08014c1c        0x4 /usr/lib/gcc/arm-none-eabi/14.2.0/../../../../arm-none-eabi/lib/thumb/v7e-m+fp/hard/libg.a(libc_a-__call_atexit.o)
 *(.init_array*)
 .init_array    0x08014c20        0x4 /usr/lib/gcc/arm-none-eabi/14.2.0/thumb/v7e-m+fp/hard/crtbegin.o
                0x08014c24                        PROVIDE (__init_array_end = .)
                0x08014c24                        . = ALIGN (0x4)

.fini_array     0x08014c24        0x4
                0x08014c24                        . = ALIGN (0x4)
                0x08014c24                        PROVIDE (__fini_array_start = .)
 *(SORT_BY_NAME(.fini_array.*))
 *(.fini_array*)
 .fini_array    0x08014c24        0x4 /usr/lib/gcc/arm-none-eabi/14.2.0/thumb/v7e-m+fp/hard/crtbegin.o
                0x08014c28                        PROVIDE (__fini_array_end = .)
                0x08014c28                        . = ALIGN (0x4)
                0x08014c28                        _sidata = LOADADDR (.data)

.data           0x20000000      0x8d4 load address 0x08014c28
                0x20000000                        . = ALIGN (0x4)
                0x20000000                        _sdata = .
 *(.data)
 *(.data*)
 .data.rotor_flux_linkage.3
                0x20000000        0x4 CMakeFiles/32Inverter.elf.dir/Core/Src/inverter.c.obj
 .data.setpoint_alpha.4
                0x20000004        0x4 CMakeFiles/32Inverter.elf.dir/Core/Src/inverter.c.obj
 .data.resolver_offset.8
                0x20000008        0x4 CMakeFiles/32Inverter.elf.dir/Core/Src/inverter.c.obj
 .data.cycle_current.1
                0x2000000c        0x4 CMakeFiles/32Inverter.elf.dir/Core/Src/main.c.obj
 .data.cycle_period.2
                0x20000010        0x4 CMakeFiles/32Inverter.elf.dir/Core/Src/main.c.obj
 .data.SystemCoreClock
                0x20000014        0x4 CMakeFiles/32Inverter.elf.dir/Core/Src/system_stm32f3xx.c.obj
                0x20000014                SystemCoreClock
 .data.sin_lut_table
                0x20000018      0x200 CMakeFiles/32Inverter.elf.dir/Core/Src/vectors.c.obj
                0x20000018                sin_lut_table
 .data.uwTickFreq
                0x20000218        0x1 CMakeFiles/32Inverter.elf.dir/Drivers/STM32F3xx_HAL_Driver/Src/stm32f3xx_hal.c.obj
                0x20000218                uwTickFreq
 *fill*         0x20000219        0x3 
 .data.uwTickPrio
                0x2000021c        0x4 CMakeFiles/32Inverter.elf.dir/Drivers/STM32F3xx_HAL_Driver/Src/stm32f3xx_hal.c.obj
                0x2000021c                uwTickPrio
 .data.__sglue  0x20000220        0xc /usr/lib/gcc/arm-none-eabi/14.2.0/../../../../arm-none-eabi/lib/thumb/v7e-m+fp/hard/libg.a(libc_a-findfp.o)
                0x20000220                __sglue
 .data._impure_ptr
                0x2000022c        0x4 /usr/lib/gcc/arm-none-eabi/14.2.0/../../../../arm-none-eabi/lib/thumb/v7e-m+fp/hard/libg.a(libc_a-impure.o)
                0x2000022c                _impure_ptr
 .data._impure_data
                0x20000230      0x120 /usr/lib/gcc/arm-none-eabi/14.2.0/../../../../arm-none-eabi/lib/thumb/v7e-m+fp/hard/libg.a(libc_a-impure.o)
                0x20000230                _impure_data
 .data.__atexit_recursive_mutex
                0x20000350        0x4 /usr/lib/gcc/arm-none-eabi/14.2.0/../../../../arm-none-eabi/lib/thumb/v7e-m+fp/hard/libg.a(libc_a-__call_atexit.o)
                0x20000350                __atexit_recursive_mutex
 .data.__malloc_sbrk_base
                0x20000354        0x4 /usr/lib/gcc/arm-none-eabi/14.2.0/../../../../arm-none-eabi/lib/thumb/v7e-m+fp/hard/libg.a(libc_a-mallocr.o)
                0x20000354                __malloc_sbrk_base
 .data.__malloc_trim_threshold
                0x20000358        0x4 /usr/lib/gcc/arm-none-eabi/14.2.0/../../../../arm-none-eabi/lib/thumb/v7e-m+fp/hard/libg.a(libc_a-mallocr.o)
                0x20000358                __malloc_trim_threshold
 *fill*         0x2000035c        0x4 
 .data.__malloc_av_
                0x20000360      0x408 /usr/lib/gcc/arm-none-eabi/14.2.0/../../../../arm-none-eabi/lib/thumb/v7e-m+fp/hard/libg.a(libc_a-mallocr.o)
                0x20000360                __malloc_av_
 .data.__global_locale
                0x20000768      0x16c /usr/lib/gcc/arm-none-eabi/14.2.0/../../../../arm-none-eabi/lib/thumb/v7e-m+fp/hard/libg.a(libc_a-locale.o)
                0x20000768                __global_locale
 *(.RamFunc)
 *(.RamFunc*)
                0x200008d4                        . = ALIGN (0x4)
                0x200008d4                        _edata = .
                0x080154fc                        _siccmram = LOADADDR (.ccmram)

.igot.plt       0x200008d4        0x0 load address 0x080154fc
 .igot.plt      0x200008d4        0x0 /usr/lib/gcc/arm-none-eabi/14.2.0/thumb/v7e-m+fp/hard/crtbegin.o

.ccmram         0x10000000        0x0 load address 0x080154fc
                0x10000000                        . = ALIGN (0x4)
                0x10000000                        _sccmram = .
 *(.ccmram)
 *(.ccmram*)
                0x10000000                        . = ALIGN (0x4)
                0x10000000                        _eccmram = .
                0x10000000                        . = ALIGN (0x4)

.bss            0x200008d4      0x8cc
                0x200008d4                        _sbss = .
                0x200008d4                        __bss_start__ = _sbss
 *(.bss)
 *(.bss*)
 .bss.completed.1
                0x200008d4        0x1 /usr/lib/gcc/arm-none-eabi/14.2.0/thumb/v7e-m+fp/hard/crtbegin.o
 *fill*         0x200008d5        0x3 
 .bss.object.0  0x200008d8       0x18 /usr/lib/gcc/arm-none-eabi/14.2.0/thumb/v7e-m+fp/hard/crtbegin.o
 .bss.new_vbus.0
                0x200008f0        0x4 CMakeFiles/32Inverter.elf.dir/Core/Src/adc.c.obj
 .bss.data.1    0x200008f4        0xa CMakeFiles/32Inverter.elf.dir/Core/Src/adc.c.obj
 *fill*         0x200008fe        0x2 
 .bss.me        0x20000900       0x4c CMakeFiles/32Inverter.elf.dir/Core/Src/cli.c.obj
 .bss.sum.0     0x2000094c        0x8 CMakeFiles/32Inverter.elf.dir/Core/Src/inverter.c.obj
 .bss.tick.1    0x20000954        0x4 CMakeFiles/32Inverter.elf.dir/Core/Src/inverter.c.obj
 .bss.pwmABC.2  0x20000958        0xc CMakeFiles/32Inverter.elf.dir/Core/Src/inverter.c.obj
 .bss.current_dq.5
                0x20000964        0x8 CMakeFiles/32Inverter.elf.dir/Core/Src/inverter.c.obj
 .bss.current_ab.6
                0x2000096c        0x8 CMakeFiles/32Inverter.elf.dir/Core/Src/inverter.c.obj
 .bss.current_abc.7
                0x20000974        0xc CMakeFiles/32Inverter.elf.dir/Core/Src/inverter.c.obj
 .bss.cycle_syf_current.0
                0x20000980        0x4 CMakeFiles/32Inverter.elf.dir/Core/Src/main.c.obj
 .bss.htim8     0x20000984       0x4c CMakeFiles/32Inverter.elf.dir/Core/Src/main.c.obj
                0x20000984                htim8
 .bss.huart3    0x200009d0       0x88 CMakeFiles/32Inverter.elf.dir/Core/Src/main.c.obj
                0x200009d0                huart3
 .bss.htim1     0x20000a58       0x4c CMakeFiles/32Inverter.elf.dir/Core/Src/main.c.obj
                0x20000a58                htim1
 .bss.hspi1     0x20000aa4       0x64 CMakeFiles/32Inverter.elf.dir/Core/Src/main.c.obj
                0x20000aa4                hspi1
 .bss.hcan      0x20000b08       0x28 CMakeFiles/32Inverter.elf.dir/Core/Src/main.c.obj
                0x20000b08                hcan
 .bss.hdma_adc4
                0x20000b30       0x44 CMakeFiles/32Inverter.elf.dir/Core/Src/main.c.obj
                0x20000b30                hdma_adc4
 .bss.hdma_adc1
                0x20000b74       0x44 CMakeFiles/32Inverter.elf.dir/Core/Src/main.c.obj
                0x20000b74                hdma_adc1
 .bss.hadc4     0x20000bb8       0x50 CMakeFiles/32Inverter.elf.dir/Core/Src/main.c.obj
                0x20000bb8                hadc4
 .bss.hadc3     0x20000c08       0x50 CMakeFiles/32Inverter.elf.dir/Core/Src/main.c.obj
                0x20000c08                hadc3
 .bss.hadc2     0x20000c58       0x50 CMakeFiles/32Inverter.elf.dir/Core/Src/main.c.obj
                0x20000c58                hadc2
 .bss.hadc1     0x20000ca8       0x50 CMakeFiles/32Inverter.elf.dir/Core/Src/main.c.obj
                0x20000ca8                hadc1
 .bss.charger   0x20000cf8       0x50 CMakeFiles/32Inverter.elf.dir/Core/Src/main.c.obj
                0x20000cf8                charger
 .bss.inv       0x20000d48      0x134 CMakeFiles/32Inverter.elf.dir/Core/Src/main.c.obj
                0x20000d48                inv
 .bss.HAL_RCC_ADC34_CLK_ENABLED
                0x20000e7c        0x4 CMakeFiles/32Inverter.elf.dir/Core/Src/stm32f3xx_hal_msp.c.obj
 .bss.HAL_RCC_ADC12_CLK_ENABLED
                0x20000e80        0x4 CMakeFiles/32Inverter.elf.dir/Core/Src/stm32f3xx_hal_msp.c.obj
 .bss.__sbrk_heap_end
                0x20000e84        0x4 CMakeFiles/32Inverter.elf.dir/Core/Src/sysmem.c.obj
 .bss.uwTick    0x20000e88        0x4 CMakeFiles/32Inverter.elf.dir/Drivers/STM32F3xx_HAL_Driver/Src/stm32f3xx_hal.c.obj
                0x20000e88                uwTick