Archive member included to satisfy reference by file (symbol)

/usr/lib/gcc/arm-none-eabi/14.2.0/thumb/v7e-m+fp/hard/libgcc.a(_arm_muldf3.o)
                              CMakeFiles/32Inverter.elf.dir/Core/Src/inverter.c.obj (__aeabi_dmul)
/usr/lib/gcc/arm-none-eabi/14.2.0/thumb/v7e-m+fp/hard/libgcc.a(_arm_addsubdf3.o)
                              CMakeFiles/32Inverter.elf.dir/Core/Src/vectors.c.obj (__aeabi_dsub)
/usr/lib/gcc/arm-none-eabi/14.2.0/thumb/v7e-m+fp/hard/libgcc.a(_arm_muldivdf3.o)
                              CMakeFiles/32Inverter.elf.dir/Core/Src/vectors.c.obj (__aeabi_ddiv)
/usr/lib/gcc/arm-none-eabi/14.2.0/thumb/v7e-m+fp/hard/libgcc.a(_arm_cmpdf2.o)
                              CMakeFiles/32Inverter.elf.dir/Core/Src/inverter.c.obj (__aeabi_dcmplt)
/usr/lib/gcc/arm-none-eabi/14.2.0/thumb/v7e-m+fp/hard/libgcc.a(_arm_fixunsdfsi.o)
                              CMakeFiles/32Inverter.elf.dir/Core/Src/inverter.c.obj (__aeabi_d2uiz)
/usr/lib/gcc/arm-none-eabi/14.2.0/thumb/v7e-m+fp/hard/libgcc.a(_arm_truncdfsf2.o)
                              CMakeFiles/32Inverter.elf.dir/Core/Src/vectors.c.obj (__aeabi_d2f)
/usr/lib/gcc/arm-none-eabi/14.2.0/../../../../arm-none-eabi/lib/thumb/v7e-m+fp/hard/libg.a(libc_a-atexit.o)
                              /usr/lib/gcc/arm-none-eabi/14.2.0/../../../../arm-none-eabi/lib/thumb/v7e-m+fp/hard/crt0.o (atexit)
/usr/lib/gcc/arm-none-eabi/14.2.0/../../../../arm-none-eabi/lib/thumb/v7e-m+fp/hard/libg.a(libc_a-exit.o)
                              /usr/lib/gcc/arm-none-eabi/14.2.0/../../../../arm-none-eabi/lib/thumb/v7e-m+fp/hard/crt0.o (exit)
/usr/lib/gcc/arm-none-eabi/14.2.0/../../../../arm-none-eabi/lib/thumb/v7e-m+fp/hard/libg.a(libc_a-findfp.o)
                              /usr/lib/gcc/arm-none-eabi/14.2.0/../../../../arm-none-eabi/lib/thumb/v7e-m+fp/hard/libg.a(libc_a-exit.o) (__stdio_exit_handler)
/usr/lib/gcc/arm-none-eabi/14.2.0/../../../../arm-none-eabi/lib/thumb/v7e-m+fp/hard/libg.a(libc_a-fwalk.o)
                              /usr/lib/gcc/arm-none-eabi/14.2.0/../../../../arm-none-eabi/lib/thumb/v7e-m+fp/hard/libg.a(libc_a-findfp.o) (_fwalk_sglue)
/usr/lib/gcc/arm-none-eabi/14.2.0/../../../../arm-none-eabi/lib/thumb/v7e-m+fp/hard/libg.a(libc_a-printf.o)
                              CMakeFiles/32Inverter.elf.dir/Core/Src/cli.c.obj (printf)
/usr/lib/gcc/arm-none-eabi/14.2.0/../../../../arm-none-eabi/lib/thumb/v7e-m+fp/hard/libg.a(libc_a-putchar.o)
                              CMakeFiles/32Inverter.elf.dir/Core/Src/oscilloscope.c.obj (putchar)
/usr/lib/gcc/arm-none-eabi/14.2.0/../../../../arm-none-eabi/lib/thumb/v7e-m+fp/hard/libg.a(libc_a-puts.o)
                              CMakeFiles/32Inverter.elf.dir/Core/Src/cli.c.obj (puts)
/usr/lib/gcc/arm-none-eabi/14.2.0/../../../../arm-none-eabi/lib/thumb/v7e-m+fp/hard/libg.a(libc_a-sscanf.o)
                              CMakeFiles/32Inverter.elf.dir/Core/Src/cli.c.obj (sscanf)
/usr/lib/gcc/arm-none-eabi/14.2.0/../../../../arm-none-eabi/lib/thumb/v7e-m+fp/hard/libg.a(libc_a-stdio.o)
                              /usr/lib/gcc/arm-none-eabi/14.2.0/../../../../arm-none-eabi/lib/thumb/v7e-m+fp/hard/libg.a(libc_a-findfp.o) (__sread)
/usr/lib/gcc/arm-none-eabi/14.2.0/../../../../arm-none-eabi/lib/thumb/v7e-m+fp/hard/libg.a(libc_a-memset.o)
                              /usr/lib/gcc/arm-none-eabi/14.2.0/../../../../arm-none-eabi/lib/thumb/v7e-m+fp/hard/crt0.o (memset)
/usr/lib/gcc/arm-none-eabi/14.2.0/../../../../arm-none-eabi/lib/thumb/v7e-m+fp/hard/libg.a(libc_a-closer.o)
                              /usr/lib/gcc/arm-none-eabi/14.2.0/../../../../arm-none-eabi/lib/thumb/v7e-m+fp/hard/libg.a(libc_a-stdio.o) (_close_r)
/usr/lib/gcc/arm-none-eabi/14.2.0/../../../../arm-none-eabi/lib/thumb/v7e-m+fp/hard/libg.a(libc_a-reent.o)
                              /usr/lib/gcc/arm-none-eabi/14.2.0/../../../../arm-none-eabi/lib/thumb/v7e-m+fp/hard/libg.a(libc_a-closer.o) (errno)
/usr/lib/gcc/arm-none-eabi/14.2.0/../../../../arm-none-eabi/lib/thumb/v7e-m+fp/hard/libg.a(libc_a-impure.o)
                              /usr/lib/gcc/arm-none-eabi/14.2.0/../../../../arm-none-eabi/lib/thumb/v7e-m+fp/hard/libg.a(libc_a-printf.o) (_impure_ptr)
/usr/lib/gcc/arm-none-eabi/14.2.0/../../../../arm-none-eabi/lib/thumb/v7e-m+fp/hard/libg.a(libc_a-lseekr.o)
                              /usr/lib/gcc/arm-none-eabi/14.2.0/../../../../arm-none-eabi/lib/thumb/v7e-m+fp/hard/libg.a(libc_a-stdio.o) (_lseek_r)
/usr/lib/gcc/arm-none-eabi/14.2.0/../../../../arm-none-eabi/lib/thumb/v7e-m+fp/hard/libg.a(libc_a-readr.o)
                              /usr/lib/gcc/arm-none-eabi/14.2.0/../../../../arm-none-eabi/lib/thumb/v7e-m+fp/hard/libg.a(libc_a-stdio.o) (_read_r)
/usr/lib/gcc/arm-none-eabi/14.2.0/../../../../arm-none-eabi/lib/thumb/v7e-m+fp/hard/libg.a(libc_a-writer.o)
                              /usr/lib/gcc/arm-none-eabi/14.2.0/../../../../arm-none-eabi/lib/thumb/v7e-m+fp/hard/libg.a(libc_a-stdio.o) (_write_r)
[...]
Memory Configuration

Name             Origin             Length             Attributes
CCMRAM           0x10000000         0x00002000         xrw
RAM              0x20000000         0x0000a000         xrw
FLASH            0x08000000         0x00040000         xr
*default*        0x00000000         0xffffffff

Linker script and memory map

LOAD /usr/lib/gcc/arm-none-eabi/14.2.0/thumb/v7e-m+fp/hard/crti.o
LOAD /usr/lib/gcc/arm-none-eabi/14.2.0/thumb/v7e-m+fp/hard/crtbegin.o
LOAD /usr/lib/gcc/arm-none-eabi/14.2.0/../../../../arm-none-eabi/lib/thumb/v7e-m+fp/hard/crt0.o
LOAD CMakeFiles/32Inverter.elf.dir/Core/Src/PID.c.obj
LOAD CMakeFiles/32Inverter.elf.dir/Core/Src/adc.c.obj
LOAD CMakeFiles/32Inverter.elf.dir/Core/Src/cli.c.obj
LOAD CMakeFiles/32Inverter.elf.dir/Core/Src/iir_filter.c.obj
LOAD CMakeFiles/32Inverter.elf.dir/Core/Src/inverter.c.obj
LOAD CMakeFiles/32Inverter.elf.dir/Core/Src/main.c.obj
LOAD CMakeFiles/32Inverter.elf.dir/Core/Src/oscilloscope.c.obj
LOAD CMakeFiles/32Inverter.elf.dir/Core/Src/stm32f3xx_hal_msp.c.obj
LOAD CMakeFiles/32Inverter.elf.dir/Core/Src/stm32f3xx_it.c.obj
LOAD CMakeFiles/32Inverter.elf.dir/Core/Src/syscalls.c.obj
LOAD CMakeFiles/32Inverter.elf.dir/Core/Src/sysmem.c.obj
LOAD CMakeFiles/32Inverter.elf.dir/Core/Src/system_stm32f3xx.c.obj
LOAD CMakeFiles/32Inverter.elf.dir/Core/Src/vectors.c.obj
LOAD CMakeFiles/32Inverter.elf.dir/Core/Startup/startup_stm32f303vctx.s.obj
LOAD CMakeFiles/32Inverter.elf.dir/Drivers/STM32F3xx_HAL_Driver/Src/stm32f3xx_hal.c.obj
LOAD CMakeFiles/32Inverter.elf.dir/Drivers/STM32F3xx_HAL_Driver/Src/stm32f3xx_hal_adc.c.obj
LOAD CMakeFiles/32Inverter.elf.dir/Drivers/STM32F3xx_HAL_Driver/Src/stm32f3xx_hal_adc_ex.c.obj
LOAD CMakeFiles/32Inverter.elf.dir/Drivers/STM32F3xx_HAL_Driver/Src/stm32f3xx_hal_can.c.obj
LOAD CMakeFiles/32Inverter.elf.dir/Drivers/STM32F3xx_HAL_Driver/Src/stm32f3xx_hal_cortex.c.obj
LOAD CMakeFiles/32Inverter.elf.dir/Drivers/STM32F3xx_HAL_Driver/Src/stm32f3xx_hal_dma.c.obj
LOAD CMakeFiles/32Inverter.elf.dir/Drivers/STM32F3xx_HAL_Driver/Src/stm32f3xx_hal_exti.c.obj
LOAD CMakeFiles/32Inverter.elf.dir/Drivers/STM32F3xx_HAL_Driver/Src/stm32f3xx_hal_flash.c.obj
LOAD CMakeFiles/32Inverter.elf.dir/Drivers/STM32F3xx_HAL_Driver/Src/stm32f3xx_hal_flash_ex.c.obj
LOAD CMakeFiles/32Inverter.elf.dir/Drivers/STM32F3xx_HAL_Driver/Src/stm32f3xx_hal_gpio.c.obj
LOAD CMakeFiles/32Inverter.elf.dir/Drivers/STM32F3xx_HAL_Driver/Src/stm32f3xx_hal_i2c.c.obj
LOAD CMakeFiles/32Inverter.elf.dir/Drivers/STM32F3xx_HAL_Driver/Src/stm32f3xx_hal_i2c_ex.c.obj
LOAD CMakeFiles/32Inverter.elf.dir/Drivers/STM32F3xx_HAL_Driver/Src/stm32f3xx_hal_pwr.c.obj
LOAD CMakeFiles/32Inverter.elf.dir/Drivers/STM32F3xx_HAL_Driver/Src/stm32f3xx_hal_pwr_ex.c.obj
LOAD CMakeFiles/32Inverter.elf.dir/Drivers/STM32F3xx_HAL_Driver/Src/stm32f3xx_hal_rcc.c.obj
LOAD CMakeFiles/32Inverter.elf.dir/Drivers/STM32F3xx_HAL_Driver/Src/stm32f3xx_hal_rcc_ex.c.obj
LOAD CMakeFiles/32Inverter.elf.dir/Drivers/STM32F3xx_HAL_Driver/Src/stm32f3xx_hal_spi.c.obj
LOAD CMakeFiles/32Inverter.elf.dir/Drivers/STM32F3xx_HAL_Driver/Src/stm32f3xx_hal_spi_ex.c.obj
LOAD CMakeFiles/32Inverter.elf.dir/Drivers/STM32F3xx_HAL_Driver/Src/stm32f3xx_hal_tim.c.obj
LOAD CMakeFiles/32Inverter.elf.dir/Drivers/STM32F3xx_HAL_Driver/Src/stm32f3xx_hal_tim_ex.c.obj
LOAD CMakeFiles/32Inverter.elf.dir/Drivers/STM32F3xx_HAL_Driver/Src/stm32f3xx_hal_uart.c.obj
LOAD CMakeFiles/32Inverter.elf.dir/Drivers/STM32F3xx_HAL_Driver/Src/stm32f3xx_hal_uart_ex.c.obj
START GROUP
LOAD /usr/lib/gcc/arm-none-eabi/14.2.0/thumb/v7e-m+fp/hard/libgcc.a
LOAD /usr/lib/gcc/arm-none-eabi/14.2.0/../../../../arm-none-eabi/lib/thumb/v7e-m+fp/hard/libg.a
LOAD /usr/lib/gcc/arm-none-eabi/14.2.0/../../../../arm-none-eabi/lib/thumb/v7e-m+fp/hard/libc.a
END GROUP
LOAD /usr/lib/gcc/arm-none-eabi/14.2.0/thumb/v7e-m+fp/hard/crtend.o
LOAD /usr/lib/gcc/arm-none-eabi/14.2.0/thumb/v7e-m+fp/hard/crtn.o
                0x2000a000                        _estack = (ORIGIN (RAM) + LENGTH (RAM))
                0x00000200                        _Min_Heap_Size = 0x200
                0x00000400                        _Min_Stack_Size = 0x400

.isr_vector     0x08000000      0x188
                0x08000000                        . = ALIGN (0x4)
 *(.isr_vector)
 .isr_vector    0x08000000      0x188 CMakeFiles/32Inverter.elf.dir/Core/Startup/startup_stm32f303vctx.s.obj
                0x08000000                g_pfnVectors
                0x08000188                        . = ALIGN (0x4)

.text           0x080001c0    0x148d4
                0x080001c0                        . = ALIGN (0x4)
 *(.text)
 .text          0x080001c0      0x378 /usr/lib/gcc/arm-none-eabi/14.2.0/thumb/v7e-m+fp/hard/libgcc.a(_arm_addsubdf3.o)
                0x080001c0                __aeabi_drsub
                0x080001c8                __aeabi_dsub
                0x080001c8                __subdf3
                0x080001cc                __adddf3
                0x080001cc                __aeabi_dadd
                0x08000444                __aeabi_ui2d
                0x08000444                __floatunsidf
                0x08000464                __floatsidf
                0x08000464                __aeabi_i2d
                0x08000488                __extendsfdf2
                0x08000488                __aeabi_f2d
                0x080004cc                __aeabi_ul2d
                0x080004cc                __floatundidf
                0x080004dc                __floatdidf
                0x080004dc                __aeabi_l2d
 .text          0x08000538      0x424 /usr/lib/gcc/arm-none-eabi/14.2.0/thumb/v7e-m+fp/hard/libgcc.a(_arm_muldivdf3.o)
                0x08000538                __aeabi_dmul
                0x08000538                __muldf3
                0x0800078c                __aeabi_ddiv
                0x0800078c                __divdf3
 .text          0x0800095c      0x110 /usr/lib/gcc/arm-none-eabi/14.2.0/thumb/v7e-m+fp/hard/libgcc.a(_arm_cmpdf2.o)
                0x0800095c                __gtdf2
                0x0800095c                __gedf2
                0x08000964                __ltdf2
                0x08000964                __ledf2
                0x0800096c                __cmpdf2
                0x0800096c                __eqdf2
                0x0800096c                __nedf2
                0x080009e8                __aeabi_cdrcmple
                0x080009f8                __aeabi_cdcmple
                0x080009f8                __aeabi_cdcmpeq
                0x08000a08                __aeabi_dcmpeq
                0x08000a1c                __aeabi_dcmplt
                0x08000a30                __aeabi_dcmple
                0x08000a44                __aeabi_dcmpge
                0x08000a58                __aeabi_dcmpgt
 .text          0x08000a6c       0x40 /usr/lib/gcc/arm-none-eabi/14.2.0/thumb/v7e-m+fp/hard/libgcc.a(_arm_fixunsdfsi.o)
                0x08000a6c                __fixunsdfsi
                0x08000a6c                __aeabi_d2uiz
 .text          0x08000aac       0xa0 /usr/lib/gcc/arm-none-eabi/14.2.0/thumb/v7e-m+fp/hard/libgcc.a(_arm_truncdfsf2.o)
                0x08000aac                __aeabi_d2f
                0x08000aac                __truncdfsf2
 *fill*         0x08000b4c       0x14 
 .text          0x08000b60      0x2e0 /usr/lib/gcc/arm-none-eabi/14.2.0/../../../../arm-none-eabi/lib/thumb/v7e-m+fp/hard/libg.a(libc_a-strcmp.o)
                0x08000b60                strcmp
 .text          0x08000e40       0xd8 /usr/lib/gcc/arm-none-eabi/14.2.0/../../../../arm-none-eabi/lib/thumb/v7e-m+fp/hard/libg.a(libc_a-strlen.o)
                0x08000e40                strlen
 *fill*         0x08000f18        0x8 
 .text          0x08000f20       0xa0 /usr/lib/gcc/arm-none-eabi/14.2.0/../../../../arm-none-eabi/lib/thumb/v7e-m+fp/hard/libg.a(libc_a-memchr.o)
                0x08000f20                memchr
 .text          0x08000fc0      0x134 /usr/lib/gcc/arm-none-eabi/14.2.0/../../../../arm-none-eabi/lib/thumb/v7e-m+fp/hard/libg.a(libc_a-memcpy.o)
                0x08000fc0                memcpy
 .text          0x080010f4       0x2c /usr/lib/gcc/arm-none-eabi/14.2.0/thumb/v7e-m+fp/hard/libgcc.a(_arm_unorddf2.o)
                0x080010f4                __aeabi_dcmpun
                0x080010f4                __unorddf2
 .text          0x08001120       0x50 /usr/lib/gcc/arm-none-eabi/14.2.0/thumb/v7e-m+fp/hard/libgcc.a(_arm_fixdfsi.o)
                0x08001120                __fixdfsi
                0x08001120                __aeabi_d2iz
 .text          0x08001170       0x30 /usr/lib/gcc/arm-none-eabi/14.2.0/thumb/v7e-m+fp/hard/libgcc.a(_aeabi_uldivmod.o)
                0x08001170                __aeabi_uldivmod
 .text          0x080011a0        0x4 /usr/lib/gcc/arm-none-eabi/14.2.0/thumb/v7e-m+fp/hard/libgcc.a(_dvmd_tls.o)
                0x080011a0                __aeabi_ldiv0
                0x080011a0                __aeabi_idiv0
 *(.text*)
 .text.__do_global_dtors_aux
                0x080011a4       0x24 /usr/lib/gcc/arm-none-eabi/14.2.0/thumb/v7e-m+fp/hard/crtbegin.o
 .text.frame_dummy
                0x080011c8       0x1c /usr/lib/gcc/arm-none-eabi/14.2.0/thumb/v7e-m+fp/hard/crtbegin.o
 .text.pid_calc
                0x080011e4       0x58 CMakeFiles/32Inverter.elf.dir/Core/Src/PID.c.obj
                0x080011e4                pid_calc
 .text.convert_ntc
                0x0800123c       0x80 CMakeFiles/32Inverter.elf.dir/Core/Src/adc.c.obj
                0x0800123c                convert_ntc
 .text.adc4_read
                0x080012bc       0x8c CMakeFiles/32Inverter.elf.dir/Core/Src/adc.c.obj
                0x080012bc                adc4_read
 .text.adc2_read
                0x08001348       0x24 CMakeFiles/32Inverter.elf.dir/Core/Src/adc.c.obj
                0x08001348                adc2_read
 .text.parse_command
                0x0800136c      0x28c CMakeFiles/32Inverter.elf.dir/Core/Src/cli.c.obj
 .text.HAL_UART_RxCpltCallback
                0x080015f8       0x34 CMakeFiles/32Inverter.elf.dir/Core/Src/cli.c.obj
                0x080015f8                HAL_UART_RxCpltCallback
 .text.cli_init
                0x0800162c       0x1c CMakeFiles/32Inverter.elf.dir/Core/Src/cli.c.obj
                0x0800162c                cli_init
 .text.cli_poll
                0x08001648       0x58 CMakeFiles/32Inverter.elf.dir/Core/Src/cli.c.obj
                0x08001648                cli_poll
 .text.iir_filter_init
                0x080016a0       0x20 CMakeFiles/32Inverter.elf.dir/Core/Src/iir_filter.c.obj
                0x080016a0                iir_filter_init
 .text.inv_init
                0x080016c0      0x120 CMakeFiles/32Inverter.elf.dir/Core/Src/inverter.c.obj
                0x080016c0                inv_init
 .text.res_read_position
                0x080017e0      0x1c0 CMakeFiles/32Inverter.elf.dir/Core/Src/inverter.c.obj
                0x080017e0                res_read_position
 .text.inv_clear_fault
                0x080019a0       0x24 CMakeFiles/32Inverter.elf.dir/Core/Src/inverter.c.obj
                0x080019a0                inv_clear_fault
 *fill*         0x080019c4        0x4 
 .text.inv_set_pwm
                0x080019c8       0x9c CMakeFiles/32Inverter.elf.dir/Core/Src/inverter.c.obj
                0x080019c8                inv_set_pwm
 .text.inv_calibrate_current
                0x08001a64       0x7c CMakeFiles/32Inverter.elf.dir/Core/Src/inverter.c.obj
                0x08001a64                inv_calibrate_current
 .text.inv_read_current
                0x08001ae0       0x64 CMakeFiles/32Inverter.elf.dir/Core/Src/inverter.c.obj
                0x08001ae0                inv_read_current
 .text.inv_tick
                0x08001b44      0x22c CMakeFiles/32Inverter.elf.dir/Core/Src/inverter.c.obj
                0x08001b44                inv_tick
 .text.inv_enable
                0x08001d70       0x64 CMakeFiles/32Inverter.elf.dir/Core/Src/inverter.c.obj
                0x08001d70                inv_enable
 .text.inv_set_mode_and_current
                0x08001dd4       0x20 CMakeFiles/32Inverter.elf.dir/Core/Src/inverter.c.obj
                0x08001dd4                inv_set_mode_and_current
 .text.MX_GPIO_Init
                0x08001df4      0x184 CMakeFiles/32Inverter.elf.dir/Core/Src/main.c.obj
 .text.MX_DMA_Init
                0x08001f78       0x54 CMakeFiles/32Inverter.elf.dir/Core/Src/main.c.obj
 .text.HAL_TIM_PeriodElapsedCallback
                0x08001fcc       0x1c CMakeFiles/32Inverter.elf.dir/Core/Src/main.c.obj
                0x08001fcc                HAL_TIM_PeriodElapsedCallback
 .text._write   0x08001fe8       0x2c CMakeFiles/32Inverter.elf.dir/Core/Src/main.c.obj
                0x08001fe8                _write
 .text.Error_Handler
                0x08002014       0x14 CMakeFiles/32Inverter.elf.dir/Core/Src/main.c.obj
                0x08002014                Error_Handler
 .text.MX_CAN_Init
                0x08002028       0x38 CMakeFiles/32Inverter.elf.dir/Core/Src/main.c.obj
 .text.MX_SPI1_Init
                0x08002060       0x50 CMakeFiles/32Inverter.elf.dir/Core/Src/main.c.obj
 .text.MX_TIM1_Init
                0x080020b0       0xec CMakeFiles/32Inverter.elf.dir/Core/Src/main.c.obj
 .text.MX_ADC1_Init
                0x0800219c       0xa4 CMakeFiles/32Inverter.elf.dir/Core/Src/main.c.obj
 .text.MX_ADC3_Init
                0x08002240       0x8c CMakeFiles/32Inverter.elf.dir/Core/Src/main.c.obj
 .text.MX_ADC4_Init
                0x080022cc       0xd0 CMakeFiles/32Inverter.elf.dir/Core/Src/main.c.obj
 .text.MX_ADC2_Init
                0x0800239c       0x74 CMakeFiles/32Inverter.elf.dir/Core/Src/main.c.obj
 .text.SystemClock_Config
                0x08002410       0x8c CMakeFiles/32Inverter.elf.dir/Core/Src/main.c.obj
                0x08002410                SystemClock_Config
 .text.main     0x0800249c      0x1b0 CMakeFiles/32Inverter.elf.dir/Core/Src/main.c.obj
                0x0800249c                main
 .text.HAL_MspInit
                0x0800264c       0x30 CMakeFiles/32Inverter.elf.dir/Core/Src/stm32f3xx_hal_msp.c.obj
                0x0800264c                HAL_MspInit
 .text.HAL_ADC_MspInit
                0x0800267c      0x298 CMakeFiles/32Inverter.elf.dir/Core/Src/stm32f3xx_hal_msp.c.obj
                0x0800267c                HAL_ADC_MspInit
 .text.HAL_CAN_MspInit
                0x08002914       0x68 CMakeFiles/32Inverter.elf.dir/Core/Src/stm32f3xx_hal_msp.c.obj
                0x08002914                HAL_CAN_MspInit
 .text.HAL_SPI_MspInit
                0x0800297c       0x68 CMakeFiles/32Inverter.elf.dir/Core/Src/stm32f3xx_hal_msp.c.obj
                0x0800297c                HAL_SPI_MspInit
 .text.HAL_TIM_PWM_MspInit
                0x080029e4       0x40 CMakeFiles/32Inverter.elf.dir/Core/Src/stm32f3xx_hal_msp.c.obj
                0x080029e4                HAL_TIM_PWM_MspInit
 .text.HAL_TIM_MspPostInit
                0x08002a24       0xb0 CMakeFiles/32Inverter.elf.dir/Core/Src/stm32f3xx_hal_msp.c.obj
                0x08002a24                HAL_TIM_MspPostInit
 .text.NMI_Handler
                0x08002ad4        0x2 CMakeFiles/32Inverter.elf.dir/Core/Src/stm32f3xx_it.c.obj
                0x08002ad4                NMI_Handler
 .text.HardFault_Handler
                0x08002ad6        0x2 CMakeFiles/32Inverter.elf.dir/Core/Src/stm32f3xx_it.c.obj
                0x08002ad6                HardFault_Handler
 .text.MemManage_Handler
                0x08002ad8        0x2 CMakeFiles/32Inverter.elf.dir/Core/Src/stm32f3xx_it.c.obj
                0x08002ad8                MemManage_Handler
 .text.BusFault_Handler
                0x08002ada        0x2 CMakeFiles/32Inverter.elf.dir/Core/Src/stm32f3xx_it.c.obj
                0x08002ada                BusFault_Handler
 .text.UsageFault_Handler
                0x08002adc        0x2 CMakeFiles/32Inverter.elf.dir/Core/Src/stm32f3xx_it.c.obj
                0x08002adc                UsageFault_Handler
 .text.SVC_Handler
                0x08002ade        0x2 CMakeFiles/32Inverter.elf.dir/Core/Src/stm32f3xx_it.c.obj
                0x08002ade                SVC_Handler
 .text.DebugMon_Handler
                0x08002ae0        0x2 CMakeFiles/32Inverter.elf.dir/Core/Src/stm32f3xx_it.c.obj
                0x08002ae0                DebugMon_Handler
 .text.PendSV_Handler
                0x08002ae2        0x2 CMakeFiles/32Inverter.elf.dir/Core/Src/stm32f3xx_it.c.obj
                0x08002ae2                PendSV_Handler
 .text.SysTick_Handler
                0x08002ae4        0x8 CMakeFiles/32Inverter.elf.dir/Core/Src/stm32f3xx_it.c.obj
                0x08002ae4                SysTick_Handler
 .text.DMA1_Channel1_IRQHandler
                0x08002aec       0x10 CMakeFiles/32Inverter.elf.dir/Core/Src/stm32f3xx_it.c.obj
                0x08002aec                DMA1_Channel1_IRQHandler
 .text.TIM1_UP_TIM16_IRQHandler
                0x08002afc       0x10 CMakeFiles/32Inverter.elf.dir/Core/Src/stm32f3xx_it.c.obj
                0x08002afc                TIM1_UP_TIM16_IRQHandler
 .text.DMA2_Channel2_IRQHandler
                0x08002b0c       0x10 CMakeFiles/32Inverter.elf.dir/Core/Src/stm32f3xx_it.c.obj
                0x08002b0c                DMA2_Channel2_IRQHandler
 .text.USART3_IRQHandler
                0x08002b1c       0x10 CMakeFiles/32Inverter.elf.dir/Core/Src/stm32f3xx_it.c.obj
                0x08002b1c                USART3_IRQHandler
 .text._getpid  0x08002b2c        0x4 CMakeFiles/32Inverter.elf.dir/Core/Src/syscalls.c.obj
                0x08002b2c                _getpid
 .text._kill    0x08002b30       0x10 CMakeFiles/32Inverter.elf.dir/Core/Src/syscalls.c.obj
                0x08002b30                _kill
 .text._exit    0x08002b40        0xc CMakeFiles/32Inverter.elf.dir/Core/Src/syscalls.c.obj
                0x08002b40                _exit
 .text._read    0x08002b4c       0x20 CMakeFiles/32Inverter.elf.dir/Core/Src/syscalls.c.obj
                0x08002b4c                _read
 .text._close   0x08002b6c        0x6 CMakeFiles/32Inverter.elf.dir/Core/Src/syscalls.c.obj
                0x08002b6c                _close
 .text._fstat   0x08002b72        0xa CMakeFiles/32Inverter.elf.dir/Core/Src/syscalls.c.obj
                0x08002b72                _fstat
 .text._isatty  0x08002b7c        0x4 CMakeFiles/32Inverter.elf.dir/Core/Src/syscalls.c.obj
                0x08002b7c                _isatty
 .text._lseek   0x08002b80        0x4 CMakeFiles/32Inverter.elf.dir/Core/Src/syscalls.c.obj
                0x08002b80                _lseek
 .text._sbrk    0x08002b84       0x48 CMakeFiles/32Inverter.elf.dir/Core/Src/sysmem.c.obj
                0x08002b84                _sbrk
 .text.SystemInit
                0x08002bcc       0x14 CMakeFiles/32Inverter.elf.dir/Core/Src/system_stm32f3xx.c.obj
                0x08002bcc                SystemInit
 .text.limit_amplitude
                0x08002be0       0x6e CMakeFiles/32Inverter.elf.dir/Core/Src/vectors.c.obj
                0x08002be0                limit_amplitude
 .text.angle    0x08002c4e       0x3e CMakeFiles/32Inverter.elf.dir/Core/Src/vectors.c.obj
                0x08002c4e                angle
 .text.clarkeTransform
                0x08002c8c       0x58 CMakeFiles/32Inverter.elf.dir/Core/Src/vectors.c.obj
                0x08002c8c                clarkeTransform
 .text.inverseClarkeTransform
                0x08002ce4       0x58 CMakeFiles/32Inverter.elf.dir/Core/Src/vectors.c.obj
                0x08002ce4                inverseClarkeTransform
 .text.parkTransform
                0x08002d3c       0x4a CMakeFiles/32Inverter.elf.dir/Core/Src/vectors.c.obj
                0x08002d3c                parkTransform
 .text.inverseParkTransform
                0x08002d86       0x4a CMakeFiles/32Inverter.elf.dir/Core/Src/vectors.c.obj
                0x08002d86                inverseParkTransform
 .text.Reset_Handler
                0x08002dd0       0x50 CMakeFiles/32Inverter.elf.dir/Core/Startup/startup_stm32f303vctx.s.obj
                0x08002dd0                Reset_Handler
 .text.Default_Handler
                0x08002e20        0x2 CMakeFiles/32Inverter.elf.dir/Core/Startup/startup_stm32f303vctx.s.obj
                0x08002e20                RTC_Alarm_IRQHandler
                0x08002e20                TIM8_TRG_COM_IRQHandler
                0x08002e20                TIM8_CC_IRQHandler
                0x08002e20                TIM1_CC_IRQHandler
                0x08002e20                USB_HP_IRQHandler
                0x08002e20                PVD_IRQHandler
                0x08002e20                TAMP_STAMP_IRQHandler
                0x08002e20                EXTI3_IRQHandler
                0x08002e20                USB_HP_CAN_TX_IRQHandler
                0x08002e20                EXTI0_IRQHandler
                0x08002e20                I2C2_EV_IRQHandler
                0x08002e20                FPU_IRQHandler
                0x08002e20                ADC1_2_IRQHandler
                0x08002e20                SPI1_IRQHandler
                0x08002e20                CAN_SCE_IRQHandler
                0x08002e20                TIM6_DAC_IRQHandler
                0x08002e20                TIM8_UP_IRQHandler
                0x08002e20                DMA1_Channel4_IRQHandler
                0x08002e20                DMA1_Channel7_IRQHandler
                0x08002e20                UART5_IRQHandler
                0x08002e20                ADC3_IRQHandler
                0x08002e20                TIM4_IRQHandler
                0x08002e20                CAN_RX1_IRQHandler
                0x08002e20                DMA2_Channel1_IRQHandler
                0x08002e20                I2C1_EV_IRQHandler
                0x08002e20                DMA1_Channel6_IRQHandler
                0x08002e20                UART4_IRQHandler
                0x08002e20                DMA2_Channel4_IRQHandler
                0x08002e20                TIM3_IRQHandler
                0x08002e20                RCC_IRQHandler
                0x08002e20                Default_Handler
                0x08002e20                USBWakeUp_RMP_IRQHandler
                0x08002e20                EXTI15_10_IRQHandler
                0x08002e20                TIM7_IRQHandler
                0x08002e20                EXTI9_5_IRQHandler
                0x08002e20                RTC_WKUP_IRQHandler
                0x08002e20                SPI2_IRQHandler
                0x08002e20                USB_LP_CAN_RX0_IRQHandler
                0x08002e20                DMA2_Channel5_IRQHandler
                0x08002e20                DMA1_Channel5_IRQHandler
                0x08002e20                USB_LP_IRQHandler
                0x08002e20                EXTI4_IRQHandler
                0x08002e20                TIM1_TRG_COM_TIM17_IRQHandler
                0x08002e20                DMA1_Channel3_IRQHandler
                0x08002e20                ADC4_IRQHandler
                0x08002e20                WWDG_IRQHandler
                0x08002e20                TIM2_IRQHandler
                0x08002e20                COMP7_IRQHandler
                0x08002e20                COMP1_2_3_IRQHandler
                0x08002e20                EXTI1_IRQHandler
                0x08002e20                USART2_IRQHandler
                0x08002e20                COMP4_5_6_IRQHandler
                0x08002e20                I2C2_ER_IRQHandler
                0x08002e20                DMA1_Channel2_IRQHandler
                0x08002e20                TIM8_BRK_IRQHandler
                0x08002e20                FLASH_IRQHandler
                0x08002e20                USART1_IRQHandler
                0x08002e20                SPI3_IRQHandler
                0x08002e20                I2C1_ER_IRQHandler
                0x08002e20                USBWakeUp_IRQHandler
                0x08002e20                DMA2_Channel3_IRQHandler
                0x08002e20                EXTI2_TSC_IRQHandler
                0x08002e20                TIM1_BRK_TIM15_IRQHandler
 *fill*         0x08002e22        0x2 
 .text.HAL_InitTick
                0x08002e24       0x4c CMakeFiles/32Inverter.elf.dir/Drivers/STM32F3xx_HAL_Driver/Src/stm32f3xx_hal.c.obj
                0x08002e24                HAL_InitTick
 .text.HAL_Init
                0x08002e70       0x24 CMakeFiles/32Inverter.elf.dir/Drivers/STM32F3xx_HAL_Driver/Src/stm32f3xx_hal.c.obj
                0x08002e70                HAL_Init
 .text.HAL_IncTick
                0x08002e94       0x18 CMakeFiles/32Inverter.elf.dir/Drivers/STM32F3xx_HAL_Driver/Src/stm32f3xx_hal.c.obj
                0x08002e94                HAL_IncTick
 .text.HAL_GetTick
                0x08002eac        0xc CMakeFiles/32Inverter.elf.dir/Drivers/STM32F3xx_HAL_Driver/Src/stm32f3xx_hal.c.obj
                0x08002eac                HAL_GetTick
 .text.HAL_Delay
                0x08002eb8       0x28 CMakeFiles/32Inverter.elf.dir/Drivers/STM32F3xx_HAL_Driver/Src/stm32f3xx_hal.c.obj
                0x08002eb8                HAL_Delay
 .text.HAL_ADC_ConvCpltCallback
                0x08002ee0        0x2 CMakeFiles/32Inverter.elf.dir/Drivers/STM32F3xx_HAL_Driver/Src/stm32f3xx_hal_adc.c.obj
                0x08002ee0                HAL_ADC_ConvCpltCallback
 .text.HAL_ADC_ConvHalfCpltCallback
                0x08002ee2        0x2 CMakeFiles/32Inverter.elf.dir/Drivers/STM32F3xx_HAL_Driver/Src/stm32f3xx_hal_adc.c.obj
                0x08002ee2                HAL_ADC_ConvHalfCpltCallback
 .text.HAL_ADC_ErrorCallback
                0x08002ee4        0x2 CMakeFiles/32Inverter.elf.dir/Drivers/STM32F3xx_HAL_Driver/Src/stm32f3xx_hal_adc.c.obj
                0x08002ee4                HAL_ADC_ErrorCallback
 .text.ADC_Disable
                0x08002ee6       0x88 CMakeFiles/32Inverter.elf.dir/Drivers/STM32F3xx_HAL_Driver/Src/stm32f3xx_hal_adc_ex.c.obj
 *fill*         0x08002f6e        0x2 
 .text.ADC_Enable
                0x08002f70       0x80 CMakeFiles/32Inverter.elf.dir/Drivers/STM32F3xx_HAL_Driver/Src/stm32f3xx_hal_adc_ex.c.obj
 .text.ADC_DMAError
                0x08002ff0       0x1a CMakeFiles/32Inverter.elf.dir/Drivers/STM32F3xx_HAL_Driver/Src/stm32f3xx_hal_adc_ex.c.obj
 .text.ADC_DMAHalfConvCplt
                0x0800300a        0xa CMakeFiles/32Inverter.elf.dir/Drivers/STM32F3xx_HAL_Driver/Src/stm32f3xx_hal_adc_ex.c.obj
 .text.ADC_DMAConvCplt
                0x08003014       0x4a CMakeFiles/32Inverter.elf.dir/Drivers/STM32F3xx_HAL_Driver/Src/stm32f3xx_hal_adc_ex.c.obj
 *fill*         0x0800305e        0x2 
 .text.HAL_ADC_Init
                0x08003060      0x290 CMakeFiles/32Inverter.elf.dir/Drivers/STM32F3xx_HAL_Driver/Src/stm32f3xx_hal_adc_ex.c.obj
                0x08003060                HAL_ADC_Init
 .text.HAL_ADC_Start
                0x080032f0      0x180 CMakeFiles/32Inverter.elf.dir/Drivers/STM32F3xx_HAL_Driver/Src/stm32f3xx_hal_adc_ex.c.obj
                0x080032f0                HAL_ADC_Start
 .text.HAL_ADC_PollForConversion
                0x08003470      0x160 CMakeFiles/32Inverter.elf.dir/Drivers/STM32F3xx_HAL_Driver/Src/stm32f3xx_hal_adc_ex.c.obj
                0x08003470                HAL_ADC_PollForConversion
 .text.HAL_ADC_Start_DMA
                0x080035d0      0x184 CMakeFiles/32Inverter.elf.dir/Drivers/STM32F3xx_HAL_Driver/Src/stm32f3xx_hal_adc_ex.c.obj
                0x080035d0                HAL_ADC_Start_DMA
 .text.HAL_ADC_GetValue
                0x08003754        0x6 CMakeFiles/32Inverter.elf.dir/Drivers/STM32F3xx_HAL_Driver/Src/stm32f3xx_hal_adc_ex.c.obj
                0x08003754                HAL_ADC_GetValue
 *fill*         0x0800375a        0x2 
 .text.HAL_ADC_ConfigChannel
                0x0800375c      0x3ac CMakeFiles/32Inverter.elf.dir/Drivers/STM32F3xx_HAL_Driver/Src/stm32f3xx_hal_adc_ex.c.obj
                0x0800375c                HAL_ADC_ConfigChannel
 .text.HAL_ADCEx_MultiModeConfigChannel
                0x08003b08      0x15c CMakeFiles/32Inverter.elf.dir/Drivers/STM32F3xx_HAL_Driver/Src/stm32f3xx_hal_adc_ex.c.obj
                0x08003b08                HAL_ADCEx_MultiModeConfigChannel
 .text.HAL_CAN_Init
                0x08003c64      0x14c CMakeFiles/32Inverter.elf.dir/Drivers/STM32F3xx_HAL_Driver/Src/stm32f3xx_hal_can.c.obj
                0x08003c64                HAL_CAN_Init
 .text.__NVIC_SetPriority
                0x08003db0       0x28 CMakeFiles/32Inverter.elf.dir/Drivers/STM32F3xx_HAL_Driver/Src/stm32f3xx_hal_cortex.c.obj
 .text.NVIC_EncodePriority
                0x08003dd8       0x3e CMakeFiles/32Inverter.elf.dir/Drivers/STM32F3xx_HAL_Driver/Src/stm32f3xx_hal_cortex.c.obj
 *fill*         0x08003e16        0x2 
 .text.HAL_NVIC_SetPriorityGrouping
                0x08003e18       0x24 CMakeFiles/32Inverter.elf.dir/Drivers/STM32F3xx_HAL_Driver/Src/stm32f3xx_hal_cortex.c.obj
                0x08003e18                HAL_NVIC_SetPriorityGrouping
 .text.HAL_NVIC_SetPriority
                0x08003e3c       0x20 CMakeFiles/32Inverter.elf.dir/Drivers/STM32F3xx_HAL_Driver/Src/stm32f3xx_hal_cortex.c.obj
                0x08003e3c                HAL_NVIC_SetPriority
 .text.HAL_NVIC_EnableIRQ
                0x08003e5c       0x1c CMakeFiles/32Inverter.elf.dir/Drivers/STM32F3xx_HAL_Driver/Src/stm32f3xx_hal_cortex.c.obj
                0x08003e5c                HAL_NVIC_EnableIRQ
 .text.HAL_SYSTICK_Config
                0x08003e78       0x28 CMakeFiles/32Inverter.elf.dir/Drivers/STM32F3xx_HAL_Driver/Src/stm32f3xx_hal_cortex.c.obj
                0x08003e78                HAL_SYSTICK_Config
 .text.DMA_SetConfig
                0x08003ea0       0x2c CMakeFiles/32Inverter.elf.dir/Drivers/STM32F3xx_HAL_Driver/Src/stm32f3xx_hal_dma.c.obj
 .text.DMA_CalcBaseAndBitshift
                0x08003ecc       0x4c CMakeFiles/32Inverter.elf.dir/Drivers/STM32F3xx_HAL_Driver/Src/stm32f3xx_hal_dma.c.obj
 .text.HAL_DMA_Init
                0x08003f18       0x4c CMakeFiles/32Inverter.elf.dir/Drivers/STM32F3xx_HAL_Driver/Src/stm32f3xx_hal_dma.c.obj
                0x08003f18                HAL_DMA_Init
 .text.HAL_DMA_Start_IT
                0x08003f64       0x74 CMakeFiles/32Inverter.elf.dir/Drivers/STM32F3xx_HAL_Driver/Src/stm32f3xx_hal_dma.c.obj
                0x08003f64                HAL_DMA_Start_IT
 .text.HAL_DMA_Abort
                0x08003fd8       0x44 CMakeFiles/32Inverter.elf.dir/Drivers/STM32F3xx_HAL_Driver/Src/stm32f3xx_hal_dma.c.obj
                0x08003fd8                HAL_DMA_Abort
 .text.HAL_DMA_Abort_IT
                0x0800401c       0x4a CMakeFiles/32Inverter.elf.dir/Drivers/STM32F3xx_HAL_Driver/Src/stm32f3xx_hal_dma.c.obj
                0x0800401c                HAL_DMA_Abort_IT
 .text.HAL_DMA_IRQHandler
                0x08004066       0xb2 CMakeFiles/32Inverter.elf.dir/Drivers/STM32F3xx_HAL_Driver/Src/stm32f3xx_hal_dma.c.obj
                0x08004066                HAL_DMA_IRQHandler
 .text.HAL_DMA_GetError
                0x08004118        0x4 CMakeFiles/32Inverter.elf.dir/Drivers/STM32F3xx_HAL_Driver/Src/stm32f3xx_hal_dma.c.obj
                0x08004118                HAL_DMA_GetError
 .text.HAL_GPIO_Init
                0x0800411c      0x1c8 CMakeFiles/32Inverter.elf.dir/Drivers/STM32F3xx_HAL_Driver/Src/stm32f3xx_hal_gpio.c.obj
                0x0800411c                HAL_GPIO_Init
 .text.HAL_GPIO_WritePin
                0x080042e4        0xa CMakeFiles/32Inverter.elf.dir/Drivers/STM32F3xx_HAL_Driver/Src/stm32f3xx_hal_gpio.c.obj
                0x080042e4                HAL_GPIO_WritePin
 *fill*         0x080042ee        0x2 
 .text.HAL_RCC_OscConfig
                0x080042f0      0x630 CMakeFiles/32Inverter.elf.dir/Drivers/STM32F3xx_HAL_Driver/Src/stm32f3xx_hal_rcc.c.obj
                0x080042f0                HAL_RCC_OscConfig
 .text.HAL_RCC_GetSysClockFreq
                0x08004920       0x70 CMakeFiles/32Inverter.elf.dir/Drivers/STM32F3xx_HAL_Driver/Src/stm32f3xx_hal_rcc.c.obj
                0x08004920                HAL_RCC_GetSysClockFreq
 .text.HAL_RCC_ClockConfig
                0x08004990      0x1a8 CMakeFiles/32Inverter.elf.dir/Drivers/STM32F3xx_HAL_Driver/Src/stm32f3xx_hal_rcc.c.obj
                0x08004990                HAL_RCC_ClockConfig
 .text.HAL_RCCEx_PeriphCLKConfig
                0x08004b38      0x260 CMakeFiles/32Inverter.elf.dir/Drivers/STM32F3xx_HAL_Driver/Src/stm32f3xx_hal_rcc_ex.c.obj
                0x08004b38                HAL_RCCEx_PeriphCLKConfig
 .text.SPI_WaitFlagStateUntilTimeout
                0x08004d98       0xc8 CMakeFiles/32Inverter.elf.dir/Drivers/STM32F3xx_HAL_Driver/Src/stm32f3xx_hal_spi.c.obj
 .text.SPI_WaitFifoStateUntilTimeout
                0x08004e60       0xf0 CMakeFiles/32Inverter.elf.dir/Drivers/STM32F3xx_HAL_Driver/Src/stm32f3xx_hal_spi.c.obj
 .text.SPI_EndRxTxTransaction
                0x08004f50       0x62 CMakeFiles/32Inverter.elf.dir/Drivers/STM32F3xx_HAL_Driver/Src/stm32f3xx_hal_spi.c.obj
 .text.SPI_EndRxTransaction
                0x08004fb2       0x82 CMakeFiles/32Inverter.elf.dir/Drivers/STM32F3xx_HAL_Driver/Src/stm32f3xx_hal_spi.c.obj
 .text.HAL_SPI_Init
                0x08005034       0xe8 CMakeFiles/32Inverter.elf.dir/Drivers/STM32F3xx_HAL_Driver/Src/stm32f3xx_hal_spi.c.obj
                0x08005034                HAL_SPI_Init
 .text.HAL_SPI_TransmitReceive
                0x0800511c      0x2ea CMakeFiles/32Inverter.elf.dir/Drivers/STM32F3xx_HAL_Driver/Src/stm32f3xx_hal_spi.c.obj
                0x0800511c                HAL_SPI_TransmitReceive
 .text.HAL_SPI_Receive
                0x08005406      0x1aa CMakeFiles/32Inverter.elf.dir/Drivers/STM32F3xx_HAL_Driver/Src/stm32f3xx_hal_spi.c.obj
                0x08005406                HAL_SPI_Receive
 .text.TIM_OC1_SetConfig
                0x080055b0       0x9c CMakeFiles/32Inverter.elf.dir/Drivers/STM32F3xx_HAL_Driver/Src/stm32f3xx_hal_tim.c.obj
 .text.TIM_OC3_SetConfig
                0x0800564c       0x8c CMakeFiles/32Inverter.elf.dir/Drivers/STM32F3xx_HAL_Driver/Src/stm32f3xx_hal_tim.c.obj
 .text.TIM_OC4_SetConfig
                0x080056d8       0x6c CMakeFiles/32Inverter.elf.dir/Drivers/STM32F3xx_HAL_Driver/Src/stm32f3xx_hal_tim.c.obj
 .text.TIM_OC5_SetConfig
                0x08005744       0x68 CMakeFiles/32Inverter.elf.dir/Drivers/STM32F3xx_HAL_Driver/Src/stm32f3xx_hal_tim.c.obj
 .text.TIM_OC6_SetConfig
                0x080057ac       0x6c CMakeFiles/32Inverter.elf.dir/Drivers/STM32F3xx_HAL_Driver/Src/stm32f3xx_hal_tim.c.obj
 .text.HAL_TIM_Base_Stop
                0x08005818       0x28 CMakeFiles/32Inverter.elf.dir/Drivers/STM32F3xx_HAL_Driver/Src/stm32f3xx_hal_tim.c.obj
                0x08005818                HAL_TIM_Base_Stop
 .text.HAL_TIM_Base_Start_IT
                0x08005840       0x84 CMakeFiles/32Inverter.elf.dir/Drivers/STM32F3xx_HAL_Driver/Src/stm32f3xx_hal_tim.c.obj
                0x08005840                HAL_TIM_Base_Start_IT
 .text.HAL_TIM_OC_DelayElapsedCallback
                0x080058c4        0x2 CMakeFiles/32Inverter.elf.dir/Drivers/STM32F3xx_HAL_Driver/Src/stm32f3xx_hal_tim.c.obj
                0x080058c4                HAL_TIM_OC_DelayElapsedCallback
 .text.HAL_TIM_IC_CaptureCallback
                0x080058c6        0x2 CMakeFiles/32Inverter.elf.dir/Drivers/STM32F3xx_HAL_Driver/Src/stm32f3xx_hal_tim.c.obj
                0x080058c6                HAL_TIM_IC_CaptureCallback
 .text.HAL_TIM_PWM_PulseFinishedCallback
                0x080058c8        0x2 CMakeFiles/32Inverter.elf.dir/Drivers/STM32F3xx_HAL_Driver/Src/stm32f3xx_hal_tim.c.obj
                0x080058c8                HAL_TIM_PWM_PulseFinishedCallback
 .text.HAL_TIM_TriggerCallback
                0x080058ca        0x2 CMakeFiles/32Inverter.elf.dir/Drivers/STM32F3xx_HAL_Driver/Src/stm32f3xx_hal_tim.c.obj
                0x080058ca                HAL_TIM_TriggerCallback
 .text.HAL_TIM_IRQHandler
                0x080058cc      0x19a CMakeFiles/32Inverter.elf.dir/Drivers/STM32F3xx_HAL_Driver/Src/stm32f3xx_hal_tim.c.obj
                0x080058cc                HAL_TIM_IRQHandler
 *fill*         0x08005a66        0x2 
 .text.TIM_Base_SetConfig
                0x08005a68       0xb8 CMakeFiles/32Inverter.elf.dir/Drivers/STM32F3xx_HAL_Driver/Src/stm32f3xx_hal_tim.c.obj
                0x08005a68                TIM_Base_SetConfig
 .text.HAL_TIM_PWM_Init
                0x08005b20       0x60 CMakeFiles/32Inverter.elf.dir/Drivers/STM32F3xx_HAL_Driver/Src/stm32f3xx_hal_tim.c.obj
                0x08005b20                HAL_TIM_PWM_Init
 .text.TIM_OC2_SetConfig
                0x08005b80       0x8c CMakeFiles/32Inverter.elf.dir/Drivers/STM32F3xx_HAL_Driver/Src/stm32f3xx_hal_tim.c.obj
                0x08005b80                TIM_OC2_SetConfig
 .text.HAL_TIM_PWM_ConfigChannel
                0x08005c0c      0x13a CMakeFiles/32Inverter.elf.dir/Drivers/STM32F3xx_HAL_Driver/Src/stm32f3xx_hal_tim.c.obj
                0x08005c0c                HAL_TIM_PWM_ConfigChannel
 .text.TIM_CCxChannelCmd
                0x08005d46       0x1e CMakeFiles/32Inverter.elf.dir/Drivers/STM32F3xx_HAL_Driver/Src/stm32f3xx_hal_tim.c.obj
                0x08005d46                TIM_CCxChannelCmd
 .text.HAL_TIM_PWM_Start
                0x08005d64      0x154 CMakeFiles/32Inverter.elf.dir/Drivers/STM32F3xx_HAL_Driver/Src/stm32f3xx_hal_tim.c.obj
                0x08005d64                HAL_TIM_PWM_Start
 .text.HAL_TIM_PWM_Stop
                0x08005eb8       0xc0 CMakeFiles/32Inverter.elf.dir/Drivers/STM32F3xx_HAL_Driver/Src/stm32f3xx_hal_tim.c.obj
                0x08005eb8                HAL_TIM_PWM_Stop
 .text.TIM_CCxNChannelCmd
                0x08005f78       0x1e CMakeFiles/32Inverter.elf.dir/Drivers/STM32F3xx_HAL_Driver/Src/stm32f3xx_hal_tim_ex.c.obj
 *fill*         0x08005f96        0x2 
 .text.HAL_TIMEx_PWMN_Start
                0x08005f98       0xec CMakeFiles/32Inverter.elf.dir/Drivers/STM32F3xx_HAL_Driver/Src/stm32f3xx_hal_tim_ex.c.obj
                0x08005f98                HAL_TIMEx_PWMN_Start
 .text.HAL_TIMEx_MasterConfigSynchronization
                0x08006084       0x90 CMakeFiles/32Inverter.elf.dir/Drivers/STM32F3xx_HAL_Driver/Src/stm32f3xx_hal_tim_ex.c.obj
                0x08006084                HAL_TIMEx_MasterConfigSynchronization
 .text.HAL_TIMEx_ConfigBreakDeadTime
                0x08006114       0x90 CMakeFiles/32Inverter.elf.dir/Drivers/STM32F3xx_HAL_Driver/Src/stm32f3xx_hal_tim_ex.c.obj
                0x08006114                HAL_TIMEx_ConfigBreakDeadTime
 .text.HAL_TIMEx_CommutCallback
                0x080061a4        0x2 CMakeFiles/32Inverter.elf.dir/Drivers/STM32F3xx_HAL_Driver/Src/stm32f3xx_hal_tim_ex.c.obj
                0x080061a4                HAL_TIMEx_CommutCallback
 .text.HAL_TIMEx_BreakCallback
                0x080061a6        0x2 CMakeFiles/32Inverter.elf.dir/Drivers/STM32F3xx_HAL_Driver/Src/stm32f3xx_hal_tim_ex.c.obj
                0x080061a6                HAL_TIMEx_BreakCallback
 .text.HAL_TIMEx_Break2Callback
                0x080061a8        0x2 CMakeFiles/32Inverter.elf.dir/Drivers/STM32F3xx_HAL_Driver/Src/stm32f3xx_hal_tim_ex.c.obj
                0x080061a8                HAL_TIMEx_Break2Callback
 .text.UART_EndRxTransfer
                0x080061aa       0x52 CMakeFiles/32Inverter.elf.dir/Drivers/STM32F3xx_HAL_Driver/Src/stm32f3xx_hal_uart.c.obj
 .text.HAL_UART_AbortReceive
                0x080061fc       0xae CMakeFiles/32Inverter.elf.dir/Drivers/STM32F3xx_HAL_Driver/Src/stm32f3xx_hal_uart.c.obj
                0x080061fc                HAL_UART_AbortReceive
 .text.HAL_UART_TxCpltCallback
                0x080062aa        0x2 CMakeFiles/32Inverter.elf.dir/Drivers/STM32F3xx_HAL_Driver/Src/stm32f3xx_hal_uart.c.obj
                0x080062aa                HAL_UART_TxCpltCallback
 .text.UART_EndTransmit_IT
                0x080062ac       0x22 CMakeFiles/32Inverter.elf.dir/Drivers/STM32F3xx_HAL_Driver/Src/stm32f3xx_hal_uart.c.obj
 .text.HAL_UART_ErrorCallback
                0x080062ce        0x2 CMakeFiles/32Inverter.elf.dir/Drivers/STM32F3xx_HAL_Driver/Src/stm32f3xx_hal_uart.c.obj
                0x080062ce                HAL_UART_ErrorCallback
 .text.UART_DMAAbortOnError
                0x080062d0       0x14 CMakeFiles/32Inverter.elf.dir/Drivers/STM32F3xx_HAL_Driver/Src/stm32f3xx_hal_uart.c.obj
 .text.HAL_UARTEx_RxEventCallback
                0x080062e4        0x2 CMakeFiles/32Inverter.elf.dir/Drivers/STM32F3xx_HAL_Driver/Src/stm32f3xx_hal_uart.c.obj
                0x080062e4                HAL_UARTEx_RxEventCallback
 *fill*         0x080062e6        0x2 
 .text.HAL_UART_IRQHandler
                0x080062e8      0x2e8 CMakeFiles/32Inverter.elf.dir/Drivers/STM32F3xx_HAL_Driver/Src/stm32f3xx_hal_uart.c.obj
                0x080062e8                HAL_UART_IRQHandler
 .text.UART_RxISR_8BIT
                0x080065d0       0xd0 CMakeFiles/32Inverter.elf.dir/Drivers/STM32F3xx_HAL_Driver/Src/stm32f3xx_hal_uart.c.obj
 .text.UART_RxISR_16BIT
                0x080066a0       0xce CMakeFiles/32Inverter.elf.dir/Drivers/STM32F3xx_HAL_Driver/Src/stm32f3xx_hal_uart.c.obj
 .text.UART_WaitOnFlagUntilTimeout
                0x0800676e       0x96 CMakeFiles/32Inverter.elf.dir/Drivers/STM32F3xx_HAL_Driver/Src/stm32f3xx_hal_uart.c.obj
                0x0800676e                UART_WaitOnFlagUntilTimeout
 .text.HAL_UART_Transmit
                0x08006804       0xc8 CMakeFiles/32Inverter.elf.dir/Drivers/STM32F3xx_HAL_Driver/Src/stm32f3xx_hal_uart.c.obj
                0x08006804                HAL_UART_Transmit
 .text.UART_Start_Receive_IT
                0x080068cc       0xbc CMakeFiles/32Inverter.elf.dir/Drivers/STM32F3xx_HAL_Driver/Src/stm32f3xx_hal_uart.c.obj
                0x080068cc                UART_Start_Receive_IT
 .text.HAL_UART_Receive_IT
                0x08006988       0x40 CMakeFiles/32Inverter.elf.dir/Drivers/STM32F3xx_HAL_Driver/Src/stm32f3xx_hal_uart.c.obj
                0x08006988                HAL_UART_Receive_IT
 .text.HAL_UARTEx_WakeupCallback
                0x080069c8        0x2 CMakeFiles/32Inverter.elf.dir/Drivers/STM32F3xx_HAL_Driver/Src/stm32f3xx_hal_uart_ex.c.obj
                0x080069c8                HAL_UARTEx_WakeupCallback
 *fill*         0x080069ca        0x2 
 .text.atexit   0x080069cc        0xc /usr/lib/gcc/arm-none-eabi/14.2.0/../../../../arm-none-eabi/lib/thumb/v7e-m+fp/hard/libg.a(libc_a-atexit.o)
                0x080069cc                atexit
 .text.stdio_exit_handler
                0x080069d8       0x18 /usr/lib/gcc/arm-none-eabi/14.2.0/../../../../arm-none-eabi/lib/thumb/v7e-m+fp/hard/libg.a(libc_a-findfp.o)
 .text.cleanup_stdio
                0x080069f0       0x40 /usr/lib/gcc/arm-none-eabi/14.2.0/../../../../arm-none-eabi/lib/thumb/v7e-m+fp/hard/libg.a(libc_a-findfp.o)
 .text.global_stdio_init.part.0
                0x08006a30       0xf0 /usr/lib/gcc/arm-none-eabi/14.2.0/../../../../arm-none-eabi/lib/thumb/v7e-m+fp/hard/libg.a(libc_a-findfp.o)
 .text.__sinit  0x08006b20       0x3c /usr/lib/gcc/arm-none-eabi/14.2.0/../../../../arm-none-eabi/lib/thumb/v7e-m+fp/hard/libg.a(libc_a-findfp.o)
                0x08006b20                __sinit
 .text.__sfp_lock_acquire
                0x08006b5c        0xc /usr/lib/gcc/arm-none-eabi/14.2.0/../../../../arm-none-eabi/lib/thumb/v7e-m+fp/hard/libg.a(libc_a-findfp.o)
                0x08006b5c                __sfp_lock_acquire
 .text.__sfp_lock_release
                0x08006b68        0xc /usr/lib/gcc/arm-none-eabi/14.2.0/../../../../arm-none-eabi/lib/thumb/v7e-m+fp/hard/libg.a(libc_a-findfp.o)
                0x08006b68                __sfp_lock_release
 .text._fwalk_sglue
                0x08006b74       0x44 /usr/lib/gcc/arm-none-eabi/14.2.0/../../../../arm-none-eabi/lib/thumb/v7e-m+fp/hard/libg.a(libc_a-fwalk.o)
                0x08006b74                _fwalk_sglue
 .text.printf   0x08006bb8       0x28 /usr/lib/gcc/arm-none-eabi/14.2.0/../../../../arm-none-eabi/lib/thumb/v7e-m+fp/hard/libg.a(libc_a-printf.o)
                0x08006bb8                printf
 .text._puts_r  0x08006be0       0xbc /usr/lib/gcc/arm-none-eabi/14.2.0/../../../../arm-none-eabi/lib/thumb/v7e-m+fp/hard/libg.a(libc_a-puts.o)
                0x08006be0                _puts_r
 .text.puts     0x08006c9c       0x10 /usr/lib/gcc/arm-none-eabi/14.2.0/../../../../arm-none-eabi/lib/thumb/v7e-m+fp/hard/libg.a(libc_a-puts.o)
                0x08006c9c                puts
 .text.sscanf   0x08006cac       0x58 /usr/lib/gcc/arm-none-eabi/14.2.0/../../../../arm-none-eabi/lib/thumb/v7e-m+fp/hard/libg.a(libc_a-sscanf.o)
                0x08006cac                sscanf
 .text.__sread  0x08006d04       0x24 /usr/lib/gcc/arm-none-eabi/14.2.0/../../../../arm-none-eabi/lib/thumb/v7e-m+fp/hard/libg.a(libc_a-stdio.o)
                0x08006d04                __sread
 .text.__seofread
                0x08006d28        0x4 /usr/lib/gcc/arm-none-eabi/14.2.0/../../../../arm-none-eabi/lib/thumb/v7e-m+fp/hard/libg.a(libc_a-stdio.o)
                0x08006d28                __seofread
 .text.__swrite
                0x08006d2c       0x40 /usr/lib/gcc/arm-none-eabi/14.2.0/../../../../arm-none-eabi/lib/thumb/v7e-m+fp/hard/libg.a(libc_a-stdio.o)
                0x08006d2c                __swrite
 .text.__sseek  0x08006d6c       0x24 /usr/lib/gcc/arm-none-eabi/14.2.0/../../../../arm-none-eabi/lib/thumb/v7e-m+fp/hard/libg.a(libc_a-stdio.o)
                0x08006d6c                __sseek
 .text.__sclose
                0x08006d90        0x8 /usr/lib/gcc/arm-none-eabi/14.2.0/../../../../arm-none-eabi/lib/thumb/v7e-m+fp/hard/libg.a(libc_a-stdio.o)
                0x08006d90                __sclose
 .text.memset   0x08006d98       0x9c /usr/lib/gcc/arm-none-eabi/14.2.0/../../../../arm-none-eabi/lib/thumb/v7e-m+fp/hard/libg.a(libc_a-memset.o)
                0x08006d98                memset
 .text._close_r
                0x08006e34       0x24 /usr/lib/gcc/arm-none-eabi/14.2.0/../../../../arm-none-eabi/lib/thumb/v7e-m+fp/hard/libg.a(libc_a-closer.o)
                0x08006e34                _close_r
 .text._lseek_r
                0x08006e58       0x2c /usr/lib/gcc/arm-none-eabi/14.2.0/../../../../arm-none-eabi/lib/thumb/v7e-m+fp/hard/libg.a(libc_a-lseekr.o)
                0x08006e58                _lseek_r
 .text._read_r  0x08006e84       0x2c /usr/lib/gcc/arm-none-eabi/14.2.0/../../../../arm-none-eabi/lib/thumb/v7e-m+fp/hard/libg.a(libc_a-readr.o)
                0x08006e84                _read_r
 .text._write_r
                0x08006eb0       0x2c /usr/lib/gcc/arm-none-eabi/14.2.0/../../../../arm-none-eabi/lib/thumb/v7e-m+fp/hard/libg.a(libc_a-writer.o)
                0x08006eb0                _write_r
 .text.__errno  0x08006edc        0xc /usr/lib/gcc/arm-none-eabi/14.2.0/../../../../arm-none-eabi/lib/thumb/v7e-m+fp/hard/libg.a(libc_a-errno.o)
                0x08006edc                __errno
 .text.__libc_init_array
                0x08006ee8       0x50 /usr/lib/gcc/arm-none-eabi/14.2.0/../../../../arm-none-eabi/lib/thumb/v7e-m+fp/hard/libg.a(libc_a-init.o)
                0x08006ee8                __libc_init_array
 .text.__libc_fini_array
                0x08006f38       0x28 /usr/lib/gcc/arm-none-eabi/14.2.0/../../../../arm-none-eabi/lib/thumb/v7e-m+fp/hard/libg.a(libc_a-fini.o)
                0x08006f38                __libc_fini_array
 .text.__retarget_lock_init_recursive
                0x08006f60        0x4 /usr/lib/gcc/arm-none-eabi/14.2.0/../../../../arm-none-eabi/lib/thumb/v7e-m+fp/hard/libg.a(libc_a-lock.o)
                0x08006f60                __retarget_lock_init_recursive
 .text.__retarget_lock_close_recursive
                0x08006f64        0x4 /usr/lib/gcc/arm-none-eabi/14.2.0/../../../../arm-none-eabi/lib/thumb/v7e-m+fp/hard/libg.a(libc_a-lock.o)
                0x08006f64                __retarget_lock_close_recursive
 .text.__retarget_lock_acquire_recursive
                0x08006f68        0x4 /usr/lib/gcc/arm-none-eabi/14.2.0/../../../../arm-none-eabi/lib/thumb/v7e-m+fp/hard/libg.a(libc_a-lock.o)
                0x08006f68                __retarget_lock_acquire_recursive
 .text.__retarget_lock_release_recursive
                0x08006f6c        0x4 /usr/lib/gcc/arm-none-eabi/14.2.0/../../../../arm-none-eabi/lib/thumb/v7e-m+fp/hard/libg.a(libc_a-lock.o)
                0x08006f6c                __retarget_lock_release_recursive
 .text.__register_exitproc
                0x08006f70       0x80 /usr/lib/gcc/arm-none-eabi/14.2.0/../../../../arm-none-eabi/lib/thumb/v7e-m+fp/hard/libg.a(libc_a-__atexit.o)
                0x08006f70                __register_exitproc
 .text.startup.register_fini
                0x08006ff0       0x14 /usr/lib/gcc/arm-none-eabi/14.2.0/../../../../arm-none-eabi/lib/thumb/v7e-m+fp/hard/libg.a(libc_a-__call_atexit.o)
 .text._malloc_trim_r
                0x08007004       0xb8 /usr/lib/gcc/arm-none-eabi/14.2.0/../../../../arm-none-eabi/lib/thumb/v7e-m+fp/hard/libg.a(libc_a-freer.o)
                0x08007004                _malloc_trim_r
 .text._free_r  0x080070bc      0x1f0 /usr/lib/gcc/arm-none-eabi/14.2.0/../../../../arm-none-eabi/lib/thumb/v7e-m+fp/hard/libg.a(libc_a-freer.o)
                0x080070bc                _free_r
 .text._malloc_r
                0x080072ac      0x59c /usr/lib/gcc/arm-none-eabi/14.2.0/../../../../arm-none-eabi/lib/thumb/v7e-m+fp/hard/libg.a(libc_a-mallocr.o)
                0x080072ac                _malloc_r
 .text.__malloc_lock
                0x08007848        0xc /usr/lib/gcc/arm-none-eabi/14.2.0/../../../../arm-none-eabi/lib/thumb/v7e-m+fp/hard/libg.a(libc_a-mlock.o)
                0x08007848                __malloc_lock
 .text.__malloc_unlock
                0x08007854        0xc /usr/lib/gcc/arm-none-eabi/14.2.0/../../../../arm-none-eabi/lib/thumb/v7e-m+fp/hard/libg.a(libc_a-mlock.o)
                0x08007854                __malloc_unlock
 .text.__ssvfscanf_r
                0x08007860     0x1a8c /usr/lib/gcc/arm-none-eabi/14.2.0/../../../../arm-none-eabi/lib/thumb/v7e-m+fp/hard/libg.a(libc_a-svfscanf.o)
                0x08007860                __ssvfscanf_r
 *fill*         0x080092ec        0x4 
 .text._vfprintf_r
                0x080092f0     0x2288 /usr/lib/gcc/arm-none-eabi/14.2.0/../../../../arm-none-eabi/lib/thumb/v7e-m+fp/hard/libg.a(libc_a-vfprintf.o)
                0x080092f0                _vfprintf_r
 .text.__sbprintf
                0x0800b578       0x84 /usr/lib/gcc/arm-none-eabi/14.2.0/../../../../arm-none-eabi/lib/thumb/v7e-m+fp/hard/libg.a(libc_a-vfprintf.o)
 .text.__sprint_r
                0x0800b5fc       0x20 /usr/lib/gcc/arm-none-eabi/14.2.0/../../../../arm-none-eabi/lib/thumb/v7e-m+fp/hard/libg.a(libc_a-sprint_r.o)
                0x0800b5fc                __sprint_r
 .text._fclose_r
                0x0800b61c       0xc0 /usr/lib/gcc/arm-none-eabi/14.2.0/../../../../arm-none-eabi/lib/thumb/v7e-m+fp/hard/libg.a(libc_a-fclose.o)
                0x0800b61c                _fclose_r
 .text.__sflush_r
                0x0800b6dc      0x134 /usr/lib/gcc/arm-none-eabi/14.2.0/../../../../arm-none-eabi/lib/thumb/v7e-m+fp/hard/libg.a(libc_a-fflush.o)
                0x0800b6dc                __sflush_r
 .text._fflush_r
                0x0800b810       0x54 /usr/lib/gcc/arm-none-eabi/14.2.0/../../../../arm-none-eabi/lib/thumb/v7e-m+fp/hard/libg.a(libc_a-fflush.o)
                0x0800b810                _fflush_r
 .text.__sfvwrite_r
                0x0800b864      0x2e4 /usr/lib/gcc/arm-none-eabi/14.2.0/../../../../arm-none-eabi/lib/thumb/v7e-m+fp/hard/libg.a(libc_a-fvwrite.o)
                0x0800b864                __sfvwrite_r
 .text.__sccl   0x0800bb48       0x98 /usr/lib/gcc/arm-none-eabi/14.2.0/../../../../arm-none-eabi/lib/thumb/v7e-m+fp/hard/libg.a(libc_a-sccl.o)
                0x0800bb48                __sccl
 .text.sprintf  0x0800bbe0       0x44 /usr/lib/gcc/arm-none-eabi/14.2.0/../../../../arm-none-eabi/lib/thumb/v7e-m+fp/hard/libg.a(libc_a-sprintf.o)
                0x0800bbe0                sprintf
 .text.__swsetup_r
                0x0800bc24       0xf4 /usr/lib/gcc/arm-none-eabi/14.2.0/../../../../arm-none-eabi/lib/thumb/v7e-m+fp/hard/libg.a(libc_a-wsetup.o)
                0x0800bc24                __swsetup_r
 .text.memmove  0x0800bd18       0xf8 /usr/lib/gcc/arm-none-eabi/14.2.0/../../../../arm-none-eabi/lib/thumb/v7e-m+fp/hard/libg.a(libc_a-memmove.o)
                0x0800bd18                memmove
 .text.strncpy  0x0800be10       0x68 /usr/lib/gcc/arm-none-eabi/14.2.0/../../../../arm-none-eabi/lib/thumb/v7e-m+fp/hard/libg.a(libc_a-strncpy.o)
                0x0800be10                strncpy
 .text.__locale_mb_cur_max
                0x0800be78        0xc /usr/lib/gcc/arm-none-eabi/14.2.0/../../../../arm-none-eabi/lib/thumb/v7e-m+fp/hard/libg.a(libc_a-locale.o)
                0x0800be78                __locale_mb_cur_max
 .text._localeconv_r
                0x0800be84        0x8 /usr/lib/gcc/arm-none-eabi/14.2.0/../../../../arm-none-eabi/lib/thumb/v7e-m+fp/hard/libg.a(libc_a-localeconv.o)
                0x0800be84                _localeconv_r
 .text._sbrk_r  0x0800be8c       0x24 /usr/lib/gcc/arm-none-eabi/14.2.0/../../../../arm-none-eabi/lib/thumb/v7e-m+fp/hard/libg.a(libc_a-sbrkr.o)
                0x0800be8c                _sbrk_r
 .text.sysconf  0x0800beb0       0x1c /usr/lib/gcc/arm-none-eabi/14.2.0/../../../../arm-none-eabi/lib/thumb/v7e-m+fp/hard/libg.a(libc_a-sysconf.o)
                0x0800beb0                sysconf
 .text.nanf     0x0800becc        0xc /usr/lib/gcc/arm-none-eabi/14.2.0/../../../../arm-none-eabi/lib/thumb/v7e-m+fp/hard/libg.a(libm_a-sf_nan.o)
                0x0800becc                nanf
 .text.frexp    0x0800bed8       0x64 /usr/lib/gcc/arm-none-eabi/14.2.0/../../../../arm-none-eabi/lib/thumb/v7e-m+fp/hard/libg.a(libm_a-s_frexp.o)
                0x0800bed8                frexp
 .text.quorem   0x0800bf3c      0x12c /usr/lib/gcc/arm-none-eabi/14.2.0/../../../../arm-none-eabi/lib/thumb/v7e-m+fp/hard/libg.a(libc_a-dtoa.o)
 .text._dtoa_r  0x0800c068     0x1044 /usr/lib/gcc/arm-none-eabi/14.2.0/../../../../arm-none-eabi/lib/thumb/v7e-m+fp/hard/libg.a(libc_a-dtoa.o)
                0x0800c068                _dtoa_r
 .text.malloc   0x0800d0ac       0x10 /usr/lib/gcc/arm-none-eabi/14.2.0/../../../../arm-none-eabi/lib/thumb/v7e-m+fp/hard/libg.a(libc_a-malloc.o)
                0x0800d0ac                malloc
 .text.free     0x0800d0bc       0x10 /usr/lib/gcc/arm-none-eabi/14.2.0/../../../../arm-none-eabi/lib/thumb/v7e-m+fp/hard/libg.a(libc_a-malloc.o)
                0x0800d0bc                free
 .text.__ascii_mbtowc
                0x0800d0cc       0x2c /usr/lib/gcc/arm-none-eabi/14.2.0/../../../../arm-none-eabi/lib/thumb/v7e-m+fp/hard/libg.a(libc_a-mbtowc_r.o)
                0x0800d0cc                __ascii_mbtowc
 .text._Balloc  0x0800d0f8       0x4c /usr/lib/gcc/arm-none-eabi/14.2.0/../../../../arm-none-eabi/lib/thumb/v7e-m+fp/hard/libg.a(libc_a-mprec.o)
                0x0800d0f8                _Balloc
 .text._Bfree   0x0800d144       0x14 /usr/lib/gcc/arm-none-eabi/14.2.0/../../../../arm-none-eabi/lib/thumb/v7e-m+fp/hard/libg.a(libc_a-mprec.o)
                0x0800d144                _Bfree
 .text.__multadd
                0x0800d158       0xa0 /usr/lib/gcc/arm-none-eabi/14.2.0/../../../../arm-none-eabi/lib/thumb/v7e-m+fp/hard/libg.a(libc_a-mprec.o)
                0x0800d158                __multadd
 .text.__s2b    0x0800d1f8       0xb4 /usr/lib/gcc/arm-none-eabi/14.2.0/../../../../arm-none-eabi/lib/thumb/v7e-m+fp/hard/libg.a(libc_a-mprec.o)
                0x0800d1f8                __s2b
 .text.__hi0bits
                0x0800d2ac       0x54 /usr/lib/gcc/arm-none-eabi/14.2.0/../../../../arm-none-eabi/lib/thumb/v7e-m+fp/hard/libg.a(libc_a-mprec.o)
                0x0800d2ac                __hi0bits
 .text.__lo0bits
                0x0800d300       0x80 /usr/lib/gcc/arm-none-eabi/14.2.0/../../../../arm-none-eabi/lib/thumb/v7e-m+fp/hard/libg.a(libc_a-mprec.o)
                0x0800d300                __lo0bits
 .text.__i2b    0x0800d380       0x5c /usr/lib/gcc/arm-none-eabi/14.2.0/../../../../arm-none-eabi/lib/thumb/v7e-m+fp/hard/libg.a(libc_a-mprec.o)
                0x0800d380                __i2b
 .text.__multiply
                0x0800d3dc      0x16c /usr/lib/gcc/arm-none-eabi/14.2.0/../../../../arm-none-eabi/lib/thumb/v7e-m+fp/hard/libg.a(libc_a-mprec.o)
                0x0800d3dc                __multiply
 .text.__pow5mult
                0x0800d548       0xc0 /usr/lib/gcc/arm-none-eabi/14.2.0/../../../../arm-none-eabi/lib/thumb/v7e-m+fp/hard/libg.a(libc_a-mprec.o)
                0x0800d548                __pow5mult
 .text.__lshift
                0x0800d608       0xe8 /usr/lib/gcc/arm-none-eabi/14.2.0/../../../../arm-none-eabi/lib/thumb/v7e-m+fp/hard/libg.a(libc_a-mprec.o)
                0x0800d608                __lshift
 .text.__mcmp   0x0800d6f0       0x44 /usr/lib/gcc/arm-none-eabi/14.2.0/../../../../arm-none-eabi/lib/thumb/v7e-m+fp/hard/libg.a(libc_a-mprec.o)
                0x0800d6f0                __mcmp
 .text.__mdiff  0x0800d734      0x174 /usr/lib/gcc/arm-none-eabi/14.2.0/../../../../arm-none-eabi/lib/thumb/v7e-m+fp/hard/libg.a(libc_a-mprec.o)
                0x0800d734                __mdiff
 .text.__ulp    0x0800d8a8       0x64 /usr/lib/gcc/arm-none-eabi/14.2.0/../../../../arm-none-eabi/lib/thumb/v7e-m+fp/hard/libg.a(libc_a-mprec.o)
                0x0800d8a8                __ulp
 .text.__b2d    0x0800d90c       0xbc /usr/lib/gcc/arm-none-eabi/14.2.0/../../../../arm-none-eabi/lib/thumb/v7e-m+fp/hard/libg.a(libc_a-mprec.o)
                0x0800d90c                __b2d
 .text.__d2b    0x0800d9c8       0xbc /usr/lib/gcc/arm-none-eabi/14.2.0/../../../../arm-none-eabi/lib/thumb/v7e-m+fp/hard/libg.a(libc_a-mprec.o)
                0x0800d9c8                __d2b
 .text.__ratio  0x0800da84       0x60 /usr/lib/gcc/arm-none-eabi/14.2.0/../../../../arm-none-eabi/lib/thumb/v7e-m+fp/hard/libg.a(libc_a-mprec.o)
                0x0800da84                __ratio
 .text.__copybits
                0x0800dae4       0x5c /usr/lib/gcc/arm-none-eabi/14.2.0/../../../../arm-none-eabi/lib/thumb/v7e-m+fp/hard/libg.a(libc_a-mprec.o)
                0x0800dae4                __copybits
 .text.__any_on
                0x0800db40       0x5c /usr/lib/gcc/arm-none-eabi/14.2.0/../../../../arm-none-eabi/lib/thumb/v7e-m+fp/hard/libg.a(libc_a-mprec.o)
                0x0800db40                __any_on
 .text.realloc  0x0800db9c       0x18 /usr/lib/gcc/arm-none-eabi/14.2.0/../../../../arm-none-eabi/lib/thumb/v7e-m+fp/hard/libg.a(libc_a-realloc.o)
                0x0800db9c                realloc
 .text._realloc_r
                0x0800dbb4      0x348 /usr/lib/gcc/arm-none-eabi/14.2.0/../../../../arm-none-eabi/lib/thumb/v7e-m+fp/hard/libg.a(libc_a-reallocr.o)
                0x0800dbb4                _realloc_r
 *fill*         0x0800defc        0x4 
 .text._strtod_l
                0x0800df00     0x1168 /usr/lib/gcc/arm-none-eabi/14.2.0/../../../../arm-none-eabi/lib/thumb/v7e-m+fp/hard/libg.a(libc_a-strtod.o)
                0x0800df00                _strtod_l
 .text._strtod_r
                0x0800f068        0xc /usr/lib/gcc/arm-none-eabi/14.2.0/../../../../arm-none-eabi/lib/thumb/v7e-m+fp/hard/libg.a(libc_a-strtod.o)
                0x0800f068                _strtod_r
 .text._strtol_l.isra.0
                0x0800f074      0x138 /usr/lib/gcc/arm-none-eabi/14.2.0/../../../../arm-none-eabi/lib/thumb/v7e-m+fp/hard/libg.a(libc_a-strtol.o)
 .text._strtol_r
                0x0800f1ac        0x4 /usr/lib/gcc/arm-none-eabi/14.2.0/../../../../arm-none-eabi/lib/thumb/v7e-m+fp/hard/libg.a(libc_a-strtol.o)
                0x0800f1ac                _strtol_r
 .text._strtoul_l.isra.0
                0x0800f1b0      0x134 /usr/lib/gcc/arm-none-eabi/14.2.0/../../../../arm-none-eabi/lib/thumb/v7e-m+fp/hard/libg.a(libc_a-strtoul.o)
 .text._strtoul_r
                0x0800f2e4        0x4 /usr/lib/gcc/arm-none-eabi/14.2.0/../../../../arm-none-eabi/lib/thumb/v7e-m+fp/hard/libg.a(libc_a-strtoul.o)
                0x0800f2e4                _strtoul_r
 .text.__ascii_wctomb
                0x0800f2e8       0x1c /usr/lib/gcc/arm-none-eabi/14.2.0/../../../../arm-none-eabi/lib/thumb/v7e-m+fp/hard/libg.a(libc_a-wctomb_r.o)
                0x0800f2e8                __ascii_wctomb
 .text._strtoll_l.isra.0
                0x0800f304      0x17c /usr/lib/gcc/arm-none-eabi/14.2.0/../../../../arm-none-eabi/lib/thumb/v7e-m+fp/hard/libg.a(libc_a-strtoll.o)
 .text._strtoll_r
                0x0800f480        0x4 /usr/lib/gcc/arm-none-eabi/14.2.0/../../../../arm-none-eabi/lib/thumb/v7e-m+fp/hard/libg.a(libc_a-strtoll.o)
                0x0800f480                _strtoll_r
 .text._strtoull_l.isra.0
                0x0800f484      0x194 /usr/lib/gcc/arm-none-eabi/14.2.0/../../../../arm-none-eabi/lib/thumb/v7e-m+fp/hard/libg.a(libc_a-strtoull.o)
 .text._strtoull_r
                0x0800f618        0x4 /usr/lib/gcc/arm-none-eabi/14.2.0/../../../../arm-none-eabi/lib/thumb/v7e-m+fp/hard/libg.a(libc_a-strtoull.o)
                0x0800f618                _strtoull_r
 .text._mbrtowc_r
                0x0800f61c       0x40 /usr/lib/gcc/arm-none-eabi/14.2.0/../../../../arm-none-eabi/lib/thumb/v7e-m+fp/hard/libg.a(libc_a-mbrtowc.o)
                0x0800f61c                _mbrtowc_r
 .text.iswspace
                0x0800f65c        0x8 /usr/lib/gcc/arm-none-eabi/14.2.0/../../../../arm-none-eabi/lib/thumb/v7e-m+fp/hard/libg.a(libc_a-iswspace.o)
                0x0800f65c                iswspace
 .text.iswspace_l
                0x0800f664       0x14 /usr/lib/gcc/arm-none-eabi/14.2.0/../../../../arm-none-eabi/lib/thumb/v7e-m+fp/hard/libg.a(libc_a-iswspace_l.o)
                0x0800f664                iswspace_l
 .text._sungetc_r
                0x0800f678       0x7c /usr/lib/gcc/arm-none-eabi/14.2.0/../../../../arm-none-eabi/lib/thumb/v7e-m+fp/hard/libg.a(libc_a-svfiscanf.o)
                0x0800f678                _sungetc_r
 .text.__ssrefill_r
                0x0800f6f4       0x38 /usr/lib/gcc/arm-none-eabi/14.2.0/../../../../arm-none-eabi/lib/thumb/v7e-m+fp/hard/libg.a(libc_a-svfiscanf.o)
                0x0800f6f4                __ssrefill_r
 .text._sfread_r
                0x0800f72c       0xa4 /usr/lib/gcc/arm-none-eabi/14.2.0/../../../../arm-none-eabi/lib/thumb/v7e-m+fp/hard/libg.a(libc_a-svfiscanf.o)
                0x0800f72c                _sfread_r
 .text._svfprintf_r
                0x0800f7d0     0x217c /usr/lib/gcc/arm-none-eabi/14.2.0/../../../../arm-none-eabi/lib/thumb/v7e-m+fp/hard/libg.a(libc_a-svfprintf.o)
                0x0800f7d0                _svfprintf_r
 .text.__ssprint_r
                0x0801194c       0x58 /usr/lib/gcc/arm-none-eabi/14.2.0/../../../../arm-none-eabi/lib/thumb/v7e-m+fp/hard/libg.a(libc_a-ssprint_r.o)
                0x0801194c                __ssprint_r
 .text.__smakebuf_r
                0x080119a4       0xd0 /usr/lib/gcc/arm-none-eabi/14.2.0/../../../../arm-none-eabi/lib/thumb/v7e-m+fp/hard/libg.a(libc_a-makebuf.o)
                0x080119a4                __smakebuf_r
 .text.__submore
                0x08011a74       0x74 /usr/lib/gcc/arm-none-eabi/14.2.0/../../../../arm-none-eabi/lib/thumb/v7e-m+fp/hard/libg.a(libc_a-ungetc.o)
                0x08011a74                __submore
 .text.strncmp  0x08011ae8       0x78 /usr/lib/gcc/arm-none-eabi/14.2.0/../../../../arm-none-eabi/lib/thumb/v7e-m+fp/hard/libg.a(libc_a-strncmp.o)
                0x08011ae8                strncmp
 .text._fstat_r
                0x08011b60       0x2c /usr/lib/gcc/arm-none-eabi/14.2.0/../../../../arm-none-eabi/lib/thumb/v7e-m+fp/hard/libg.a(libc_a-fstatr.o)
                0x08011b60                _fstat_r
 .text._isatty_r
                0x08011b8c       0x24 /usr/lib/gcc/arm-none-eabi/14.2.0/../../../../arm-none-eabi/lib/thumb/v7e-m+fp/hard/libg.a(libc_a-isattyr.o)
                0x08011b8c                _isatty_r
 .text.nan      0x08011bb0       0x10 /usr/lib/gcc/arm-none-eabi/14.2.0/../../../../arm-none-eabi/lib/thumb/v7e-m+fp/hard/libg.a(libm_a-s_nan.o)
                0x08011bb0                nan
 .text.__assert_func
                0x08011bc0       0x40 /usr/lib/gcc/arm-none-eabi/14.2.0/../../../../arm-none-eabi/lib/thumb/v7e-m+fp/hard/libg.a(libc_a-assert.o)
                0x08011bc0                __assert_func
 .text._calloc_r
                0x08011c00       0x6c /usr/lib/gcc/arm-none-eabi/14.2.0/../../../../arm-none-eabi/lib/thumb/v7e-m+fp/hard/libg.a(libc_a-callocr.o)
                0x08011c00                _calloc_r
 .text.rshift   0x08011c6c       0xac /usr/lib/gcc/arm-none-eabi/14.2.0/../../../../arm-none-eabi/lib/thumb/v7e-m+fp/hard/libg.a(libc_a-gdtoa-gethex.o)
 .text.__gethex
                0x08011d18      0x5f8 /usr/lib/gcc/arm-none-eabi/14.2.0/../../../../arm-none-eabi/lib/thumb/v7e-m+fp/hard/libg.a(libc_a-gdtoa-gethex.o)
                0x08011d18                __gethex
 .text.__match  0x08012310       0x38 /usr/lib/gcc/arm-none-eabi/14.2.0/../../../../arm-none-eabi/lib/thumb/v7e-m+fp/hard/libg.a(libc_a-gdtoa-hexnan.o)
                0x08012310                __match
 .text.__hexnan
                0x08012348      0x1c8 /usr/lib/gcc/arm-none-eabi/14.2.0/../../../../arm-none-eabi/lib/thumb/v7e-m+fp/hard/libg.a(libc_a-gdtoa-hexnan.o)
                0x08012348                __hexnan
 .text.fiprintf
                0x08012510       0x28 /usr/lib/gcc/arm-none-eabi/14.2.0/../../../../arm-none-eabi/lib/thumb/v7e-m+fp/hard/libg.a(libc_a-fiprintf.o)
                0x08012510                fiprintf
 .text._vfiprintf_r
                0x08012538     0x10b0 /usr/lib/gcc/arm-none-eabi/14.2.0/../../../../arm-none-eabi/lib/thumb/v7e-m+fp/hard/libg.a(libc_a-vfiprintf.o)
                0x08012538                _vfiprintf_r
 .text.__sbprintf
                0x080135e8       0x84 /usr/lib/gcc/arm-none-eabi/14.2.0/../../../../arm-none-eabi/lib/thumb/v7e-m+fp/hard/libg.a(libc_a-vfiprintf.o)
 .text.__ssputs_r
                0x0801366c       0xc0 /usr/lib/gcc/arm-none-eabi/14.2.0/../../../../arm-none-eabi/lib/thumb/v7e-m+fp/hard/libg.a(libc_a-ssputs_r.o)
                0x0801366c                __ssputs_r
 .text.abort    0x0801372c       0x10 /usr/lib/gcc/arm-none-eabi/14.2.0/../../../../arm-none-eabi/lib/thumb/v7e-m+fp/hard/libg.a(libc_a-abort.o)
                0x0801372c                abort
 .text.raise    0x0801373c       0x58 /usr/lib/gcc/arm-none-eabi/14.2.0/../../../../arm-none-eabi/lib/thumb/v7e-m+fp/hard/libg.a(libc_a-signal.o)
                0x0801373c                raise
 .text._kill_r  0x08013794       0x2c /usr/lib/gcc/arm-none-eabi/14.2.0/../../../../arm-none-eabi/lib/thumb/v7e-m+fp/hard/libg.a(libc_a-signalr.o)
                0x08013794                _kill_r
 .text._getpid_r
                0x080137c0        0x4 /usr/lib/gcc/arm-none-eabi/14.2.0/../../../../arm-none-eabi/lib/thumb/v7e-m+fp/hard/libg.a(libc_a-signalr.o)
                0x080137c0                _getpid_r
 .text.__fixdfdi
                0x080137c4       0x2e /usr/lib/gcc/arm-none-eabi/14.2.0/thumb/v7e-m+fp/hard/libgcc.a(_fixdfdi.o)
                0x080137c4                __aeabi_d2lz
                0x080137c4                __fixdfdi
 *fill*         0x080137f2        0x2 
 .text.__fixunsdfdi
                0x080137f4       0x3c /usr/lib/gcc/arm-none-eabi/14.2.0/thumb/v7e-m+fp/hard/libgcc.a(_fixunsdfdi.o)
                0x080137f4                __aeabi_d2ulz
                0x080137f4                __fixunsdfdi
 .text.__udivmoddi4
                0x08013830      0x2bc /usr/lib/gcc/arm-none-eabi/14.2.0/thumb/v7e-m+fp/hard/libgcc.a(_udivmoddi4.o)
                0x08013830                __udivmoddi4
 .text.logf     0x08013aec       0x60 /usr/lib/gcc/arm-none-eabi/14.2.0/../../../../arm-none-eabi/lib/thumb/v7e-m+fp/hard/libm.a(libm_a-wf_log.o)
                0x08013aec                logf
 .text.sqrtf    0x08013b4c       0x44 /usr/lib/gcc/arm-none-eabi/14.2.0/../../../../arm-none-eabi/lib/thumb/v7e-m+fp/hard/libm.a(libm_a-wf_sqrt.o)
                0x08013b4c                sqrtf
 .text.cosf     0x08013b90       0x70 /usr/lib/gcc/arm-none-eabi/14.2.0/../../../../arm-none-eabi/lib/thumb/v7e-m+fp/hard/libm.a(libm_a-sf_cos.o)
                0x08013b90                cosf
 .text.sinf     0x08013c00       0x74 /usr/lib/gcc/arm-none-eabi/14.2.0/../../../../arm-none-eabi/lib/thumb/v7e-m+fp/hard/libm.a(libm_a-sf_sin.o)
                0x08013c00                sinf
 .text.__ieee754_sqrtf
                0x08013c74        0x8 /usr/lib/gcc/arm-none-eabi/14.2.0/../../../../arm-none-eabi/lib/thumb/v7e-m+fp/hard/libm.a(libm_a-ef_sqrt.o)
                0x08013c74                __ieee754_sqrtf
 .text.__kernel_cosf
                0x08013c7c      0x104 /usr/lib/gcc/arm-none-eabi/14.2.0/../../../../arm-none-eabi/lib/thumb/v7e-m+fp/hard/libm.a(libm_a-kf_cos.o)
                0x08013c7c                __kernel_cosf
 .text.__kernel_sinf
                0x08013d80       0x90 /usr/lib/gcc/arm-none-eabi/14.2.0/../../../../arm-none-eabi/lib/thumb/v7e-m+fp/hard/libm.a(libm_a-kf_sin.o)
                0x08013d80                __kernel_sinf
 .text.__ieee754_logf
                0x08013e10      0x1f4 /usr/lib/gcc/arm-none-eabi/14.2.0/../../../../arm-none-eabi/lib/thumb/v7e-m+fp/hard/libm.a(libm_a-ef_log.o)
                0x08013e10                __ieee754_logf
 .text.__ieee754_rem_pio2f
                0x08014004      0x26c /usr/lib/gcc/arm-none-eabi/14.2.0/../../../../arm-none-eabi/lib/thumb/v7e-m+fp/hard/libm.a(libm_a-ef_rem_pio2.o)
                0x08014004                __ieee754_rem_pio2f
 .text.fabsf    0x08014270       0x10 /usr/lib/gcc/arm-none-eabi/14.2.0/../../../../arm-none-eabi/lib/thumb/v7e-m+fp/hard/libm.a(libm_a-sf_fabs.o)
                0x08014270                fabsf
 .text.__kernel_rem_pio2f
                0x08014280      0x68c /usr/lib/gcc/arm-none-eabi/14.2.0/../../../../arm-none-eabi/lib/thumb/v7e-m+fp/hard/libm.a(libm_a-kf_rem_pio2.o)
                0x08014280                __kernel_rem_pio2f
 .text.scalbnf  0x0801490c       0xdc /usr/lib/gcc/arm-none-eabi/14.2.0/../../../../arm-none-eabi/lib/thumb/v7e-m+fp/hard/libm.a(libm_a-sf_scalbn.o)
                0x0801490c                scalbnf
 .text.floorf   0x080149e8       0x94 /usr/lib/gcc/arm-none-eabi/14.2.0/../../../../arm-none-eabi/lib/thumb/v7e-m+fp/hard/libm.a(libm_a-sf_floor.o)
                0x080149e8                floorf
 *(.glue_7)
 .glue_7        0x08014a7c        0x0 linker stubs
 *(.glue_7t)
 .glue_7t       0x08014a7c        0x0 linker stubs
 *(.eh_frame)
 .eh_frame      0x08014a7c        0x0 /usr/lib/gcc/arm-none-eabi/14.2.0/thumb/v7e-m+fp/hard/crtbegin.o
 *(.init)
 .init          0x08014a7c        0x4 /usr/lib/gcc/arm-none-eabi/14.2.0/thumb/v7e-m+fp/hard/crti.o
                0x08014a7c                _init
 .init          0x08014a80        0x8 /usr/lib/gcc/arm-none-eabi/14.2.0/thumb/v7e-m+fp/hard/crtn.o
 *(.fini)
 .fini          0x08014a88        0x4 /usr/lib/gcc/arm-none-eabi/14.2.0/thumb/v7e-m+fp/hard/crti.o
                0x08014a88                _fini
 .fini          0x08014a8c        0x8 /usr/lib/gcc/arm-none-eabi/14.2.0/thumb/v7e-m+fp/hard/crtn.o
                0x08014a94                        . = ALIGN (0x4)
                0x08014a94                        _etext = .

.vfp11_veneer   0x08014a94        0x0
 .vfp11_veneer  0x08014a94        0x0 linker stubs

.v4_bx          0x08014a94        0x0
 .v4_bx         0x08014a94        0x0 linker stubs

.iplt           0x08014a94        0x0
 .iplt          0x08014a94        0x0 /usr/lib/gcc/arm-none-eabi/14.2.0/thumb/v7e-m+fp/hard/crtbegin.o

.rodata         0x08014a98      0xac4
                0x08014a98                        . = ALIGN (0x4)
 *(.rodata)
 *(.rodata*)
 .rodata.parse_command.str1.4
                0x08014a98      0x2ea CMakeFiles/32Inverter.elf.dir/Core/Src/cli.c.obj
                                 0xed (size before relaxing)
 .rodata.main.str1.4
                0x08014d82       0x51 CMakeFiles/32Inverter.elf.dir/Core/Src/main.c.obj
 *fill*         0x08014d82        0x2 
 .rodata.AHBPrescTable
                0x08014d84       0x10 CMakeFiles/32Inverter.elf.dir/Core/Src/system_stm32f3xx.c.obj
                0x08014d84                AHBPrescTable
 .rodata.aPredivFactorTable
                0x08014d94       0x10 CMakeFiles/32Inverter.elf.dir/Drivers/STM32F3xx_HAL_Driver/Src/stm32f3xx_hal_rcc.c.obj
 .rodata.aPLLMULFactorTable
                0x08014da4       0x10 CMakeFiles/32Inverter.elf.dir/Drivers/STM32F3xx_HAL_Driver/Src/stm32f3xx_hal_rcc.c.obj
 .rodata._puts_r.str1.4
                0x08014db4        0x2 /usr/lib/gcc/arm-none-eabi/14.2.0/../../../../arm-none-eabi/lib/thumb/v7e-m+fp/hard/libg.a(libc_a-puts.o)
 .rodata.__ssvfscanf_r.str1.4
                0x08014db4        0x9 /usr/lib/gcc/arm-none-eabi/14.2.0/../../../../arm-none-eabi/lib/thumb/v7e-m+fp/hard/libg.a(libc_a-svfscanf.o)
 .rodata.basefix.0
                0x08014db4       0x22 /usr/lib/gcc/arm-none-eabi/14.2.0/../../../../arm-none-eabi/lib/thumb/v7e-m+fp/hard/libg.a(libc_a-svfscanf.o)
 .rodata._vfprintf_r.str1.4
                0x08014dd6       0x42 /usr/lib/gcc/arm-none-eabi/14.2.0/../../../../arm-none-eabi/lib/thumb/v7e-m+fp/hard/libg.a(libc_a-vfprintf.o)
 *fill*         0x08014dd6        0x2 
 .rodata.zeroes.0
                0x08014dd8       0x10 /usr/lib/gcc/arm-none-eabi/14.2.0/../../../../arm-none-eabi/lib/thumb/v7e-m+fp/hard/libg.a(libc_a-vfprintf.o)
 .rodata.blanks.1
                0x08014de8       0x10 /usr/lib/gcc/arm-none-eabi/14.2.0/../../../../arm-none-eabi/lib/thumb/v7e-m+fp/hard/libg.a(libc_a-vfprintf.o)
 .rodata._setlocale_r.str1.4
                0x08014df8        0xd /usr/lib/gcc/arm-none-eabi/14.2.0/../../../../arm-none-eabi/lib/thumb/v7e-m+fp/hard/libg.a(libc_a-locale.o)
 .rodata.str1.4
                0x08014df8        0x2 /usr/lib/gcc/arm-none-eabi/14.2.0/../../../../arm-none-eabi/lib/thumb/v7e-m+fp/hard/libg.a(libc_a-locale.o)
 .rodata._dtoa_r.str1.4
                0x08014df8       0x6a /usr/lib/gcc/arm-none-eabi/14.2.0/../../../../arm-none-eabi/lib/thumb/v7e-m+fp/hard/libg.a(libc_a-dtoa.o)
 .rodata.__multadd.str1.4
                0x08014df8       0x57 /usr/lib/gcc/arm-none-eabi/14.2.0/../../../../arm-none-eabi/lib/thumb/v7e-m+fp/hard/libg.a(libc_a-mprec.o)
 .rodata.p05.0  0x08014df8        0xc /usr/lib/gcc/arm-none-eabi/14.2.0/../../../../arm-none-eabi/lib/thumb/v7e-m+fp/hard/libg.a(libc_a-mprec.o)
 *fill*         0x08014e04        0x4 
 .rodata.__mprec_bigtens
                0x08014e08       0x28 /usr/lib/gcc/arm-none-eabi/14.2.0/../../../../arm-none-eabi/lib/thumb/v7e-m+fp/hard/libg.a(libc_a-mprec.o)
                0x08014e08                __mprec_bigtens
 .rodata.__mprec_tens
                0x08014e30       0xc8 /usr/lib/gcc/arm-none-eabi/14.2.0/../../../../arm-none-eabi/lib/thumb/v7e-m+fp/hard/libg.a(libc_a-mprec.o)
                0x08014e30                __mprec_tens
 .rodata._strtod_l.str1.4
                0x08014ef8       0x15 /usr/lib/gcc/arm-none-eabi/14.2.0/../../../../arm-none-eabi/lib/thumb/v7e-m+fp/hard/libg.a(libc_a-strtod.o)
 .rodata.fpinan.0
                0x08014ef8       0x14 /usr/lib/gcc/arm-none-eabi/14.2.0/../../../../arm-none-eabi/lib/thumb/v7e-m+fp/hard/libg.a(libc_a-strtod.o)
 .rodata.fpi.1  0x08014f0c       0x14 /usr/lib/gcc/arm-none-eabi/14.2.0/../../../../arm-none-eabi/lib/thumb/v7e-m+fp/hard/libg.a(libc_a-strtod.o)
 .rodata.tinytens
                0x08014f20       0x28 /usr/lib/gcc/arm-none-eabi/14.2.0/../../../../arm-none-eabi/lib/thumb/v7e-m+fp/hard/libg.a(libc_a-strtod.o)
 .rodata._mbrtowc_r.str1.4
                0x08014f48        0x1 /usr/lib/gcc/arm-none-eabi/14.2.0/../../../../arm-none-eabi/lib/thumb/v7e-m+fp/hard/libg.a(libc_a-mbrtowc.o)
 .rodata._ctype_
                0x08014f48      0x101 /usr/lib/gcc/arm-none-eabi/14.2.0/../../../../arm-none-eabi/lib/thumb/v7e-m+fp/hard/libg.a(libc_a-ctype_.o)
                0x08014f48                _ctype_
 .rodata._svfprintf_r.str1.4
                0x08015049       0x42 /usr/lib/gcc/arm-none-eabi/14.2.0/../../../../arm-none-eabi/lib/thumb/v7e-m+fp/hard/libg.a(libc_a-svfprintf.o)
 *fill*         0x08015049        0x3 
 .rodata.zeroes.0
                0x0801504c       0x10 /usr/lib/gcc/arm-none-eabi/14.2.0/../../../../arm-none-eabi/lib/thumb/v7e-m+fp/hard/libg.a(libc_a-svfprintf.o)
 .rodata.blanks.1
                0x0801505c       0x10 /usr/lib/gcc/arm-none-eabi/14.2.0/../../../../arm-none-eabi/lib/thumb/v7e-m+fp/hard/libg.a(libc_a-svfprintf.o)
 .rodata.__assert_func.str1.4
                0x0801506c       0x43 /usr/lib/gcc/arm-none-eabi/14.2.0/../../../../arm-none-eabi/lib/thumb/v7e-m+fp/hard/libg.a(libc_a-assert.o)
 .rodata.__gethex.str1.4
                0x0801506c       0x62 /usr/lib/gcc/arm-none-eabi/14.2.0/../../../../arm-none-eabi/lib/thumb/v7e-m+fp/hard/libg.a(libc_a-gdtoa-gethex.o)
 .rodata.__hexdig
                0x0801506c      0x100 /usr/lib/gcc/arm-none-eabi/14.2.0/../../../../arm-none-eabi/lib/thumb/v7e-m+fp/hard/libg.a(libc_a-gdtoa-gethex.o)
                0x0801506c                __hexdig
 .rodata._vfiprintf_r.str1.4
                0x0801516c       0x2f /usr/lib/gcc/arm-none-eabi/14.2.0/../../../../arm-none-eabi/lib/thumb/v7e-m+fp/hard/libg.a(libc_a-vfiprintf.o)
 .rodata.zeroes.0
                0x0801516c       0x10 /usr/lib/gcc/arm-none-eabi/14.2.0/../../../../arm-none-eabi/lib/thumb/v7e-m+fp/hard/libg.a(libc_a-vfiprintf.o)
 .rodata.blanks.1
                0x0801517c       0x10 /usr/lib/gcc/arm-none-eabi/14.2.0/../../../../arm-none-eabi/lib/thumb/v7e-m+fp/hard/libg.a(libc_a-vfiprintf.o)
 .rodata.logf.str1.4
                0x0801518c        0x1 /usr/lib/gcc/arm-none-eabi/14.2.0/../../../../arm-none-eabi/lib/thumb/v7e-m+fp/hard/libm.a(libm_a-wf_log.o)
 .rodata.npio2_hw
                0x0801518c       0x80 /usr/lib/gcc/arm-none-eabi/14.2.0/../../../../arm-none-eabi/lib/thumb/v7e-m+fp/hard/libm.a(libm_a-ef_rem_pio2.o)
 .rodata.two_over_pi
                0x0801520c      0x318 /usr/lib/gcc/arm-none-eabi/14.2.0/../../../../arm-none-eabi/lib/thumb/v7e-m+fp/hard/libm.a(libm_a-ef_rem_pio2.o)
 .rodata.PIo2   0x08015524       0x2c /usr/lib/gcc/arm-none-eabi/14.2.0/../../../../arm-none-eabi/lib/thumb/v7e-m+fp/hard/libm.a(libm_a-kf_rem_pio2.o)
 .rodata.init_jk
                0x08015550        0xc /usr/lib/gcc/arm-none-eabi/14.2.0/../../../../arm-none-eabi/lib/thumb/v7e-m+fp/hard/libm.a(libm_a-kf_rem_pio2.o)
                0x0801555c                        . = ALIGN (0x4)

.ARM.extab      0x0801555c        0x0
                0x0801555c                        . = ALIGN (0x4)
 *(.ARM.extab* .gnu.linkonce.armextab.*)
                0x0801555c                        . = ALIGN (0x4)

.ARM            0x0801555c        0x8
                0x0801555c                        . = ALIGN (0x4)
                0x0801555c                        __exidx_start = .
 *(.ARM.exidx*)
 .ARM.exidx     0x0801555c        0x8 /usr/lib/gcc/arm-none-eabi/14.2.0/../../../../arm-none-eabi/lib/thumb/v7e-m+fp/hard/libg.a(libc_a-strcmp.o)
 .ARM.exidx     0x08015564        0x0 /usr/lib/gcc/arm-none-eabi/14.2.0/../../../../arm-none-eabi/lib/thumb/v7e-m+fp/hard/libg.a(libc_a-strlen.o)
                                  0x8 (size before relaxing)
 .ARM.exidx     0x08015564        0x0 /usr/lib/gcc/arm-none-eabi/14.2.0/../../../../arm-none-eabi/lib/thumb/v7e-m+fp/hard/libg.a(libc_a-memchr.o)
                                  0x8 (size before relaxing)
 .ARM.exidx     0x08015564        0x0 /usr/lib/gcc/arm-none-eabi/14.2.0/../../../../arm-none-eabi/lib/thumb/v7e-m+fp/hard/libg.a(libc_a-memcpy.o)
                                  0x8 (size before relaxing)
 .ARM.exidx.text.__udivmoddi4
                0x08015564        0x0 /usr/lib/gcc/arm-none-eabi/14.2.0/thumb/v7e-m+fp/hard/libgcc.a(_udivmoddi4.o)
                                  0x8 (size before relaxing)
                0x08015564                        __exidx_end = .
                0x08015564                        . = ALIGN (0x4)

.rel.dyn        0x08015564        0x0
 .rel.iplt      0x08015564        0x0 /usr/lib/gcc/arm-none-eabi/14.2.0/thumb/v7e-m+fp/hard/crtbegin.o

.preinit_array  0x08015564        0x0
                0x08015564                        . = ALIGN (0x4)
                0x08015564                        PROVIDE (__preinit_array_start = .)
 *(.preinit_array*)
                0x08015564                        PROVIDE (__preinit_array_end = .)
                0x08015564                        . = ALIGN (0x4)

.init_array     0x08015564        0x8
                0x08015564                        . = ALIGN (0x4)
                0x08015564                        PROVIDE (__init_array_start = .)
 *(SORT_BY_NAME(.init_array.*))
 .init_array.00000
                0x08015564        0x4 /usr/lib/gcc/arm-none-eabi/14.2.0/../../../../arm-none-eabi/lib/thumb/v7e-m+fp/hard/libg.a(libc_a-__call_atexit.o)
 *(.init_array*)
 .init_array    0x08015568        0x4 /usr/lib/gcc/arm-none-eabi/14.2.0/thumb/v7e-m+fp/hard/crtbegin.o
                0x0801556c                        PROVIDE (__init_array_end = .)
                0x0801556c                        . = ALIGN (0x4)

.fini_array     0x0801556c        0x4
                0x0801556c                        . = ALIGN (0x4)
                0x0801556c                        PROVIDE (__fini_array_start = .)
 *(SORT_BY_NAME(.fini_array.*))
 *(.fini_array*)
 .fini_array    0x0801556c        0x4 /usr/lib/gcc/arm-none-eabi/14.2.0/thumb/v7e-m+fp/hard/crtbegin.o
                0x08015570                        PROVIDE (__fini_array_end = .)
                0x08015570                        . = ALIGN (0x4)
                0x08015570                        _sidata = LOADADDR (.data)

.data           0x20000000      0x6cc load address 0x08015570
                0x20000000                        . = ALIGN (0x4)
                0x20000000                        _sdata = .
 *(.data)
 *(.data*)
 .data.rotor_flux_linkage.3
                0x20000000        0x4 CMakeFiles/32Inverter.elf.dir/Core/Src/inverter.c.obj
 .data.setpoint_alpha.4
                0x20000004        0x4 CMakeFiles/32Inverter.elf.dir/Core/Src/inverter.c.obj
 .data.resolver_offset.11
                0x20000008        0x4 CMakeFiles/32Inverter.elf.dir/Core/Src/inverter.c.obj
 .data.SystemCoreClock
                0x2000000c        0x4 CMakeFiles/32Inverter.elf.dir/Core/Src/system_stm32f3xx.c.obj
                0x2000000c                SystemCoreClock
 .data.uwTickFreq
                0x20000010        0x1 CMakeFiles/32Inverter.elf.dir/Drivers/STM32F3xx_HAL_Driver/Src/stm32f3xx_hal.c.obj
                0x20000010                uwTickFreq
 *fill*         0x20000011        0x3 
 .data.uwTickPrio
                0x20000014        0x4 CMakeFiles/32Inverter.elf.dir/Drivers/STM32F3xx_HAL_Driver/Src/stm32f3xx_hal.c.obj
                0x20000014                uwTickPrio
 .data.__sglue  0x20000018        0xc /usr/lib/gcc/arm-none-eabi/14.2.0/../../../../arm-none-eabi/lib/thumb/v7e-m+fp/hard/libg.a(libc_a-findfp.o)
                0x20000018                __sglue
 .data._impure_ptr
                0x20000024        0x4 /usr/lib/gcc/arm-none-eabi/14.2.0/../../../../arm-none-eabi/lib/thumb/v7e-m+fp/hard/libg.a(libc_a-impure.o)
                0x20000024                _impure_ptr
 .data._impure_data
                0x20000028      0x120 /usr/lib/gcc/arm-none-eabi/14.2.0/../../../../arm-none-eabi/lib/thumb/v7e-m+fp/hard/libg.a(libc_a-impure.o)
                0x20000028                _impure_data
 .data.__atexit_recursive_mutex
                0x20000148        0x4 /usr/lib/gcc/arm-none-eabi/14.2.0/../../../../arm-none-eabi/lib/thumb/v7e-m+fp/hard/libg.a(libc_a-__call_atexit.o)
                0x20000148                __atexit_recursive_mutex
 .data.__malloc_sbrk_base
                0x2000014c        0x4 /usr/lib/gcc/arm-none-eabi/14.2.0/../../../../arm-none-eabi/lib/thumb/v7e-m+fp/hard/libg.a(libc_a-mallocr.o)
                0x2000014c                __malloc_sbrk_base
 .data.__malloc_trim_threshold
                0x20000150        0x4 /usr/lib/gcc/arm-none-eabi/14.2.0/../../../../arm-none-eabi/lib/thumb/v7e-m+fp/hard/libg.a(libc_a-mallocr.o)
                0x20000150                __malloc_trim_threshold
 *fill*         0x20000154        0x4 
 .data.__malloc_av_
                0x20000158      0x408 /usr/lib/gcc/arm-none-eabi/14.2.0/../../../../arm-none-eabi/lib/thumb/v7e-m+fp/hard/libg.a(libc_a-mallocr.o)
                0x20000158                __malloc_av_
 .data.__global_locale
                0x20000560      0x16c /usr/lib/gcc/arm-none-eabi/14.2.0/../../../../arm-none-eabi/lib/thumb/v7e-m+fp/hard/libg.a(libc_a-locale.o)
                0x20000560                __global_locale
 *(.RamFunc)
 *(.RamFunc*)
                0x200006cc                        . = ALIGN (0x4)
                0x200006cc                        _edata = .
                0x08015c3c                        _siccmram = LOADADDR (.ccmram)

.igot.plt       0x200006cc        0x0 load address 0x08015c3c
 .igot.plt      0x200006cc        0x0 /usr/lib/gcc/arm-none-eabi/14.2.0/thumb/v7e-m+fp/hard/crtbegin.o

.ccmram         0x10000000        0x0 load address 0x08015c3c
                0x10000000                        . = ALIGN (0x4)
                0x10000000                        _sccmram = .
 *(.ccmram)
 *(.ccmram*)
                0x10000000                        . = ALIGN (0x4)
                0x10000000                        _eccmram = .
                0x10000000                        . = ALIGN (0x4)

.bss            0x200006cc      0x81c
                0x200006cc                        _sbss = .
                0x200006cc                        __bss_start__ = _sbss
 *(.bss)
 *(.bss*)
 .bss.completed.1
                0x200006cc        0x1 /usr/lib/gcc/arm-none-eabi/14.2.0/thumb/v7e-m+fp/hard/crtbegin.o
 *fill*         0x200006cd        0x3 
 .bss.object.0  0x200006d0       0x18 /usr/lib/gcc/arm-none-eabi/14.2.0/thumb/v7e-m+fp/hard/crtbegin.o
 .bss.data.0    0x200006e8        0xa CMakeFiles/32Inverter.elf.dir/Core/Src/adc.c.obj
 *fill*         0x200006f2        0x2 
 .bss.me        0x200006f4       0x4c CMakeFiles/32Inverter.elf.dir/Core/Src/cli.c.obj
 .bss.sum.0     0x20000740        0x8 CMakeFiles/32Inverter.elf.dir/Core/Src/inverter.c.obj
 .bss.max_time.1
                0x20000748        0x4 CMakeFiles/32Inverter.elf.dir/Core/Src/inverter.c.obj
 .bss.current_time.2
                0x2000074c        0x4 CMakeFiles/32Inverter.elf.dir/Core/Src/inverter.c.obj
 .bss.current_abc.5
                0x20000750        0xc CMakeFiles/32Inverter.elf.dir/Core/Src/inverter.c.obj
 .bss.i.6       0x2000075c        0x4 CMakeFiles/32Inverter.elf.dir/Core/Src/inverter.c.obj
 .bss.speed_rad_s.7
                0x20000760        0x4 CMakeFiles/32Inverter.elf.dir/Core/Src/inverter.c.obj
 .bss.saved_cyccnt.8
                0x20000764        0x4 CMakeFiles/32Inverter.elf.dir/Core/Src/inverter.c.obj
 .bss.total_fi.9
                0x20000768        0x4 CMakeFiles/32Inverter.elf.dir/Core/Src/inverter.c.obj
 .bss.saved_fi.10
                0x2000076c        0x4 CMakeFiles/32Inverter.elf.dir/Core/Src/inverter.c.obj
 .bss.cycle_syf_current.0
                0x20000770        0x4 CMakeFiles/32Inverter.elf.dir/Core/Src/main.c.obj
 .bss.cycle_current.1
                0x20000774        0x4 CMakeFiles/32Inverter.elf.dir/Core/Src/main.c.obj
 .bss.cycle_period.2
                0x20000778        0x4 CMakeFiles/32Inverter.elf.dir/Core/Src/main.c.obj
 .bss.huart3    0x2000077c       0x88 CMakeFiles/32Inverter.elf.dir/Core/Src/main.c.obj
                0x2000077c                huart3
 .bss.htim1     0x20000804       0x4c CMakeFiles/32Inverter.elf.dir/Core/Src/main.c.obj
                0x20000804                htim1
 .bss.hspi1     0x20000850       0x64 CMakeFiles/32Inverter.elf.dir/Core/Src/main.c.obj
                0x20000850                hspi1
 .bss.hcan      0x200008b4       0x28 CMakeFiles/32Inverter.elf.dir/Core/Src/main.c.obj
                0x200008b4                hcan
 .bss.hdma_adc4
                0x200008dc       0x44 CMakeFiles/32Inverter.elf.dir/Core/Src/main.c.obj
                0x200008dc                hdma_adc4
 .bss.hdma_adc1
                0x20000920       0x44 CMakeFiles/32Inverter.elf.dir/Core/Src/main.c.obj
                0x20000920                hdma_adc1
 .bss.hadc4     0x20000964       0x50 CMakeFiles/32Inverter.elf.dir/Core/Src/main.c.obj
                0x20000964                hadc4
 .bss.hadc3     0x200009b4       0x50 CMakeFiles/32Inverter.elf.dir/Core/Src/main.c.obj
                0x200009b4                hadc3
 .bss.hadc2     0x20000a04       0x50 CMakeFiles/32Inverter.elf.dir/Core/Src/main.c.obj
                0x20000a04                hadc2
 .bss.hadc1     0x20000a54       0x50 CMakeFiles/32Inverter.elf.dir/Core/Src/main.c.obj
                0x20000a54                hadc1
 .bss.adcs      0x20000aa4       0x20 CMakeFiles/32Inverter.elf.dir/Core/Src/main.c.obj
                0x20000aa4                adcs
 .bss.inv       0x20000ac4      0x100 CMakeFiles/32Inverter.elf.dir/Core/Src/main.c.obj
                0x20000ac4                inv
 .bss.HAL_RCC_ADC34_CLK_ENABLED
                0x20000bc4        0x4 CMakeFiles/32Inverter.elf.dir/Core/Src/stm32f3xx_hal_msp.c.obj
 .bss.HAL_RCC_ADC12_CLK_ENABLED
                0x20000bc8        0x4 CMakeFiles/32Inverter.elf.dir/Core/Src/stm32f3xx_hal_msp.c.obj
 .bss.__sbrk_heap_end
                0x20000bcc        0x4 CMakeFiles/32Inverter.elf.dir/Core/Src/sysmem.c.obj
 .bss.uwTick    0x20000bd0        0x4 CMakeFiles/32Inverter.elf.dir/Drivers/STM32F3xx_HAL_Driver/Src/stm32f3xx_hal.c.obj
                0x20000bd0                uwTick
 .bss.__sf      0x20000bd4      0x138 /usr/lib/gcc/arm-none-eabi/14.2.0/../../../../arm-none-eabi/lib/thumb/v7e-m+fp/hard/libg.a(libc_a-findfp.o)
                0x20000bd4                __sf
 .bss.__stdio_exit_handler
                0x20000d0c        0x4 /usr/lib/gcc/arm-none-eabi/14.2.0/../../../../arm-none-eabi/lib/thumb/v7e-m+fp/hard/libg.a(libc_a-findfp.o)
                0x20000d0c                __stdio_exit_handler
 .bss.errno     0x20000d10        0x4 /usr/lib/gcc/arm-none-eabi/14.2.0/../../../../arm-none-eabi/lib/thumb/v7e-m+fp/hard/libg.a(libc_a-reent.o)
                0x20000d10                errno
 .bss.__lock___malloc_recursive_mutex
                0x20000d14        0x1 /usr/lib/gcc/arm-none-eabi/14.2.0/../../../../arm-none-eabi/lib/thumb/v7e-m+fp/hard/libg.a(libc_a-lock.o)
                0x20000d14                __lock___malloc_recursive_mutex
 *fill*         0x20000d15        0x3 
 .bss.__lock___atexit_recursive_mutex
                0x20000d18        0x1 /usr/lib/gcc/arm-none-eabi/14.2.0/../../../../arm-none-eabi/lib/thumb/v7e-m+fp/hard/libg.a(libc_a-lock.o)
                0x20000d18                __lock___atexit_recursive_mutex
 *fill*         0x20000d19        0x3 
 .bss.__lock___sfp_recursive_mutex
                0x20000d1c        0x1 /usr/lib/gcc/arm-none-eabi/14.2.0/../../../../arm-none-eabi/lib/thumb/v7e-m+fp/hard/libg.a(libc_a-lock.o)
                0x20000d1c                __lock___sfp_recursive_mutex
 *fill*         0x20000d1d        0x3 
 .bss.__atexit0
                0x20000d20      0x190 /usr/lib/gcc/arm-none-eabi/14.2.0/../../../../arm-none-eabi/lib/thumb/v7e-m+fp/hard/libg.a(libc_a-__atexit.o)
                0x20000d20                __atexit0
 .bss.__atexit  0x20000eb0        0x4 /usr/lib/gcc/arm-none-eabi/14.2.0/../../../../arm-none-eabi/lib/thumb/v7e-m+fp/hard/libg.a(libc_a-__call_atexit.o)
                0x20000eb0                __atexit
 .bss.__malloc_current_mallinfo
                0x20000eb4       0x28 /usr/lib/gcc/arm-none-eabi/14.2.0/../../../../arm-none-eabi/lib/thumb/v7e-m+fp/hard/libg.a(libc_a-mallocr.o)
                0x20000eb4                __malloc_current_mallinfo
 .bss.__malloc_max_total_mem
                0x20000edc        0x4 /usr/lib/gcc/arm-none-eabi/14.2.0/../../../../arm-none-eabi/lib/thumb/v7e-m+fp/hard/libg.a(libc_a-mallocr.o)
                0x20000edc                __malloc_max_total_mem
 .bss.__malloc_max_sbrked_mem
                0x20000ee0        0x4 /usr/lib/gcc/arm-none-eabi/14.2.0/../../../../arm-none-eabi/lib/thumb/v7e-m+fp/hard/libg.a(libc_a-mallocr.o)
                0x20000ee0                __malloc_max_sbrked_mem
 .bss.__malloc_top_pad
                0x20000ee4        0x4 /usr/lib/gcc/arm-none-eabi/14.2.0/../../../../arm-none-eabi/lib/thumb/v7e-m+fp/hard/libg.a(libc_a-mallocr.o)
                0x20000ee4                __malloc_top_pad
 *(COMMON)
                0x20000ee8                        . = ALIGN (0x4)
                0x20000ee8                        _ebss = .
                0x20000ee8                        __bss_end__ = _ebss

._user_heap_stack
                0x20000ee8      0x600
                0x20000ee8                        . = ALIGN (0x8)
                [!provide]                        PROVIDE (end = .)
                0x20000ee8                        PROVIDE (_end = .)
                0x200010e8                        . = (. + _Min_Heap_Size)
 *fill*         0x20000ee8      0x200 
                0x200014e8                        . = (. + _Min_Stack_Size)
 *fill*         0x200010e8      0x400 
                0x200014e8                        . = ALIGN (0x8)

/DISCARD/
 libc.a(*)
 libm.a(*)
 libgcc.a(*)

.ARM.attributes
                0x00000000       0x30
 *(.ARM.attributes)
 .ARM.attributes
                0x00000000       0x22 /usr/lib/gcc/arm-none-eabi/14.2.0/thumb/v7e-m+fp/hard/crti.o
 .ARM.attributes
                0x00000022       0x34 /usr/lib/gcc/arm-none-eabi/14.2.0/thumb/v7e-m+fp/hard/crtbegin.o
 .ARM.attributes
                0x00000056       0x34 CMakeFiles/32Inverter.elf.dir/Core/Src/PID.c.obj
 .ARM.attributes
                0x0000008a       0x34 CMakeFiles/32Inverter.elf.dir/Core/Src/adc.c.obj
 .ARM.attributes
                0x000000be       0x34 CMakeFiles/32Inverter.elf.dir/Core/Src/cli.c.obj
 .ARM.attributes
                0x000000f2       0x34 CMakeFiles/32Inverter.elf.dir/Core/Src/iir_filter.c.obj
 .ARM.attributes
                0x00000126       0x34 CMakeFiles/32Inverter.elf.dir/Core/Src/inverter.c.obj
 .ARM.attributes
                0x0000015a       0x34 CMakeFiles/32Inverter.elf.dir/Core/Src/main.c.obj
 .ARM.attributes
                0x0000018e       0x34 CMakeFiles/32Inverter.elf.dir/Core/Src/stm32f3xx_hal_msp.c.obj
 .ARM.attributes
                0x000001c2       0x34 CMakeFiles/32Inverter.elf.dir/Core/Src/stm32f3xx_it.c.obj
 .ARM.attributes
                0x000001f6       0x34 CMakeFiles/32Inverter.elf.dir/Core/Src/syscalls.c.obj
 .ARM.attributes
                0x0000022a       0x34 CMakeFiles/32Inverter.elf.dir/Core/Src/sysmem.c.obj
 .ARM.attributes
                0x0000025e       0x34 CMakeFiles/32Inverter.elf.dir/Core/Src/system_stm32f3xx.c.obj
 .ARM.attributes